Archive member included to satisfy reference by file (symbol)

/Users/pschatzmann/Documents/Projects/cpp/pico-arduino/lib/libarduino.a(Print.cpp.obj)
                              CMakeFiles/multi_processor.dir/multi_processor.cpp.obj (arduino::Print::print(char const*))
/Users/pschatzmann/Documents/Projects/cpp/pico-arduino/lib/libarduino.a(Arduino.cpp.obj)
                              CMakeFiles/multi_processor.dir/multi_processor.cpp.obj (delay)
/Users/pschatzmann/Documents/Projects/cpp/pico-arduino/lib/libarduino.a(main.cpp.obj)
                              /usr/local/Cellar/arm-none-eabi-gcc/9-2019-q4-major/gcc/bin/../lib/gcc/arm-none-eabi/9.2.1/../../../../arm-none-eabi/lib/thumb/v6-m/nofp/crt0.o (main)
/usr/local/Cellar/arm-none-eabi-gcc/9-2019-q4-major/gcc/bin/../lib/gcc/arm-none-eabi/9.2.1/../../../../arm-none-eabi/lib/thumb/v6-m/nofp/libstdc++.a(pure.o)
                              /Users/pschatzmann/Documents/Projects/cpp/pico-arduino/lib/libarduino.a(Print.cpp.obj) (__cxa_pure_virtual)
/usr/local/Cellar/arm-none-eabi-gcc/9-2019-q4-major/gcc/bin/../lib/gcc/arm-none-eabi/9.2.1/../../../../arm-none-eabi/lib/thumb/v6-m/nofp/libstdc++.a(eh_terminate.o)
                              /usr/local/Cellar/arm-none-eabi-gcc/9-2019-q4-major/gcc/bin/../lib/gcc/arm-none-eabi/9.2.1/../../../../arm-none-eabi/lib/thumb/v6-m/nofp/libstdc++.a(pure.o) (std::terminate())
/usr/local/Cellar/arm-none-eabi-gcc/9-2019-q4-major/gcc/bin/../lib/gcc/arm-none-eabi/9.2.1/../../../../arm-none-eabi/lib/thumb/v6-m/nofp/libstdc++.a(eh_unex_handler.o)
                              /usr/local/Cellar/arm-none-eabi-gcc/9-2019-q4-major/gcc/bin/../lib/gcc/arm-none-eabi/9.2.1/../../../../arm-none-eabi/lib/thumb/v6-m/nofp/libstdc++.a(eh_terminate.o) (__cxxabiv1::__unexpected_handler)
/usr/local/Cellar/arm-none-eabi-gcc/9-2019-q4-major/gcc/bin/../lib/gcc/arm-none-eabi/9.2.1/../../../../arm-none-eabi/lib/thumb/v6-m/nofp/libstdc++.a(vterminate.o)
                              /usr/local/Cellar/arm-none-eabi-gcc/9-2019-q4-major/gcc/bin/../lib/gcc/arm-none-eabi/9.2.1/../../../../arm-none-eabi/lib/thumb/v6-m/nofp/libstdc++.a(eh_terminate.o) (__gnu_cxx::__verbose_terminate_handler())
/usr/local/Cellar/arm-none-eabi-gcc/9-2019-q4-major/gcc/bin/../lib/gcc/arm-none-eabi/9.2.1/../../../../arm-none-eabi/lib/thumb/v6-m/nofp/libstdc++.a(cp-demangle.o)
                              /usr/local/Cellar/arm-none-eabi-gcc/9-2019-q4-major/gcc/bin/../lib/gcc/arm-none-eabi/9.2.1/../../../../arm-none-eabi/lib/thumb/v6-m/nofp/libstdc++.a(vterminate.o) (__cxa_demangle)
/usr/local/Cellar/arm-none-eabi-gcc/9-2019-q4-major/gcc/bin/../lib/gcc/arm-none-eabi/9.2.1/../../../../arm-none-eabi/lib/thumb/v6-m/nofp/libstdc++.a(eh_arm.o)
                              /usr/local/Cellar/arm-none-eabi-gcc/9-2019-q4-major/gcc/bin/../lib/gcc/arm-none-eabi/9.2.1/../../../../arm-none-eabi/lib/thumb/v6-m/nofp/libstdc++.a(eh_terminate.o) (__cxa_end_cleanup)
/usr/local/Cellar/arm-none-eabi-gcc/9-2019-q4-major/gcc/bin/../lib/gcc/arm-none-eabi/9.2.1/../../../../arm-none-eabi/lib/thumb/v6-m/nofp/libstdc++.a(eh_call.o)
                              /usr/local/Cellar/arm-none-eabi-gcc/9-2019-q4-major/gcc/bin/../lib/gcc/arm-none-eabi/9.2.1/../../../../arm-none-eabi/lib/thumb/v6-m/nofp/libstdc++.a(eh_terminate.o) (__cxa_call_unexpected)
/usr/local/Cellar/arm-none-eabi-gcc/9-2019-q4-major/gcc/bin/../lib/gcc/arm-none-eabi/9.2.1/../../../../arm-none-eabi/lib/thumb/v6-m/nofp/libstdc++.a(eh_catch.o)
                              /usr/local/Cellar/arm-none-eabi-gcc/9-2019-q4-major/gcc/bin/../lib/gcc/arm-none-eabi/9.2.1/../../../../arm-none-eabi/lib/thumb/v6-m/nofp/libstdc++.a(eh_terminate.o) (__cxa_begin_catch)
/usr/local/Cellar/arm-none-eabi-gcc/9-2019-q4-major/gcc/bin/../lib/gcc/arm-none-eabi/9.2.1/../../../../arm-none-eabi/lib/thumb/v6-m/nofp/libstdc++.a(eh_exception.o)
                              /usr/local/Cellar/arm-none-eabi-gcc/9-2019-q4-major/gcc/bin/../lib/gcc/arm-none-eabi/9.2.1/../../../../arm-none-eabi/lib/thumb/v6-m/nofp/libstdc++.a(eh_call.o) (std::bad_exception::~bad_exception())
/usr/local/Cellar/arm-none-eabi-gcc/9-2019-q4-major/gcc/bin/../lib/gcc/arm-none-eabi/9.2.1/../../../../arm-none-eabi/lib/thumb/v6-m/nofp/libstdc++.a(eh_globals.o)
                              /usr/local/Cellar/arm-none-eabi-gcc/9-2019-q4-major/gcc/bin/../lib/gcc/arm-none-eabi/9.2.1/../../../../arm-none-eabi/lib/thumb/v6-m/nofp/libstdc++.a(eh_call.o) (__cxa_get_globals_fast)
/usr/local/Cellar/arm-none-eabi-gcc/9-2019-q4-major/gcc/bin/../lib/gcc/arm-none-eabi/9.2.1/../../../../arm-none-eabi/lib/thumb/v6-m/nofp/libstdc++.a(eh_personality.o)
                              /usr/local/Cellar/arm-none-eabi-gcc/9-2019-q4-major/gcc/bin/../lib/gcc/arm-none-eabi/9.2.1/../../../../arm-none-eabi/lib/thumb/v6-m/nofp/libstdc++.a(eh_terminate.o) (__gxx_personality_v0)
[...]
Memory Configuration

Name             Origin             Length             Attributes
FLASH            0x0000000010000000 0x0000000000200000 xr
RAM              0x0000000020000000 0x0000000000040000 xrw
SCRATCH_X        0x0000000020040000 0x0000000000001000 xrw
SCRATCH_Y        0x0000000020041000 0x0000000000001000 xrw
*default*        0x0000000000000000 0xffffffffffffffff

Linker script and memory map

LOAD /usr/local/Cellar/arm-none-eabi-gcc/9-2019-q4-major/gcc/bin/../lib/gcc/arm-none-eabi/9.2.1/thumb/v6-m/nofp/crti.o
LOAD /usr/local/Cellar/arm-none-eabi-gcc/9-2019-q4-major/gcc/bin/../lib/gcc/arm-none-eabi/9.2.1/thumb/v6-m/nofp/crtbegin.o
LOAD /usr/local/Cellar/arm-none-eabi-gcc/9-2019-q4-major/gcc/bin/../lib/gcc/arm-none-eabi/9.2.1/../../../../arm-none-eabi/lib/thumb/v6-m/nofp/crt0.o

.flash_begin    0x0000000010000000        0x0
                0x0000000010000000                __flash_binary_start = .

.boot2          0x0000000010000000      0x100
                0x0000000010000000                __boot2_start__ = .
 *(.boot2)
 .boot2         0x0000000010000000      0x100 /var/folders/ys/jtm8jgkd2hq31k4jkn5mlh5w0000gn/T//ccV1ec1O.o
                0x0000000010000100                __boot2_end__ = .
                0x0000000000000001                ASSERT (((__boot2_end__ - __boot2_start__) == 0x100), ERROR: Pico second stage bootloader must be 256 bytes in size)

.text           0x0000000010000100     0x8398
                0x0000000010000100                __reset_start = .
 *(.reset)
 .reset         0x0000000010000100       0xc4 CMakeFiles/multi_processor.dir/Users/pschatzmann/Documents/Projects/cpp/pico-sdk/src/rp2_common/pico_standard_link/crt0.S.obj
                0x0000000010000104                _entry_point
                0x0000000010000196                __get_current_exception
 .reset         0x00000000100001c4       0x30 CMakeFiles/multi_processor.dir/Users/pschatzmann/Documents/Projects/cpp/pico-sdk/src/rp2_common/pico_standard_link/binary_info.c.obj
                0x0000000010000200                . = ALIGN (0x100)
 *fill*         0x00000000100001f4        0xc 
                0x0000000010000200                __reset_end = .
                0x0000000000000001                ASSERT (((__reset_end - __reset_start) == 0x100), ERROR: reset section should only be 256 bytes)
 *(.vectors)
 .vectors       0x0000000010000200       0xd4 CMakeFiles/multi_processor.dir/Users/pschatzmann/Documents/Projects/cpp/pico-sdk/src/rp2_common/pico_standard_link/crt0.S.obj
                0x0000000010000200                __vectors
                0x00000000100002c0                isr_invalid
                0x00000000100002c2                isr_nmi
                0x00000000100002c4                isr_hardfault
                0x00000000100002c6                isr_svcall
                0x00000000100002c8                isr_pendsv
                0x00000000100002ca                isr_systick
                0x00000000100002cc                isr_irq23
                0x00000000100002cc                isr_irq18
                0x00000000100002cc                isr_irq28
                0x00000000100002cc                isr_irq19
                0x00000000100002cc                isr_irq0
                0x00000000100002cc                isr_irq6
                0x00000000100002cc                isr_irq22
                0x00000000100002cc                isr_irq17
                0x00000000100002cc                isr_irq14
                0x00000000100002cc                isr_irq2
                0x00000000100002cc                isr_irq10
                0x00000000100002cc                isr_irq8
                0x00000000100002cc                isr_irq24
                0x00000000100002cc                isr_irq1
                0x00000000100002cc                isr_irq7
                0x00000000100002cc                isr_irq21
                0x00000000100002cc                isr_irq20
                0x00000000100002cc                isr_irq15
                0x00000000100002cc                isr_irq25
                0x00000000100002cc                isr_irq4
                0x00000000100002cc                isr_irq16
                0x00000000100002cc                isr_irq29
                0x00000000100002cc                isr_irq26
                0x00000000100002cc                isr_irq3
                0x00000000100002cc                isr_irq9
                0x00000000100002cc                __unhandled_user_irq
                0x00000000100002cc                isr_irq13
                0x00000000100002cc                isr_irq27
                0x00000000100002cc                isr_irq31
                0x00000000100002cc                isr_irq5
                0x00000000100002cc                isr_irq11
                0x00000000100002cc                isr_irq30
                0x00000000100002cc                isr_irq12
                0x00000000100002d2                unhandled_user_irq_num_in_r0
 *(.init)
 .init          0x00000000100002d4        0x4 /usr/local/Cellar/arm-none-eabi-gcc/9-2019-q4-major/gcc/bin/../lib/gcc/arm-none-eabi/9.2.1/thumb/v6-m/nofp/crti.o
                0x00000000100002d4                _init
 *(EXCLUDE_FILE(*libm.a: *libc.a:*lib_a-mem*.o *libgcc.a:) .text*)
 .text          0x00000000100002d8       0x48 /usr/local/Cellar/arm-none-eabi-gcc/9-2019-q4-major/gcc/bin/../lib/gcc/arm-none-eabi/9.2.1/thumb/v6-m/nofp/crtbegin.o
 .text._Z20methodOn2ndProcessorv
                0x0000000010000320       0x18 CMakeFiles/multi_processor.dir/multi_processor.cpp.obj
                0x0000000010000320                methodOn2ndProcessor()
 .text.setup    0x0000000010000338       0x74 CMakeFiles/multi_processor.dir/multi_processor.cpp.obj
                0x0000000010000338                setup
 .text.loop     0x00000000100003ac       0x18 CMakeFiles/multi_processor.dir/multi_processor.cpp.obj
                0x00000000100003ac                loop
 .text.startup._GLOBAL__sub_I_thread
                0x00000000100003c4        0xc CMakeFiles/multi_processor.dir/multi_processor.cpp.obj
 .text.stdio_uart_out_chars
                0x00000000100003d0       0x3c CMakeFiles/multi_processor.dir/Users/pschatzmann/Documents/Projects/cpp/pico-sdk/src/rp2_common/pico_stdio_uart/stdio_uart.c.obj
 .text.stdio_uart_in_chars
                0x000000001000040c       0x38 CMakeFiles/multi_processor.dir/Users/pschatzmann/Documents/Projects/cpp/pico-sdk/src/rp2_common/pico_stdio_uart/stdio_uart.c.obj
                0x000000001000040c                stdio_uart_in_chars
 .text.stdio_uart_init
                0x0000000010000444       0x40 CMakeFiles/multi_processor.dir/Users/pschatzmann/Documents/Projects/cpp/pico-sdk/src/rp2_common/pico_stdio_uart/stdio_uart.c.obj
                0x0000000010000444                stdio_uart_init
 .text.stdio_uart_init_full
                0x0000000010000484       0x30 CMakeFiles/multi_processor.dir/Users/pschatzmann/Documents/Projects/cpp/pico-sdk/src/rp2_common/pico_stdio_uart/stdio_uart.c.obj
                0x0000000010000484                stdio_uart_init_full
 .text.stdio_out_chars_crlf.part.0
                0x00000000100004b4       0x84 CMakeFiles/multi_processor.dir/Users/pschatzmann/Documents/Projects/cpp/pico-sdk/src/rp2_common/pico_stdio/stdio.c.obj
 .text.stdio_buffered_printer
                0x0000000010000538       0x78 CMakeFiles/multi_processor.dir/Users/pschatzmann/Documents/Projects/cpp/pico-sdk/src/rp2_common/pico_stdio/stdio.c.obj
 .text.stdio_put_string
                0x00000000100005b0      0x100 CMakeFiles/multi_processor.dir/Users/pschatzmann/Documents/Projects/cpp/pico-sdk/src/rp2_common/pico_stdio/stdio.c.obj
 .text.__wrap_putchar
                0x00000000100006b0       0x1c CMakeFiles/multi_processor.dir/Users/pschatzmann/Documents/Projects/cpp/pico-sdk/src/rp2_common/pico_stdio/stdio.c.obj
                0x00000000100006b0                __wrap_putchar
 .text.__wrap_puts
                0x00000000100006cc       0x3c CMakeFiles/multi_processor.dir/Users/pschatzmann/Documents/Projects/cpp/pico-sdk/src/rp2_common/pico_stdio/stdio.c.obj
                0x00000000100006cc                __wrap_puts
 .text._read    0x0000000010000708       0x90 CMakeFiles/multi_processor.dir/Users/pschatzmann/Documents/Projects/cpp/pico-sdk/src/rp2_common/pico_stdio/stdio.c.obj
                0x0000000010000708                _read
 .text._write   0x0000000010000798       0x20 CMakeFiles/multi_processor.dir/Users/pschatzmann/Documents/Projects/cpp/pico-sdk/src/rp2_common/pico_stdio/stdio.c.obj
                0x0000000010000798                _write
 .text.stdio_set_driver_enabled
                0x00000000100007b8       0x3c CMakeFiles/multi_processor.dir/Users/pschatzmann/Documents/Projects/cpp/pico-sdk/src/rp2_common/pico_stdio/stdio.c.obj
                0x00000000100007b8                stdio_set_driver_enabled
 .text.stdio_flush
                0x00000000100007f4       0x28 CMakeFiles/multi_processor.dir/Users/pschatzmann/Documents/Projects/cpp/pico-sdk/src/rp2_common/pico_stdio/stdio.c.obj
                0x00000000100007f4                stdio_flush
 .text.__wrap_vprintf
                0x000000001000081c       0xe8 CMakeFiles/multi_processor.dir/Users/pschatzmann/Documents/Projects/cpp/pico-sdk/src/rp2_common/pico_stdio/stdio.c.obj
                0x000000001000081c                __wrap_vprintf
 .text.__wrap_printf
                0x0000000010000904       0x18 CMakeFiles/multi_processor.dir/Users/pschatzmann/Documents/Projects/cpp/pico-sdk/src/rp2_common/pico_stdio/stdio.c.obj
                0x0000000010000904                __wrap_printf
 .text.stdio_init_all
                0x000000001000091c        0xc CMakeFiles/multi_processor.dir/Users/pschatzmann/Documents/Projects/cpp/pico-sdk/src/rp2_common/pico_stdio/stdio.c.obj
                0x000000001000091c                stdio_init_all
 .text._out_null
                0x0000000010000928        0x4 CMakeFiles/multi_processor.dir/Users/pschatzmann/Documents/Projects/cpp/pico-sdk/src/rp2_common/pico_printf/printf.c.obj
 .text._out_rev
                0x000000001000092c       0xd0 CMakeFiles/multi_processor.dir/Users/pschatzmann/Documents/Projects/cpp/pico-sdk/src/rp2_common/pico_printf/printf.c.obj
 .text._ntoa_format
                0x00000000100009fc      0x1d0 CMakeFiles/multi_processor.dir/Users/pschatzmann/Documents/Projects/cpp/pico-sdk/src/rp2_common/pico_printf/printf.c.obj
 .text._out_char
                0x0000000010000bcc       0x10 CMakeFiles/multi_processor.dir/Users/pschatzmann/Documents/Projects/cpp/pico-sdk/src/rp2_common/pico_printf/printf.c.obj
 .text._out_fct
                0x0000000010000bdc       0x10 CMakeFiles/multi_processor.dir/Users/pschatzmann/Documents/Projects/cpp/pico-sdk/src/rp2_common/pico_printf/printf.c.obj
 .text._etoa    0x0000000010000bec      0x44c CMakeFiles/multi_processor.dir/Users/pschatzmann/Documents/Projects/cpp/pico-sdk/src/rp2_common/pico_printf/printf.c.obj
 .text._ftoa    0x0000000010001038      0x3e0 CMakeFiles/multi_processor.dir/Users/pschatzmann/Documents/Projects/cpp/pico-sdk/src/rp2_common/pico_printf/printf.c.obj
 .text._vsnprintf
                0x0000000010001418      0xb08 CMakeFiles/multi_processor.dir/Users/pschatzmann/Documents/Projects/cpp/pico-sdk/src/rp2_common/pico_printf/printf.c.obj
 .text.vfctprintf
                0x0000000010001f20       0x20 CMakeFiles/multi_processor.dir/Users/pschatzmann/Documents/Projects/cpp/pico-sdk/src/rp2_common/pico_printf/printf.c.obj
                0x0000000010001f20                vfctprintf
 .text.weak_raw_vprintf
                0x0000000010001f40       0x30 CMakeFiles/multi_processor.dir/Users/pschatzmann/Documents/Projects/cpp/pico-sdk/src/rp2_common/pico_printf/printf.c.obj
                0x0000000010001f40                weak_raw_vprintf
 .text.stdio_usb_in_chars
                0x0000000010001f70       0x68 CMakeFiles/multi_processor.dir/Users/pschatzmann/Documents/Projects/cpp/pico-sdk/src/rp2_common/pico_stdio_usb/stdio_usb.c.obj
                0x0000000010001f70                stdio_usb_in_chars
 .text.stdio_usb_out_chars
                0x0000000010001fd8       0xec CMakeFiles/multi_processor.dir/Users/pschatzmann/Documents/Projects/cpp/pico-sdk/src/rp2_common/pico_stdio_usb/stdio_usb.c.obj
 .text.timer_task
                0x00000000100020c4       0x10 CMakeFiles/multi_processor.dir/Users/pschatzmann/Documents/Projects/cpp/pico-sdk/src/rp2_common/pico_stdio_usb/stdio_usb.c.obj
 .text.low_priority_worker_irq
                0x00000000100020d4       0x24 CMakeFiles/multi_processor.dir/Users/pschatzmann/Documents/Projects/cpp/pico-sdk/src/rp2_common/pico_stdio_usb/stdio_usb.c.obj
 .text.stdio_usb_init
                0x00000000100020f8       0x90 CMakeFiles/multi_processor.dir/Users/pschatzmann/Documents/Projects/cpp/pico-sdk/src/rp2_common/pico_stdio_usb/stdio_usb.c.obj
                0x00000000100020f8                stdio_usb_init
 .text.tud_descriptor_device_cb
                0x0000000010002188        0x8 CMakeFiles/multi_processor.dir/Users/pschatzmann/Documents/Projects/cpp/pico-sdk/src/rp2_common/pico_stdio_usb/stdio_usb_descriptors.c.obj
                0x0000000010002188                tud_descriptor_device_cb
 .text.tud_descriptor_configuration_cb
                0x0000000010002190        0x8 CMakeFiles/multi_processor.dir/Users/pschatzmann/Documents/Projects/cpp/pico-sdk/src/rp2_common/pico_stdio_usb/stdio_usb_descriptors.c.obj
                0x0000000010002190                tud_descriptor_configuration_cb
 .text.tud_descriptor_string_cb
                0x0000000010002198       0x5c CMakeFiles/multi_processor.dir/Users/pschatzmann/Documents/Projects/cpp/pico-sdk/src/rp2_common/pico_stdio_usb/stdio_usb_descriptors.c.obj
                0x0000000010002198                tud_descriptor_string_cb
 .text.dcd_rp2040_irq
                0x00000000100021f4      0x130 CMakeFiles/multi_processor.dir/Users/pschatzmann/Documents/Projects/cpp/pico-sdk/lib/tinyusb/src/portable/raspberrypi/rp2040/dcd_rp2040.c.obj
 .text.dcd_int_enable
                0x0000000010002324        0xc CMakeFiles/multi_processor.dir/Users/pschatzmann/Documents/Projects/cpp/pico-sdk/lib/tinyusb/src/portable/raspberrypi/rp2040/dcd_rp2040.c.obj
                0x0000000010002324                dcd_int_enable
 .text.dcd_set_address
                0x0000000010002330       0x30 CMakeFiles/multi_processor.dir/Users/pschatzmann/Documents/Projects/cpp/pico-sdk/lib/tinyusb/src/portable/raspberrypi/rp2040/dcd_rp2040.c.obj
                0x0000000010002330                dcd_set_address
 .text.dcd_connect
                0x0000000010002360       0x10 CMakeFiles/multi_processor.dir/Users/pschatzmann/Documents/Projects/cpp/pico-sdk/lib/tinyusb/src/portable/raspberrypi/rp2040/dcd_rp2040.c.obj
                0x0000000010002360                dcd_connect
 .text.dcd_init
                0x0000000010002370       0xb0 CMakeFiles/multi_processor.dir/Users/pschatzmann/Documents/Projects/cpp/pico-sdk/lib/tinyusb/src/portable/raspberrypi/rp2040/dcd_rp2040.c.obj
                0x0000000010002370                dcd_init
 .text.dcd_edpt0_status_complete
                0x0000000010002420       0x38 CMakeFiles/multi_processor.dir/Users/pschatzmann/Documents/Projects/cpp/pico-sdk/lib/tinyusb/src/portable/raspberrypi/rp2040/dcd_rp2040.c.obj
                0x0000000010002420                dcd_edpt0_status_complete
 .text.dcd_edpt_open
                0x0000000010002458      0x148 CMakeFiles/multi_processor.dir/Users/pschatzmann/Documents/Projects/cpp/pico-sdk/lib/tinyusb/src/portable/raspberrypi/rp2040/dcd_rp2040.c.obj
                0x0000000010002458                dcd_edpt_open
 .text.dcd_edpt_xfer
                0x00000000100025a0       0x2c CMakeFiles/multi_processor.dir/Users/pschatzmann/Documents/Projects/cpp/pico-sdk/lib/tinyusb/src/portable/raspberrypi/rp2040/dcd_rp2040.c.obj
                0x00000000100025a0                dcd_edpt_xfer
 .text.dcd_edpt_stall
                0x00000000100025cc       0x50 CMakeFiles/multi_processor.dir/Users/pschatzmann/Documents/Projects/cpp/pico-sdk/lib/tinyusb/src/portable/raspberrypi/rp2040/dcd_rp2040.c.obj
                0x00000000100025cc                dcd_edpt_stall
 .text.dcd_edpt_clear_stall
                0x000000001000261c       0x50 CMakeFiles/multi_processor.dir/Users/pschatzmann/Documents/Projects/cpp/pico-sdk/lib/tinyusb/src/portable/raspberrypi/rp2040/dcd_rp2040.c.obj
                0x000000001000261c                dcd_edpt_clear_stall
 .text.rp2040_usb_init
                0x000000001000266c       0x50 CMakeFiles/multi_processor.dir/Users/pschatzmann/Documents/Projects/cpp/pico-sdk/lib/tinyusb/src/portable/raspberrypi/rp2040/rp2040_usb.c.obj
                0x000000001000266c                rp2040_usb_init
 .text.hw_endpoint_reset_transfer
                0x00000000100026bc       0x14 CMakeFiles/multi_processor.dir/Users/pschatzmann/Documents/Projects/cpp/pico-sdk/lib/tinyusb/src/portable/raspberrypi/rp2040/rp2040_usb.c.obj
                0x00000000100026bc                hw_endpoint_reset_transfer
 .text._hw_endpoint_buffer_control_update32
                0x00000000100026d0       0x54 CMakeFiles/multi_processor.dir/Users/pschatzmann/Documents/Projects/cpp/pico-sdk/lib/tinyusb/src/portable/raspberrypi/rp2040/rp2040_usb.c.obj
                0x00000000100026d0                _hw_endpoint_buffer_control_update32
 .text._hw_endpoint_xfer_continue
                0x0000000010002724      0x10c CMakeFiles/multi_processor.dir/Users/pschatzmann/Documents/Projects/cpp/pico-sdk/lib/tinyusb/src/portable/raspberrypi/rp2040/rp2040_usb.c.obj
                0x0000000010002724                _hw_endpoint_xfer_continue
 .text._hw_endpoint_xfer
                0x0000000010002830       0xc0 CMakeFiles/multi_processor.dir/Users/pschatzmann/Documents/Projects/cpp/pico-sdk/lib/tinyusb/src/portable/raspberrypi/rp2040/rp2040_usb.c.obj
                0x0000000010002830                _hw_endpoint_xfer
 .text.tud_mounted
                0x00000000100028f0       0x10 CMakeFiles/multi_processor.dir/Users/pschatzmann/Documents/Projects/cpp/pico-sdk/lib/tinyusb/src/device/usbd.c.obj
                0x00000000100028f0                tud_mounted
 .text.tud_suspended
                0x0000000010002900       0x10 CMakeFiles/multi_processor.dir/Users/pschatzmann/Documents/Projects/cpp/pico-sdk/lib/tinyusb/src/device/usbd.c.obj
                0x0000000010002900                tud_suspended
 .text.tud_init
                0x0000000010002910       0xb0 CMakeFiles/multi_processor.dir/Users/pschatzmann/Documents/Projects/cpp/pico-sdk/lib/tinyusb/src/device/usbd.c.obj
                0x0000000010002910                tud_init
 .text.tud_task
                0x00000000100029c0      0x80c CMakeFiles/multi_processor.dir/Users/pschatzmann/Documents/Projects/cpp/pico-sdk/lib/tinyusb/src/device/usbd.c.obj
                0x00000000100029c0                tud_task
 .text.dcd_event_bus_signal
                0x00000000100031cc       0xe0 CMakeFiles/multi_processor.dir/Users/pschatzmann/Documents/Projects/cpp/pico-sdk/lib/tinyusb/src/device/usbd.c.obj
                0x00000000100031cc                dcd_event_bus_signal
 .text.dcd_event_setup_received
                0x00000000100032ac       0x50 CMakeFiles/multi_processor.dir/Users/pschatzmann/Documents/Projects/cpp/pico-sdk/lib/tinyusb/src/device/usbd.c.obj
                0x00000000100032ac                dcd_event_setup_received
 .text.dcd_event_xfer_complete
                0x00000000100032fc       0x68 CMakeFiles/multi_processor.dir/Users/pschatzmann/Documents/Projects/cpp/pico-sdk/lib/tinyusb/src/device/usbd.c.obj
                0x00000000100032fc                dcd_event_xfer_complete
 .text.usbd_open_edpt_pair
                0x0000000010003364       0x68 CMakeFiles/multi_processor.dir/Users/pschatzmann/Documents/Projects/cpp/pico-sdk/lib/tinyusb/src/device/usbd.c.obj
                0x0000000010003364                usbd_open_edpt_pair
 .text.usbd_edpt_open
                0x00000000100033cc        0x8 CMakeFiles/multi_processor.dir/Users/pschatzmann/Documents/Projects/cpp/pico-sdk/lib/tinyusb/src/device/usbd.c.obj
                0x00000000100033cc                usbd_edpt_open
 .text.usbd_edpt_claim
                0x00000000100033d4       0x64 CMakeFiles/multi_processor.dir/Users/pschatzmann/Documents/Projects/cpp/pico-sdk/lib/tinyusb/src/device/usbd.c.obj
                0x00000000100033d4                usbd_edpt_claim
 .text.usbd_edpt_release
                0x0000000010003438       0x4c CMakeFiles/multi_processor.dir/Users/pschatzmann/Documents/Projects/cpp/pico-sdk/lib/tinyusb/src/device/usbd.c.obj
                0x0000000010003438                usbd_edpt_release
 .text.usbd_edpt_xfer
                0x0000000010003484       0x48 CMakeFiles/multi_processor.dir/Users/pschatzmann/Documents/Projects/cpp/pico-sdk/lib/tinyusb/src/device/usbd.c.obj
                0x0000000010003484                usbd_edpt_xfer
 .text.tud_control_status
                0x00000000100034cc       0x30 CMakeFiles/multi_processor.dir/Users/pschatzmann/Documents/Projects/cpp/pico-sdk/lib/tinyusb/src/device/usbd_control.c.obj
                0x00000000100034cc                tud_control_status
 .text.tud_control_xfer
                0x00000000100034fc       0xb8 CMakeFiles/multi_processor.dir/Users/pschatzmann/Documents/Projects/cpp/pico-sdk/lib/tinyusb/src/device/usbd_control.c.obj
                0x00000000100034fc                tud_control_xfer
 .text.usbd_control_reset
                0x00000000100035b4       0x14 CMakeFiles/multi_processor.dir/Users/pschatzmann/Documents/Projects/cpp/pico-sdk/lib/tinyusb/src/device/usbd_control.c.obj
                0x00000000100035b4                usbd_control_reset
 .text.usbd_control_set_complete_callback
                0x00000000100035c8        0xc CMakeFiles/multi_processor.dir/Users/pschatzmann/Documents/Projects/cpp/pico-sdk/lib/tinyusb/src/device/usbd_control.c.obj
                0x00000000100035c8                usbd_control_set_complete_callback
 .text.usbd_control_set_request
                0x00000000100035d4       0x1c CMakeFiles/multi_processor.dir/Users/pschatzmann/Documents/Projects/cpp/pico-sdk/lib/tinyusb/src/device/usbd_control.c.obj
                0x00000000100035d4                usbd_control_set_request
 .text.usbd_control_xfer_cb
                0x00000000100035f0       0xe8 CMakeFiles/multi_processor.dir/Users/pschatzmann/Documents/Projects/cpp/pico-sdk/lib/tinyusb/src/device/usbd_control.c.obj
                0x00000000100035f0                usbd_control_xfer_cb
 .text.tud_cdc_n_connected
                0x00000000100036d8       0x34 CMakeFiles/multi_processor.dir/Users/pschatzmann/Documents/Projects/cpp/pico-sdk/lib/tinyusb/src/class/cdc/cdc_device.c.obj
                0x00000000100036d8                tud_cdc_n_connected
 .text.tud_cdc_n_available
                0x000000001000370c       0x20 CMakeFiles/multi_processor.dir/Users/pschatzmann/Documents/Projects/cpp/pico-sdk/lib/tinyusb/src/class/cdc/cdc_device.c.obj
                0x000000001000370c                tud_cdc_n_available
 .text.tud_cdc_n_read
                0x000000001000372c       0x74 CMakeFiles/multi_processor.dir/Users/pschatzmann/Documents/Projects/cpp/pico-sdk/lib/tinyusb/src/class/cdc/cdc_device.c.obj
                0x000000001000372c                tud_cdc_n_read
 .text.tud_cdc_n_write_flush
                0x00000000100037a0       0xa4 CMakeFiles/multi_processor.dir/Users/pschatzmann/Documents/Projects/cpp/pico-sdk/lib/tinyusb/src/class/cdc/cdc_device.c.obj
                0x00000000100037a0                tud_cdc_n_write_flush
 .text.tud_cdc_n_write
                0x0000000010003844       0x38 CMakeFiles/multi_processor.dir/Users/pschatzmann/Documents/Projects/cpp/pico-sdk/lib/tinyusb/src/class/cdc/cdc_device.c.obj
                0x0000000010003844                tud_cdc_n_write
 .text.tud_cdc_n_write_available
                0x000000001000387c       0x20 CMakeFiles/multi_processor.dir/Users/pschatzmann/Documents/Projects/cpp/pico-sdk/lib/tinyusb/src/class/cdc/cdc_device.c.obj
                0x000000001000387c                tud_cdc_n_write_available
 .text.cdcd_init
                0x000000001000389c       0x78 CMakeFiles/multi_processor.dir/Users/pschatzmann/Documents/Projects/cpp/pico-sdk/lib/tinyusb/src/class/cdc/cdc_device.c.obj
                0x000000001000389c                cdcd_init
 .text.cdcd_reset
                0x0000000010003914       0x24 CMakeFiles/multi_processor.dir/Users/pschatzmann/Documents/Projects/cpp/pico-sdk/lib/tinyusb/src/class/cdc/cdc_device.c.obj
                0x0000000010003914                cdcd_reset
 .text.cdcd_open
                0x0000000010003938       0xec CMakeFiles/multi_processor.dir/Users/pschatzmann/Documents/Projects/cpp/pico-sdk/lib/tinyusb/src/class/cdc/cdc_device.c.obj
                0x0000000010003938                cdcd_open
 .text.cdcd_control_complete
                0x0000000010003a24       0x44 CMakeFiles/multi_processor.dir/Users/pschatzmann/Documents/Projects/cpp/pico-sdk/lib/tinyusb/src/class/cdc/cdc_device.c.obj
                0x0000000010003a24                cdcd_control_complete
 .text.cdcd_control_request
                0x0000000010003a68       0x68 CMakeFiles/multi_processor.dir/Users/pschatzmann/Documents/Projects/cpp/pico-sdk/lib/tinyusb/src/class/cdc/cdc_device.c.obj
                0x0000000010003a68                cdcd_control_request
 .text.cdcd_xfer_cb
                0x0000000010003ad0      0x1b4 CMakeFiles/multi_processor.dir/Users/pschatzmann/Documents/Projects/cpp/pico-sdk/lib/tinyusb/src/class/cdc/cdc_device.c.obj
                0x0000000010003ad0                cdcd_xfer_cb
 .text.tusb_init
                0x0000000010003c84       0x20 CMakeFiles/multi_processor.dir/Users/pschatzmann/Documents/Projects/cpp/pico-sdk/lib/tinyusb/src/tusb.c.obj
                0x0000000010003c84                tusb_init
 .text.tusb_inited
                0x0000000010003ca4        0xc CMakeFiles/multi_processor.dir/Users/pschatzmann/Documents/Projects/cpp/pico-sdk/lib/tinyusb/src/tusb.c.obj
                0x0000000010003ca4                tusb_inited
 .text.tu_fifo_config
                0x0000000010003cb0       0x78 CMakeFiles/multi_processor.dir/Users/pschatzmann/Documents/Projects/cpp/pico-sdk/lib/tinyusb/src/common/tusb_fifo.c.obj
                0x0000000010003cb0                tu_fifo_config
 .text.tu_fifo_count
                0x0000000010003d28       0x18 CMakeFiles/multi_processor.dir/Users/pschatzmann/Documents/Projects/cpp/pico-sdk/lib/tinyusb/src/common/tusb_fifo.c.obj
                0x0000000010003d28                tu_fifo_count
 .text.tu_fifo_remaining
                0x0000000010003d40       0x1c CMakeFiles/multi_processor.dir/Users/pschatzmann/Documents/Projects/cpp/pico-sdk/lib/tinyusb/src/common/tusb_fifo.c.obj
                0x0000000010003d40                tu_fifo_remaining
 .text.tu_fifo_read
                0x0000000010003d5c       0xa8 CMakeFiles/multi_processor.dir/Users/pschatzmann/Documents/Projects/cpp/pico-sdk/lib/tinyusb/src/common/tusb_fifo.c.obj
                0x0000000010003d5c                tu_fifo_read
 .text.tu_fifo_read_n
                0x0000000010003e04       0xf0 CMakeFiles/multi_processor.dir/Users/pschatzmann/Documents/Projects/cpp/pico-sdk/lib/tinyusb/src/common/tusb_fifo.c.obj
                0x0000000010003e04                tu_fifo_read_n
 .text.tu_fifo_write
                0x0000000010003ef4       0x84 CMakeFiles/multi_processor.dir/Users/pschatzmann/Documents/Projects/cpp/pico-sdk/lib/tinyusb/src/common/tusb_fifo.c.obj
                0x0000000010003ef4                tu_fifo_write
 .text.tu_fifo_write_n
                0x0000000010003f78       0xfc CMakeFiles/multi_processor.dir/Users/pschatzmann/Documents/Projects/cpp/pico-sdk/lib/tinyusb/src/common/tusb_fifo.c.obj
                0x0000000010003f78                tu_fifo_write_n
 .text.tu_fifo_clear
                0x0000000010004074       0x2c CMakeFiles/multi_processor.dir/Users/pschatzmann/Documents/Projects/cpp/pico-sdk/lib/tinyusb/src/common/tusb_fifo.c.obj
                0x0000000010004074                tu_fifo_clear
 .text.irq_set_enabled
                0x00000000100040a0       0x24 CMakeFiles/multi_processor.dir/Users/pschatzmann/Documents/Projects/cpp/pico-sdk/src/rp2_common/hardware_irq/irq.c.obj
                0x00000000100040a0                irq_set_enabled
 .text.irq_set_pending
                0x00000000100040c4       0x10 CMakeFiles/multi_processor.dir/Users/pschatzmann/Documents/Projects/cpp/pico-sdk/src/rp2_common/hardware_irq/irq.c.obj
                0x00000000100040c4                irq_set_pending
 .text.irq_get_vtable_handler
                0x00000000100040d4       0x10 CMakeFiles/multi_processor.dir/Users/pschatzmann/Documents/Projects/cpp/pico-sdk/src/rp2_common/hardware_irq/irq.c.obj
                0x00000000100040d4                irq_get_vtable_handler
 .text.irq_set_exclusive_handler
                0x00000000100040e4       0x54 CMakeFiles/multi_processor.dir/Users/pschatzmann/Documents/Projects/cpp/pico-sdk/src/rp2_common/hardware_irq/irq.c.obj
                0x00000000100040e4                irq_set_exclusive_handler
 .text.irq_remove_handler
                0x0000000010004138      0x1c4 CMakeFiles/multi_processor.dir/Users/pschatzmann/Documents/Projects/cpp/pico-sdk/src/rp2_common/hardware_irq/irq.c.obj
                0x0000000010004138                irq_remove_handler
 .text.irq_add_tail_to_free_list
                0x00000000100042fc       0xbc CMakeFiles/multi_processor.dir/Users/pschatzmann/Documents/Projects/cpp/pico-sdk/src/rp2_common/hardware_irq/irq.c.obj
                0x00000000100042fc                irq_add_tail_to_free_list
 .text.irq_init_priorities
                0x00000000100043b8       0x38 CMakeFiles/multi_processor.dir/Users/pschatzmann/Documents/Projects/cpp/pico-sdk/src/rp2_common/hardware_irq/irq.c.obj
                0x00000000100043b8                irq_init_priorities
 .text.hw_claim_or_assert
                0x00000000100043f0       0x60 CMakeFiles/multi_processor.dir/Users/pschatzmann/Documents/Projects/cpp/pico-sdk/src/rp2_common/hardware_claim/claim.c.obj
                0x00000000100043f0                hw_claim_or_assert
 .text.hw_claim_unused_from_range
                0x0000000010004450       0x9c CMakeFiles/multi_processor.dir/Users/pschatzmann/Documents/Projects/cpp/pico-sdk/src/rp2_common/hardware_claim/claim.c.obj
                0x0000000010004450                hw_claim_unused_from_range
 .text.spin_locks_reset
                0x00000000100044ec       0x1c CMakeFiles/multi_processor.dir/Users/pschatzmann/Documents/Projects/cpp/pico-sdk/src/rp2_common/hardware_sync/sync.c.obj
                0x00000000100044ec                spin_locks_reset
 .text.next_striped_spin_lock_num
                0x0000000010004508       0x18 CMakeFiles/multi_processor.dir/Users/pschatzmann/Documents/Projects/cpp/pico-sdk/src/rp2_common/hardware_sync/sync.c.obj
                0x0000000010004508                next_striped_spin_lock_num
 .text.spin_lock_claim_unused
                0x0000000010004520       0x20 CMakeFiles/multi_processor.dir/Users/pschatzmann/Documents/Projects/cpp/pico-sdk/src/rp2_common/hardware_sync/sync.c.obj
                0x0000000010004520                spin_lock_claim_unused
 .text.running_on_fpga
                0x0000000010004540       0x10 CMakeFiles/multi_processor.dir/Users/pschatzmann/Documents/Projects/cpp/pico-sdk/src/rp2_common/pico_platform/platform.c.obj
                0x0000000010004540                running_on_fpga
 .text.lock_init
                0x0000000010004550       0x10 CMakeFiles/multi_processor.dir/Users/pschatzmann/Documents/Projects/cpp/pico-sdk/src/common/pico_sync/lock_core.c.obj
                0x0000000010004550                lock_init
 .text.timer_pool_entry_comparator
                0x0000000010004560       0x34 CMakeFiles/multi_processor.dir/Users/pschatzmann/Documents/Projects/cpp/pico-sdk/src/common/pico_time/time.c.obj
                0x0000000010004560                timer_pool_entry_comparator
 .text.sev_callback
                0x0000000010004594        0x8 CMakeFiles/multi_processor.dir/Users/pschatzmann/Documents/Projects/cpp/pico-sdk/src/common/pico_time/time.c.obj
 .text.add_alarm_under_lock
                0x000000001000459c      0x12c CMakeFiles/multi_processor.dir/Users/pschatzmann/Documents/Projects/cpp/pico-sdk/src/common/pico_time/time.c.obj
 .text.alarm_pool_alarm_callback
                0x00000000100046c8      0x1e0 CMakeFiles/multi_processor.dir/Users/pschatzmann/Documents/Projects/cpp/pico-sdk/src/common/pico_time/time.c.obj
 .text.alarm_pool_add_alarm_at.constprop.0
                0x00000000100048a8      0x128 CMakeFiles/multi_processor.dir/Users/pschatzmann/Documents/Projects/cpp/pico-sdk/src/common/pico_time/time.c.obj
 .text.alarm_pool_init_default
                0x00000000100049d0       0x78 CMakeFiles/multi_processor.dir/Users/pschatzmann/Documents/Projects/cpp/pico-sdk/src/common/pico_time/time.c.obj
                0x00000000100049d0                alarm_pool_init_default
 .text.alarm_pool_get_default
                0x0000000010004a48        0xc CMakeFiles/multi_processor.dir/Users/pschatzmann/Documents/Projects/cpp/pico-sdk/src/common/pico_time/time.c.obj
                0x0000000010004a48                alarm_pool_get_default
 .text.alarm_pool_add_alarm_at
                0x0000000010004a54      0x1b8 CMakeFiles/multi_processor.dir/Users/pschatzmann/Documents/Projects/cpp/pico-sdk/src/common/pico_time/time.c.obj
                0x0000000010004a54                alarm_pool_add_alarm_at
 .text.alarm_pool_cancel_alarm
                0x0000000010004c0c       0x70 CMakeFiles/multi_processor.dir/Users/pschatzmann/Documents/Projects/cpp/pico-sdk/src/common/pico_time/time.c.obj
                0x0000000010004c0c                alarm_pool_cancel_alarm
 .text.sleep_ms
                0x0000000010004c7c       0xa8 CMakeFiles/multi_processor.dir/Users/pschatzmann/Documents/Projects/cpp/pico-sdk/src/common/pico_time/time.c.obj
                0x0000000010004c7c                sleep_ms
 .text.best_effort_wfe_or_timeout
                0x0000000010004d24       0x44 CMakeFiles/multi_processor.dir/Users/pschatzmann/Documents/Projects/cpp/pico-sdk/src/common/pico_time/time.c.obj
                0x0000000010004d24                best_effort_wfe_or_timeout
 .text.hardware_alarm_irq_handler
                0x0000000010004d68       0xb8 CMakeFiles/multi_processor.dir/Users/pschatzmann/Documents/Projects/cpp/pico-sdk/src/rp2_common/hardware_timer/timer.c.obj
 .text.hardware_alarm_claim
                0x0000000010004e20       0x18 CMakeFiles/multi_processor.dir/Users/pschatzmann/Documents/Projects/cpp/pico-sdk/src/rp2_common/hardware_timer/timer.c.obj
                0x0000000010004e20                hardware_alarm_claim
 .text.time_us_64
                0x0000000010004e38       0x14 CMakeFiles/multi_processor.dir/Users/pschatzmann/Documents/Projects/cpp/pico-sdk/src/rp2_common/hardware_timer/timer.c.obj
                0x0000000010004e38                time_us_64
 .text.busy_wait_until
                0x0000000010004e4c       0x20 CMakeFiles/multi_processor.dir/Users/pschatzmann/Documents/Projects/cpp/pico-sdk/src/rp2_common/hardware_timer/timer.c.obj
                0x0000000010004e4c                busy_wait_until
 .text.hardware_alarm_set_callback
                0x0000000010004e6c       0x8c CMakeFiles/multi_processor.dir/Users/pschatzmann/Documents/Projects/cpp/pico-sdk/src/rp2_common/hardware_timer/timer.c.obj
                0x0000000010004e6c                hardware_alarm_set_callback
 .text.hardware_alarm_set_target
                0x0000000010004ef8       0xc4 CMakeFiles/multi_processor.dir/Users/pschatzmann/Documents/Projects/cpp/pico-sdk/src/rp2_common/hardware_timer/timer.c.obj
                0x0000000010004ef8                hardware_alarm_set_target
 .text.hardware_alarm_cancel
                0x0000000010004fbc       0x40 CMakeFiles/multi_processor.dir/Users/pschatzmann/Documents/Projects/cpp/pico-sdk/src/rp2_common/hardware_timer/timer.c.obj
                0x0000000010004fbc                hardware_alarm_cancel
 .text.ph_merge_nodes
                0x0000000010004ffc       0x68 CMakeFiles/multi_processor.dir/Users/pschatzmann/Documents/Projects/cpp/pico-sdk/src/common/pico_util/pheap.c.obj
 .text.ph_create
                0x0000000010005064       0x64 CMakeFiles/multi_processor.dir/Users/pschatzmann/Documents/Projects/cpp/pico-sdk/src/common/pico_util/pheap.c.obj
                0x0000000010005064                ph_create
 .text.ph_merge_two_pass
                0x00000000100050c8       0x90 CMakeFiles/multi_processor.dir/Users/pschatzmann/Documents/Projects/cpp/pico-sdk/src/common/pico_util/pheap.c.obj
                0x00000000100050c8                ph_merge_two_pass
 .text.ph_remove_any_head
                0x0000000010005158       0xf8 CMakeFiles/multi_processor.dir/Users/pschatzmann/Documents/Projects/cpp/pico-sdk/src/common/pico_util/pheap.c.obj
 .text.ph_remove_head_reserve
                0x0000000010005250      0x13c CMakeFiles/multi_processor.dir/Users/pschatzmann/Documents/Projects/cpp/pico-sdk/src/common/pico_util/pheap.c.obj
                0x0000000010005250                ph_remove_head_reserve
 .text.ph_delete
                0x000000001000538c       0x7c CMakeFiles/multi_processor.dir/Users/pschatzmann/Documents/Projects/cpp/pico-sdk/src/common/pico_util/pheap.c.obj
                0x000000001000538c                ph_delete
 .text.mutex_init
                0x0000000010005408       0x18 CMakeFiles/multi_processor.dir/Users/pschatzmann/Documents/Projects/cpp/pico-sdk/src/common/pico_sync/mutex.c.obj
                0x0000000010005408                mutex_init
 .text.critical_section_init
                0x0000000010005420       0x18 CMakeFiles/multi_processor.dir/Users/pschatzmann/Documents/Projects/cpp/pico-sdk/src/common/pico_sync/critical_section.c.obj
                0x0000000010005420                critical_section_init
 .text.gpio_set_function
                0x0000000010005438       0x30 CMakeFiles/multi_processor.dir/Users/pschatzmann/Documents/Projects/cpp/pico-sdk/src/rp2_common/hardware_gpio/gpio.c.obj
                0x0000000010005438                gpio_set_function
 .text.uart_init
                0x0000000010005468       0xd8 CMakeFiles/multi_processor.dir/Users/pschatzmann/Documents/Projects/cpp/pico-sdk/src/rp2_common/hardware_uart/uart.c.obj
                0x0000000010005468                uart_init
 .text.uart_deinit
                0x0000000010005540       0x24 CMakeFiles/multi_processor.dir/Users/pschatzmann/Documents/Projects/cpp/pico-sdk/src/rp2_common/hardware_uart/uart.c.obj
                0x0000000010005540                uart_deinit
 .text.runtime_init
                0x0000000010005564       0xec CMakeFiles/multi_processor.dir/Users/pschatzmann/Documents/Projects/cpp/pico-sdk/src/rp2_common/pico_runtime/runtime.c.obj
                0x0000000010005564                runtime_init
 .text._sbrk    0x0000000010005650       0x34 CMakeFiles/multi_processor.dir/Users/pschatzmann/Documents/Projects/cpp/pico-sdk/src/rp2_common/pico_runtime/runtime.c.obj
                0x0000000010005650                _sbrk
 .text.exit     0x0000000010005684        0x4 CMakeFiles/multi_processor.dir/Users/pschatzmann/Documents/Projects/cpp/pico-sdk/src/rp2_common/pico_runtime/runtime.c.obj
                0x0000000010005684                exit
 .text.panic    0x0000000010005688       0x30 CMakeFiles/multi_processor.dir/Users/pschatzmann/Documents/Projects/cpp/pico-sdk/src/rp2_common/pico_runtime/runtime.c.obj
                0x0000000010005688                panic
 .text.hard_assertion_failure
                0x00000000100056b8        0xc CMakeFiles/multi_processor.dir/Users/pschatzmann/Documents/Projects/cpp/pico-sdk/src/rp2_common/pico_runtime/runtime.c.obj
                0x00000000100056b8                hard_assertion_failure
 .text.clocks_init
                0x00000000100056c4      0x2e0 CMakeFiles/multi_processor.dir/Users/pschatzmann/Documents/Projects/cpp/pico-sdk/src/rp2_common/hardware_clocks/clocks.c.obj
                0x00000000100056c4                clocks_init
 .text.clock_get_hz
                0x00000000100059a4        0xc CMakeFiles/multi_processor.dir/Users/pschatzmann/Documents/Projects/cpp/pico-sdk/src/rp2_common/hardware_clocks/clocks.c.obj
                0x00000000100059a4                clock_get_hz
 .text.watchdog_start_tick
                0x00000000100059b0       0x10 CMakeFiles/multi_processor.dir/Users/pschatzmann/Documents/Projects/cpp/pico-sdk/src/rp2_common/hardware_watchdog/watchdog.c.obj
                0x00000000100059b0                watchdog_start_tick
 .text.xosc_init
                0x00000000100059c0       0x28 CMakeFiles/multi_processor.dir/Users/pschatzmann/Documents/Projects/cpp/pico-sdk/src/rp2_common/hardware_xosc/xosc.c.obj
                0x00000000100059c0                xosc_init
 .text.pll_init
                0x00000000100059e8       0x54 CMakeFiles/multi_processor.dir/Users/pschatzmann/Documents/Projects/cpp/pico-sdk/src/rp2_common/hardware_pll/pll.c.obj
                0x00000000100059e8                pll_init
 .text          0x0000000010005a3c       0x10 CMakeFiles/multi_processor.dir/Users/pschatzmann/Documents/Projects/cpp/pico-sdk/src/rp2_common/pico_bit_ops/bit_ops_aeabi.S.obj
 .text.rom_func_lookup
                0x0000000010005a4c       0x10 CMakeFiles/multi_processor.dir/Users/pschatzmann/Documents/Projects/cpp/pico-sdk/src/rp2_common/pico_bootrom/bootrom.c.obj
                0x0000000010005a4c                rom_func_lookup
 .text.rom_data_lookup
                0x0000000010005a5c       0x10 CMakeFiles/multi_processor.dir/Users/pschatzmann/Documents/Projects/cpp/pico-sdk/src/rp2_common/pico_bootrom/bootrom.c.obj
                0x0000000010005a5c                rom_data_lookup
 .text.rom_funcs_lookup
                0x0000000010005a6c       0x3c CMakeFiles/multi_processor.dir/Users/pschatzmann/Documents/Projects/cpp/pico-sdk/src/rp2_common/pico_bootrom/bootrom.c.obj
                0x0000000010005a6c                rom_funcs_lookup
 .text.__wrap___aeabi_idiv
                0x0000000010005aa8       0x58 CMakeFiles/multi_processor.dir/Users/pschatzmann/Documents/Projects/cpp/pico-sdk/src/rp2_common/pico_divider/divider.S.obj
                0x0000000010005aa8                __wrap___aeabi_idivmod
                0x0000000010005aa8                divmod_s32s32
                0x0000000010005aa8                div_s32s32
                0x0000000010005aa8                __wrap___aeabi_idiv
                0x0000000010005ab0                divmod_s32s32_unsafe
                0x0000000010005adc                divmod_s32s32_savestate
 .text.__wrap___aeabi_uidiv
                0x0000000010005b00       0x54 CMakeFiles/multi_processor.dir/Users/pschatzmann/Documents/Projects/cpp/pico-sdk/src/rp2_common/pico_divider/divider.S.obj
                0x0000000010005b00                __wrap___aeabi_uidiv
                0x0000000010005b00                __wrap___aeabi_uidivmod
                0x0000000010005b00                div_u32u32
                0x0000000010005b00                divmod_u32u32
                0x0000000010005b08                divmod_u32u32_unsafe
                0x0000000010005b30                divmod_u32u32_savestate
 .text.__wrap___aeabi_ldiv
                0x0000000010005b54      0x430 CMakeFiles/multi_processor.dir/Users/pschatzmann/Documents/Projects/cpp/pico-sdk/src/rp2_common/pico_divider/divider.S.obj
                0x0000000010005b54                __wrap___aeabi_ldivmod
                0x0000000010005b54                div_s64s64
                0x0000000010005b54                divmod_s64s64
                0x0000000010005b8c                divmod_u64u64
                0x0000000010005b8c                div_u64u64
                0x0000000010005b8c                __wrap___aeabi_uldivmod
                0x0000000010005b9c                divmod_u64u64_savestate
                0x0000000010005bc4                divmod_s64s64_unsafe
                0x0000000010005c4c                divmod_u64u64_unsafe
 .text.__wrap___aeabi_darithmetic
                0x0000000010005f84       0x54 CMakeFiles/multi_processor.dir/Users/pschatzmann/Documents/Projects/cpp/pico-sdk/src/rp2_common/pico_double/double_aeabi.S.obj
                0x0000000010005f84                __wrap___aeabi_drsub
                0x0000000010005f8a                __wrap___aeabi_dsub
                0x0000000010005f9c                __wrap___aeabi_dadd
                0x0000000010005fae                __wrap___aeabi_ddiv
                0x0000000010005fc0                __wrap___aeabi_dmul
 .text.__wrap___aeabi_cdcmple
                0x0000000010005fd8       0x6c CMakeFiles/multi_processor.dir/Users/pschatzmann/Documents/Projects/cpp/pico-sdk/src/rp2_common/pico_double/double_aeabi.S.obj
                0x0000000010005fd8                __wrap___aeabi_cdrcmple
                0x0000000010005fe8                __wrap___aeabi_cdcmple
                0x0000000010005fe8                __wrap___aeabi_cdcmpeq
 .text.__wrap___aeabi_dcmplt
                0x0000000010006044        0xc CMakeFiles/multi_processor.dir/Users/pschatzmann/Documents/Projects/cpp/pico-sdk/src/rp2_common/pico_double/double_aeabi.S.obj
                0x0000000010006044                __wrap___aeabi_dcmplt
 .text.__wrap___aeabi_dcmple
                0x0000000010006050       0x10 CMakeFiles/multi_processor.dir/Users/pschatzmann/Documents/Projects/cpp/pico-sdk/src/rp2_common/pico_double/double_aeabi.S.obj
                0x0000000010006050                __wrap___aeabi_dcmple
 .text.__wrap___aeabi_dcmpge
                0x0000000010006060       0x10 CMakeFiles/multi_processor.dir/Users/pschatzmann/Documents/Projects/cpp/pico-sdk/src/rp2_common/pico_double/double_aeabi.S.obj
                0x0000000010006060                __wrap___aeabi_dcmpge
 .text.__wrap___aeabi_dcmpgt
                0x0000000010006070        0xa CMakeFiles/multi_processor.dir/Users/pschatzmann/Documents/Projects/cpp/pico-sdk/src/rp2_common/pico_double/double_aeabi.S.obj
                0x0000000010006070                __wrap___aeabi_dcmpgt
 .text.__wrap___aeabi_dcmpun
                0x000000001000607a       0x1c CMakeFiles/multi_processor.dir/Users/pschatzmann/Documents/Projects/cpp/pico-sdk/src/rp2_common/pico_double/double_aeabi.S.obj
                0x000000001000607a                __wrap___aeabi_dcmpun
 *fill*         0x0000000010006096        0x2 
 .text.__wrap___aeabi_i2d
                0x0000000010006098       0x38 CMakeFiles/multi_processor.dir/Users/pschatzmann/Documents/Projects/cpp/pico-sdk/src/rp2_common/pico_double/double_aeabi.S.obj
                0x0000000010006098                __wrap___aeabi_ui2d
                0x00000000100060a0                __wrap___aeabi_i2d
 .text.__wrap___aeabi_d2iz
                0x00000000100060d0       0x48 CMakeFiles/multi_processor.dir/Users/pschatzmann/Documents/Projects/cpp/pico-sdk/src/rp2_common/pico_double/double_aeabi.S.obj
                0x00000000100060d0                __wrap___aeabi_d2iz
                0x00000000100060d0                double2int_z
 .text.__wrap___aeabi_d2uiz
                0x0000000010006118       0x18 CMakeFiles/multi_processor.dir/Users/pschatzmann/Documents/Projects/cpp/pico-sdk/src/rp2_common/pico_double/double_aeabi.S.obj
                0x0000000010006118                double2uint
                0x0000000010006118                __wrap___aeabi_d2uiz
 .text.__aeabi_double_init
                0x0000000010006130       0xac CMakeFiles/multi_processor.dir/Users/pschatzmann/Documents/Projects/cpp/pico-sdk/src/rp2_common/pico_double/double_init_rom.c.obj
                0x0000000010006130                __aeabi_double_init
 .text.double_table_shim_on_use_helper
                0x00000000100061dc       0x2c CMakeFiles/multi_processor.dir/Users/pschatzmann/Documents/Projects/cpp/pico-sdk/src/rp2_common/pico_double/double_v1_rom_shim.S.obj
                0x00000000100061dc                double_table_shim_on_use_helper
 .text.__wrap___aeabi_dsub
                0x0000000010006208       0x10 CMakeFiles/multi_processor.dir/Users/pschatzmann/Documents/Projects/cpp/pico-sdk/src/rp2_common/pico_double/double_v1_rom_shim.S.obj
                0x0000000010006208                drsub_shim
                0x000000001000620e                dsub_shim
 .text.dadd_shim
                0x0000000010006218      0x15c CMakeFiles/multi_processor.dir/Users/pschatzmann/Documents/Projects/cpp/pico-sdk/src/rp2_common/pico_double/double_v1_rom_shim.S.obj
                0x0000000010006218                dadd_shim
 .text.dmul_shim
                0x0000000010006374      0x15c CMakeFiles/multi_processor.dir/Users/pschatzmann/Documents/Projects/cpp/pico-sdk/src/rp2_common/pico_double/double_v1_rom_shim.S.obj
                0x0000000010006374                dmul_shim
 .text.ddiv_shim
                0x00000000100064d0      0x1b0 CMakeFiles/multi_processor.dir/Users/pschatzmann/Documents/Projects/cpp/pico-sdk/src/rp2_common/pico_double/double_v1_rom_shim.S.obj
                0x00000000100064d0                ddiv_shim
 .text.dcordic_rot_step
                0x0000000010006680       0x7c CMakeFiles/multi_processor.dir/Users/pschatzmann/Documents/Projects/cpp/pico-sdk/src/rp2_common/pico_double/double_v1_rom_shim.S.obj
                0x0000000010006680                dcordic_rot_step
 .text.double2uint_shim
                0x00000000100066fc        0xe CMakeFiles/multi_processor.dir/Users/pschatzmann/Documents/Projects/cpp/pico-sdk/src/rp2_common/pico_double/double_v1_rom_shim.S.obj
                0x00000000100066fc                double2uint_shim
                0x00000000100066fe                double2ufix_shim
 *fill*         0x000000001000670a        0x2 
 .text.double2uint64_shim
                0x000000001000670c       0x6c CMakeFiles/multi_processor.dir/Users/pschatzmann/Documents/Projects/cpp/pico-sdk/src/rp2_common/pico_double/double_v1_rom_shim.S.obj
                0x000000001000670c                double2uint64_shim
                0x000000001000670e                double2ufix64_shim
                0x0000000010006728                d2fix_a
 .text.dunpacks
                0x0000000010006778       0x3c CMakeFiles/multi_processor.dir/Users/pschatzmann/Documents/Projects/cpp/pico-sdk/src/rp2_common/pico_double/double_v1_rom_shim.S.obj
                0x0000000010006778                dunpacks
 .text.__aeabi_lmul
                0x00000000100067b4       0x32 CMakeFiles/multi_processor.dir/Users/pschatzmann/Documents/Projects/cpp/pico-sdk/src/rp2_common/pico_int64_ops/pico_int64_ops_aeabi.S.obj
                0x00000000100067b4                __wrap___aeabi_lmul
 *fill*         0x00000000100067e6        0x2 
 .text.__aeabi_float_init
                0x00000000100067e8       0x64 CMakeFiles/multi_processor.dir/Users/pschatzmann/Documents/Projects/cpp/pico-sdk/src/rp2_common/pico_float/float_init_rom.c.obj
                0x00000000100067e8                __aeabi_float_init
 .text.float_table_shim_on_use_helper
                0x000000001000684c       0x2c CMakeFiles/multi_processor.dir/Users/pschatzmann/Documents/Projects/cpp/pico-sdk/src/rp2_common/pico_float/float_v1_rom_shim.S.obj
                0x000000001000684c                float_table_shim_on_use_helper
 .text.__wrap_malloc
                0x0000000010006878        0x8 CMakeFiles/multi_processor.dir/Users/pschatzmann/Documents/Projects/cpp/pico-sdk/src/rp2_common/pico_malloc/pico_malloc.c.obj
                0x0000000010006878                __wrap_malloc
 .text.__wrap_calloc
                0x0000000010006880        0x8 CMakeFiles/multi_processor.dir/Users/pschatzmann/Documents/Projects/cpp/pico-sdk/src/rp2_common/pico_malloc/pico_malloc.c.obj
                0x0000000010006880                __wrap_calloc
 .text          0x0000000010006888       0x10 CMakeFiles/multi_processor.dir/Users/pschatzmann/Documents/Projects/cpp/pico-sdk/src/rp2_common/pico_mem_ops/mem_ops_aeabi.S.obj
                0x0000000010006888                __aeabi_mem_init
 .text.memset   0x0000000010006898        0xc CMakeFiles/multi_processor.dir/Users/pschatzmann/Documents/Projects/cpp/pico-sdk/src/rp2_common/pico_mem_ops/mem_ops_aeabi.S.obj
                0x0000000010006898                __wrap_memset
 .text.memcpy   0x00000000100068a4        0xc CMakeFiles/multi_processor.dir/Users/pschatzmann/Documents/Projects/cpp/pico-sdk/src/rp2_common/pico_mem_ops/mem_ops_aeabi.S.obj
                0x00000000100068a4                __wrap___aeabi_memcpy
                0x00000000100068a4                __wrap_memcpy
 .text.core1_trampoline
                0x00000000100068b0        0x4 CMakeFiles/multi_processor.dir/Users/pschatzmann/Documents/Projects/cpp/pico-sdk/src/rp2_common/pico_multicore/multicore.c.obj
 .text.core1_wrapper
                0x00000000100068b4        0xc CMakeFiles/multi_processor.dir/Users/pschatzmann/Documents/Projects/cpp/pico-sdk/src/rp2_common/pico_multicore/multicore.c.obj
                0x00000000100068b4                core1_wrapper
 .text.multicore_launch_core1
                0x00000000100068c0       0xa4 CMakeFiles/multi_processor.dir/Users/pschatzmann/Documents/Projects/cpp/pico-sdk/src/rp2_common/pico_multicore/multicore.c.obj
                0x00000000100068c0                multicore_launch_core1
 .text._ZN7arduino5Print17availableForWriteEv
                0x0000000010006964        0x4 /Users/pschatzmann/Documents/Projects/cpp/pico-arduino/lib/libarduino.a(Print.cpp.obj)
                0x0000000010006964                arduino::Print::availableForWrite()
 .text._ZN7arduino5Print5writeEPKhj
                0x0000000010006968       0x28 /Users/pschatzmann/Documents/Projects/cpp/pico-arduino/lib/libarduino.a(Print.cpp.obj)
                0x0000000010006968                arduino::Print::write(unsigned char const*, unsigned int)
 .text._ZN7arduino5Print5printEPKc
                0x0000000010006990       0x58 /Users/pschatzmann/Documents/Projects/cpp/pico-arduino/lib/libarduino.a(Print.cpp.obj)
                0x0000000010006990                arduino::Print::print(char const*)
 .text._ZN7arduino5Print7printlnEv
                0x00000000100069e8       0x3c /Users/pschatzmann/Documents/Projects/cpp/pico-arduino/lib/libarduino.a(Print.cpp.obj)
                0x00000000100069e8                arduino::Print::println()
 .text._ZN7arduino13ArduinoLogger9setLoggerERNS_6StreamENS0_8LogLevelE
                0x0000000010006a24        0x8 /Users/pschatzmann/Documents/Projects/cpp/pico-arduino/lib/libarduino.a(Arduino.cpp.obj)
                0x0000000010006a24                arduino::ArduinoLogger::setLogger(arduino::Stream&, arduino::ArduinoLogger::LogLevel)
 .text._ZN7arduino13ArduinoLogger9isLoggingEv
                0x0000000010006a2c        0xc /Users/pschatzmann/Documents/Projects/cpp/pico-arduino/lib/libarduino.a(Arduino.cpp.obj)
                0x0000000010006a2c                arduino::ArduinoLogger::isLogging()
 .text._ZN17PicoDefaultSerial5beginEm
                0x0000000010006a38        0x8 /Users/pschatzmann/Documents/Projects/cpp/pico-arduino/lib/libarduino.a(Arduino.cpp.obj)
                0x0000000010006a38                PicoDefaultSerial::begin(unsigned long)
 .text._ZN17PicoDefaultSerial5beginEmt
                0x0000000010006a40        0x8 /Users/pschatzmann/Documents/Projects/cpp/pico-arduino/lib/libarduino.a(Arduino.cpp.obj)
                0x0000000010006a40                PicoDefaultSerial::begin(unsigned long, unsigned short)
 .text._ZN17PicoDefaultSerial3endEv
                0x0000000010006a48        0x8 /Users/pschatzmann/Documents/Projects/cpp/pico-arduino/lib/libarduino.a(Arduino.cpp.obj)
                0x0000000010006a48                PicoDefaultSerial::end()
 .text._ZN17PicoDefaultSerialcvbEv
                0x0000000010006a50        0x4 /Users/pschatzmann/Documents/Projects/cpp/pico-arduino/lib/libarduino.a(Arduino.cpp.obj)
                0x0000000010006a50                PicoDefaultSerial::operator bool()
 .text._ZN18PicoHardwareSerial5beginEm
                0x0000000010006a54        0xc /Users/pschatzmann/Documents/Projects/cpp/pico-arduino/lib/libarduino.a(Arduino.cpp.obj)
                0x0000000010006a54                PicoHardwareSerial::begin(unsigned long)
 .text._ZN18PicoHardwareSerial5beginEmt
                0x0000000010006a60        0xc /Users/pschatzmann/Documents/Projects/cpp/pico-arduino/lib/libarduino.a(Arduino.cpp.obj)
                0x0000000010006a60                PicoHardwareSerial::begin(unsigned long, unsigned short)
 .text._ZN18PicoHardwareSerial9availableEv
                0x0000000010006a6c       0x20 /Users/pschatzmann/Documents/Projects/cpp/pico-arduino/lib/libarduino.a(Arduino.cpp.obj)
                0x0000000010006a6c                PicoHardwareSerial::available()
 .text._ZN18PicoHardwareSerial17availableForWriteEv
                0x0000000010006a8c       0x10 /Users/pschatzmann/Documents/Projects/cpp/pico-arduino/lib/libarduino.a(Arduino.cpp.obj)
                0x0000000010006a8c                PicoHardwareSerial::availableForWrite()
 .text._ZN18PicoHardwareSerial5writeEh
                0x0000000010006a9c       0x3c /Users/pschatzmann/Documents/Projects/cpp/pico-arduino/lib/libarduino.a(Arduino.cpp.obj)
                0x0000000010006a9c                PicoHardwareSerial::write(unsigned char)
 .text._ZN18PicoHardwareSerial5writeEPKhj
                0x0000000010006ad8       0x28 /Users/pschatzmann/Documents/Projects/cpp/pico-arduino/lib/libarduino.a(Arduino.cpp.obj)
                0x0000000010006ad8                PicoHardwareSerial::write(unsigned char const*, unsigned int)
 .text._ZN18PicoHardwareSerialcvbEv
                0x0000000010006b00        0x8 /Users/pschatzmann/Documents/Projects/cpp/pico-arduino/lib/libarduino.a(Arduino.cpp.obj)
                0x0000000010006b00                PicoHardwareSerial::operator bool()
 .text._ZN18PicoHardwareSerial5flushEv
                0x0000000010006b08        0x4 /Users/pschatzmann/Documents/Projects/cpp/pico-arduino/lib/libarduino.a(Arduino.cpp.obj)
                0x0000000010006b08                PicoHardwareSerial::flush()
 .text._ZN17PicoDefaultSerial7printlnEPKc
                0x0000000010006b0c        0xc /Users/pschatzmann/Documents/Projects/cpp/pico-arduino/lib/libarduino.a(Arduino.cpp.obj)
                0x0000000010006b0c                PicoDefaultSerial::println(char const*)
 .text._ZN17PicoDefaultSerial5flushEv
                0x0000000010006b18        0x8 /Users/pschatzmann/Documents/Projects/cpp/pico-arduino/lib/libarduino.a(Arduino.cpp.obj)
                0x0000000010006b18                PicoDefaultSerial::flush()
 .text._ZN17PicoDefaultSerial5writeEh
                0x0000000010006b20        0xc /Users/pschatzmann/Documents/Projects/cpp/pico-arduino/lib/libarduino.a(Arduino.cpp.obj)
                0x0000000010006b20                PicoDefaultSerial::write(unsigned char)
 .text._ZN18PicoHardwareSerial5beginEmmaabbb
                0x0000000010006b2c      0x1a0 /Users/pschatzmann/Documents/Projects/cpp/pico-arduino/lib/libarduino.a(Arduino.cpp.obj)
                0x0000000010006b2c                PicoHardwareSerial::begin(unsigned long, unsigned long, signed char, signed char, bool, bool, bool)
 .text._ZN18PicoHardwareSerial3endEv
                0x0000000010006ccc       0x10 /Users/pschatzmann/Documents/Projects/cpp/pico-arduino/lib/libarduino.a(Arduino.cpp.obj)
                0x0000000010006ccc                PicoHardwareSerial::end()
 .text._ZN7arduino13ArduinoLogger3logENS0_8LogLevelEPKcS3_S3_
                0x0000000010006cdc       0x58 /Users/pschatzmann/Documents/Projects/cpp/pico-arduino/lib/libarduino.a(Arduino.cpp.obj)
                0x0000000010006cdc                arduino::ArduinoLogger::log(arduino::ArduinoLogger::LogLevel, char const*, char const*, char const*)
 .text._ZN18PicoHardwareSerial4readEv
                0x0000000010006d34       0x84 /Users/pschatzmann/Documents/Projects/cpp/pico-arduino/lib/libarduino.a(Arduino.cpp.obj)
                0x0000000010006d34                PicoHardwareSerial::read()
 .text._ZN17PicoDefaultSerial4readEv
                0x0000000010006db8       0x78 /Users/pschatzmann/Documents/Projects/cpp/pico-arduino/lib/libarduino.a(Arduino.cpp.obj)
                0x0000000010006db8                PicoDefaultSerial::read()
 .text._ZN18PicoHardwareSerial4peekEv
                0x0000000010006e30       0x70 /Users/pschatzmann/Documents/Projects/cpp/pico-arduino/lib/libarduino.a(Arduino.cpp.obj)
                0x0000000010006e30                PicoHardwareSerial::peek()
 .text._ZN17PicoDefaultSerial9availableEv
                0x0000000010006ea0       0x54 /Users/pschatzmann/Documents/Projects/cpp/pico-arduino/lib/libarduino.a(Arduino.cpp.obj)
                0x0000000010006ea0                PicoDefaultSerial::available()
 .text._ZN17PicoDefaultSerial4peekEv
                0x0000000010006ef4       0x68 /Users/pschatzmann/Documents/Projects/cpp/pico-arduino/lib/libarduino.a(Arduino.cpp.obj)
                0x0000000010006ef4                PicoDefaultSerial::peek()
 .text._ZN7arduino13ArduinoLogger5errorEPKcS2_S2_
                0x0000000010006f5c       0x78 /Users/pschatzmann/Documents/Projects/cpp/pico-arduino/lib/libarduino.a(Arduino.cpp.obj)
                0x0000000010006f5c                arduino::ArduinoLogger::error(char const*, char const*, char const*)
 .text._ZN7arduino13ArduinoLogger4infoEPKcS2_S2_
                0x0000000010006fd4       0x78 /Users/pschatzmann/Documents/Projects/cpp/pico-arduino/lib/libarduino.a(Arduino.cpp.obj)
                0x0000000010006fd4                arduino::ArduinoLogger::info(char const*, char const*, char const*)
 .text._ZN7arduino13ArduinoLogger7warningEPKcS2_S2_
                0x000000001000704c       0x78 /Users/pschatzmann/Documents/Projects/cpp/pico-arduino/lib/libarduino.a(Arduino.cpp.obj)
                0x000000001000704c                arduino::ArduinoLogger::warning(char const*, char const*, char const*)
 .text._ZN7arduino13ArduinoLogger5debugEPKcS2_S2_
                0x00000000100070c4       0x78 /Users/pschatzmann/Documents/Projects/cpp/pico-arduino/lib/libarduino.a(Arduino.cpp.obj)
                0x00000000100070c4                arduino::ArduinoLogger::debug(char const*, char const*, char const*)
 .text.delay    0x000000001000713c        0x8 /Users/pschatzmann/Documents/Projects/cpp/pico-arduino/lib/libarduino.a(Arduino.cpp.obj)
                0x000000001000713c                delay
 .text.startup._GLOBAL__sub_I_Serial
                0x0000000010007144       0xdc /Users/pschatzmann/Documents/Projects/cpp/pico-arduino/lib/libarduino.a(Arduino.cpp.obj)
 .text.startup.main
                0x0000000010007220        0xc /Users/pschatzmann/Documents/Projects/cpp/pico-arduino/lib/libarduino.a(main.cpp.obj)
                0x0000000010007220                main
 .text.startup._GLOBAL__sub_I__ZN9__gnu_cxx9__freeresEv
                0x000000001000722c       0x2c /usr/local/Cellar/arm-none-eabi-gcc/9-2019-q4-major/gcc/bin/../lib/gcc/arm-none-eabi/9.2.1/../../../../arm-none-eabi/lib/thumb/v6-m/nofp/libstdc++.a(eh_alloc.o)
 .text.calloc   0x0000000010007258       0x18 /usr/local/Cellar/arm-none-eabi-gcc/9-2019-q4-major/gcc/bin/../lib/gcc/arm-none-eabi/9.2.1/../../../../arm-none-eabi/lib/thumb/v6-m/nofp/libc.a(lib_a-calloc.o)
                0x0000000010007258                calloc
 .text._calloc_r
                0x0000000010007270       0x5c /usr/local/Cellar/arm-none-eabi-gcc/9-2019-q4-major/gcc/bin/../lib/gcc/arm-none-eabi/9.2.1/../../../../arm-none-eabi/lib/thumb/v6-m/nofp/libc.a(lib_a-callocr.o)
                0x0000000010007270                _calloc_r
 .text.getchar  0x00000000100072cc       0x14 /usr/local/Cellar/arm-none-eabi-gcc/9-2019-q4-major/gcc/bin/../lib/gcc/arm-none-eabi/9.2.1/../../../../arm-none-eabi/lib/thumb/v6-m/nofp/libc.a(lib_a-getchar.o)
                0x00000000100072cc                getchar
 .text.__retarget_lock_init_recursive
                0x00000000100072e0        0x4 /usr/local/Cellar/arm-none-eabi-gcc/9-2019-q4-major/gcc/bin/../lib/gcc/arm-none-eabi/9.2.1/../../../../arm-none-eabi/lib/thumb/v6-m/nofp/libc.a(lib_a-lock.o)
                0x00000000100072e0                __retarget_lock_init_recursive
 .text.__retarget_lock_close_recursive
                0x00000000100072e4        0x4 /usr/local/Cellar/arm-none-eabi-gcc/9-2019-q4-major/gcc/bin/../lib/gcc/arm-none-eabi/9.2.1/../../../../arm-none-eabi/lib/thumb/v6-m/nofp/libc.a(lib_a-lock.o)
                0x00000000100072e4                __retarget_lock_close_recursive
 .text.__retarget_lock_acquire_recursive
                0x00000000100072e8        0x4 /usr/local/Cellar/arm-none-eabi-gcc/9-2019-q4-major/gcc/bin/../lib/gcc/arm-none-eabi/9.2.1/../../../../arm-none-eabi/lib/thumb/v6-m/nofp/libc.a(lib_a-lock.o)
                0x00000000100072e8                __retarget_lock_acquire_recursive
 .text.__retarget_lock_release_recursive
                0x00000000100072ec        0x4 /usr/local/Cellar/arm-none-eabi-gcc/9-2019-q4-major/gcc/bin/../lib/gcc/arm-none-eabi/9.2.1/../../../../arm-none-eabi/lib/thumb/v6-m/nofp/libc.a(lib_a-lock.o)
                0x00000000100072ec                __retarget_lock_release_recursive
 .text.malloc   0x00000000100072f0       0x14 /usr/local/Cellar/arm-none-eabi-gcc/9-2019-q4-major/gcc/bin/../lib/gcc/arm-none-eabi/9.2.1/../../../../arm-none-eabi/lib/thumb/v6-m/nofp/libc.a(lib_a-malloc.o)
                0x00000000100072f0                malloc
 .text._malloc_r
                0x0000000010007304      0x580 /usr/local/Cellar/arm-none-eabi-gcc/9-2019-q4-major/gcc/bin/../lib/gcc/arm-none-eabi/9.2.1/../../../../arm-none-eabi/lib/thumb/v6-m/nofp/libc.a(lib_a-mallocr.o)
                0x0000000010007304                _malloc_r
 .text.__malloc_lock
                0x0000000010007884       0x10 /usr/local/Cellar/arm-none-eabi-gcc/9-2019-q4-major/gcc/bin/../lib/gcc/arm-none-eabi/9.2.1/../../../../arm-none-eabi/lib/thumb/v6-m/nofp/libc.a(lib_a-mlock.o)
                0x0000000010007884                __malloc_lock
 .text.__malloc_unlock
                0x0000000010007894       0x10 /usr/local/Cellar/arm-none-eabi-gcc/9-2019-q4-major/gcc/bin/../lib/gcc/arm-none-eabi/9.2.1/../../../../arm-none-eabi/lib/thumb/v6-m/nofp/libc.a(lib_a-mlock.o)
                0x0000000010007894                __malloc_unlock
 .text._sbrk_r  0x00000000100078a4       0x24 /usr/local/Cellar/arm-none-eabi-gcc/9-2019-q4-major/gcc/bin/../lib/gcc/arm-none-eabi/9.2.1/../../../../arm-none-eabi/lib/thumb/v6-m/nofp/libc.a(lib_a-sbrkr.o)
                0x00000000100078a4                _sbrk_r
 .text.strlen   0x00000000100078c8       0x5c /usr/local/Cellar/arm-none-eabi-gcc/9-2019-q4-major/gcc/bin/../lib/gcc/arm-none-eabi/9.2.1/../../../../arm-none-eabi/lib/thumb/v6-m/nofp/libc.a(lib_a-strlen-stub.o)
                0x00000000100078c8                strlen
 .text._write_r
                0x0000000010007924       0x28 /usr/local/Cellar/arm-none-eabi-gcc/9-2019-q4-major/gcc/bin/../lib/gcc/arm-none-eabi/9.2.1/../../../../arm-none-eabi/lib/thumb/v6-m/nofp/libc.a(lib_a-writer.o)
                0x0000000010007924                _write_r
 .text.__sflush_r
                0x000000001000794c      0x140 /usr/local/Cellar/arm-none-eabi-gcc/9-2019-q4-major/gcc/bin/../lib/gcc/arm-none-eabi/9.2.1/../../../../arm-none-eabi/lib/thumb/v6-m/nofp/libc.a(lib_a-fflush.o)
                0x000000001000794c                __sflush_r
 .text._fflush_r
                0x0000000010007a8c       0x6c /usr/local/Cellar/arm-none-eabi-gcc/9-2019-q4-major/gcc/bin/../lib/gcc/arm-none-eabi/9.2.1/../../../../arm-none-eabi/lib/thumb/v6-m/nofp/libc.a(lib_a-fflush.o)
                0x0000000010007a8c                _fflush_r
 .text.fflush   0x0000000010007af8       0x2c /usr/local/Cellar/arm-none-eabi-gcc/9-2019-q4-major/gcc/bin/../lib/gcc/arm-none-eabi/9.2.1/../../../../arm-none-eabi/lib/thumb/v6-m/nofp/libc.a(lib_a-fflush.o)
                0x0000000010007af8                fflush
 .text.std      0x0000000010007b24       0x50 /usr/local/Cellar/arm-none-eabi-gcc/9-2019-q4-major/gcc/bin/../lib/gcc/arm-none-eabi/9.2.1/../../../../arm-none-eabi/lib/thumb/v6-m/nofp/libc.a(lib_a-findfp.o)
 .text._cleanup_r
                0x0000000010007b74       0x10 /usr/local/Cellar/arm-none-eabi-gcc/9-2019-q4-major/gcc/bin/../lib/gcc/arm-none-eabi/9.2.1/../../../../arm-none-eabi/lib/thumb/v6-m/nofp/libc.a(lib_a-findfp.o)
                0x0000000010007b74                _cleanup_r
 .text.__sinit  0x0000000010007b84       0x60 /usr/local/Cellar/arm-none-eabi-gcc/9-2019-q4-major/gcc/bin/../lib/gcc/arm-none-eabi/9.2.1/../../../../arm-none-eabi/lib/thumb/v6-m/nofp/libc.a(lib_a-findfp.o)
                0x0000000010007b84                __sinit
 .text.__sfp_lock_acquire
                0x0000000010007be4       0x10 /usr/local/Cellar/arm-none-eabi-gcc/9-2019-q4-major/gcc/bin/../lib/gcc/arm-none-eabi/9.2.1/../../../../arm-none-eabi/lib/thumb/v6-m/nofp/libc.a(lib_a-findfp.o)
                0x0000000010007be4                __sfp_lock_acquire
 .text.__sfp_lock_release
                0x0000000010007bf4       0x10 /usr/local/Cellar/arm-none-eabi-gcc/9-2019-q4-major/gcc/bin/../lib/gcc/arm-none-eabi/9.2.1/../../../../arm-none-eabi/lib/thumb/v6-m/nofp/libc.a(lib_a-findfp.o)
                0x0000000010007bf4                __sfp_lock_release
 .text._malloc_trim_r
                0x0000000010007c04       0x9c /usr/local/Cellar/arm-none-eabi-gcc/9-2019-q4-major/gcc/bin/../lib/gcc/arm-none-eabi/9.2.1/../../../../arm-none-eabi/lib/thumb/v6-m/nofp/libc.a(lib_a-freer.o)
                0x0000000010007c04                _malloc_trim_r
 .text._free_r  0x0000000010007ca0      0x1c4 /usr/local/Cellar/arm-none-eabi-gcc/9-2019-q4-major/gcc/bin/../lib/gcc/arm-none-eabi/9.2.1/../../../../arm-none-eabi/lib/thumb/v6-m/nofp/libc.a(lib_a-freer.o)
                0x0000000010007ca0                _free_r
 .text._fwalk   0x0000000010007e64       0x40 /usr/local/Cellar/arm-none-eabi-gcc/9-2019-q4-major/gcc/bin/../lib/gcc/arm-none-eabi/9.2.1/../../../../arm-none-eabi/lib/thumb/v6-m/nofp/libc.a(lib_a-fwalk.o)
                0x0000000010007e64                _fwalk
 .text._fwalk_reent
                0x0000000010007ea4       0x48 /usr/local/Cellar/arm-none-eabi-gcc/9-2019-q4-major/gcc/bin/../lib/gcc/arm-none-eabi/9.2.1/../../../../arm-none-eabi/lib/thumb/v6-m/nofp/libc.a(lib_a-fwalk.o)
                0x0000000010007ea4                _fwalk_reent
 .text._getc_r  0x0000000010007eec       0x60 /usr/local/Cellar/arm-none-eabi-gcc/9-2019-q4-major/gcc/bin/../lib/gcc/arm-none-eabi/9.2.1/../../../../arm-none-eabi/lib/thumb/v6-m/nofp/libc.a(lib_a-getc.o)
                0x0000000010007eec                _getc_r
 .text.__swhatbuf_r
                0x0000000010007f4c       0x60 /usr/local/Cellar/arm-none-eabi-gcc/9-2019-q4-major/gcc/bin/../lib/gcc/arm-none-eabi/9.2.1/../../../../arm-none-eabi/lib/thumb/v6-m/nofp/libc.a(lib_a-makebuf.o)
                0x0000000010007f4c                __swhatbuf_r
 .text.__smakebuf_r
                0x0000000010007fac       0x90 /usr/local/Cellar/arm-none-eabi-gcc/9-2019-q4-major/gcc/bin/../lib/gcc/arm-none-eabi/9.2.1/../../../../arm-none-eabi/lib/thumb/v6-m/nofp/libc.a(lib_a-makebuf.o)
                0x0000000010007fac                __smakebuf_r
 .text.__srget_r
                0x000000001000803c       0x38 /usr/local/Cellar/arm-none-eabi-gcc/9-2019-q4-major/gcc/bin/../lib/gcc/arm-none-eabi/9.2.1/../../../../arm-none-eabi/lib/thumb/v6-m/nofp/libc.a(lib_a-rget.o)
                0x000000001000803c                __srget_r
 .text.__sread  0x0000000010008074       0x28 /usr/local/Cellar/arm-none-eabi-gcc/9-2019-q4-major/gcc/bin/../lib/gcc/arm-none-eabi/9.2.1/../../../../arm-none-eabi/lib/thumb/v6-m/nofp/libc.a(lib_a-stdio.o)
                0x0000000010008074                __sread
 .text.__swrite
                0x000000001000809c       0x40 /usr/local/Cellar/arm-none-eabi-gcc/9-2019-q4-major/gcc/bin/../lib/gcc/arm-none-eabi/9.2.1/../../../../arm-none-eabi/lib/thumb/v6-m/nofp/libc.a(lib_a-stdio.o)
                0x000000001000809c                __swrite
 .text.__sseek  0x00000000100080dc       0x2c /usr/local/Cellar/arm-none-eabi-gcc/9-2019-q4-major/gcc/bin/../lib/gcc/arm-none-eabi/9.2.1/../../../../arm-none-eabi/lib/thumb/v6-m/nofp/libc.a(lib_a-stdio.o)
                0x00000000100080dc                __sseek
 .text.__sclose
                0x0000000010008108        0xc /usr/local/Cellar/arm-none-eabi-gcc/9-2019-q4-major/gcc/bin/../lib/gcc/arm-none-eabi/9.2.1/../../../../arm-none-eabi/lib/thumb/v6-m/nofp/libc.a(lib_a-stdio.o)
                0x0000000010008108                __sclose
 .text._close_r
                0x0000000010008114       0x24 /usr/local/Cellar/arm-none-eabi-gcc/9-2019-q4-major/gcc/bin/../lib/gcc/arm-none-eabi/9.2.1/../../../../arm-none-eabi/lib/thumb/v6-m/nofp/libc.a(lib_a-closer.o)
                0x0000000010008114                _close_r
 .text._fclose_r
                0x0000000010008138       0xdc /usr/local/Cellar/arm-none-eabi-gcc/9-2019-q4-major/gcc/bin/../lib/gcc/arm-none-eabi/9.2.1/../../../../arm-none-eabi/lib/thumb/v6-m/nofp/libc.a(lib_a-fclose.o)
                0x0000000010008138                _fclose_r
 .text._fstat_r
                0x0000000010008214       0x28 /usr/local/Cellar/arm-none-eabi-gcc/9-2019-q4-major/gcc/bin/../lib/gcc/arm-none-eabi/9.2.1/../../../../arm-none-eabi/lib/thumb/v6-m/nofp/libc.a(lib_a-fstatr.o)
                0x0000000010008214                _fstat_r
 .text._isatty_r
                0x000000001000823c       0x24 /usr/local/Cellar/arm-none-eabi-gcc/9-2019-q4-major/gcc/bin/../lib/gcc/arm-none-eabi/9.2.1/../../../../arm-none-eabi/lib/thumb/v6-m/nofp/libc.a(lib_a-isattyr.o)
                0x000000001000823c                _isatty_r
 .text._lseek_r
                0x0000000010008260       0x28 /usr/local/Cellar/arm-none-eabi-gcc/9-2019-q4-major/gcc/bin/../lib/gcc/arm-none-eabi/9.2.1/../../../../arm-none-eabi/lib/thumb/v6-m/nofp/libc.a(lib_a-lseekr.o)
                0x0000000010008260                _lseek_r
 .text._read_r  0x0000000010008288       0x28 /usr/local/Cellar/arm-none-eabi-gcc/9-2019-q4-major/gcc/bin/../lib/gcc/arm-none-eabi/9.2.1/../../../../arm-none-eabi/lib/thumb/v6-m/nofp/libc.a(lib_a-readr.o)
                0x0000000010008288                _read_r
 .text.lflush   0x00000000100082b0       0x1c /usr/local/Cellar/arm-none-eabi-gcc/9-2019-q4-major/gcc/bin/../lib/gcc/arm-none-eabi/9.2.1/../../../../arm-none-eabi/lib/thumb/v6-m/nofp/libc.a(lib_a-refill.o)
 .text.__srefill_r
                0x00000000100082cc      0x124 /usr/local/Cellar/arm-none-eabi-gcc/9-2019-q4-major/gcc/bin/../lib/gcc/arm-none-eabi/9.2.1/../../../../arm-none-eabi/lib/thumb/v6-m/nofp/libc.a(lib_a-refill.o)
                0x00000000100082cc                __srefill_r
 .text._close   0x00000000100083f0       0x10 /usr/local/Cellar/arm-none-eabi-gcc/9-2019-q4-major/gcc/bin/../lib/gcc/arm-none-eabi/9.2.1/../../../../arm-none-eabi/lib/thumb/v6-m/nofp/libnosys.a(close.o)
                0x00000000100083f0                _close
 .text._fstat   0x0000000010008400       0x10 /usr/local/Cellar/arm-none-eabi-gcc/9-2019-q4-major/gcc/bin/../lib/gcc/arm-none-eabi/9.2.1/../../../../arm-none-eabi/lib/thumb/v6-m/nofp/libnosys.a(fstat.o)
                0x0000000010008400                _fstat
 .text._isatty  0x0000000010008410       0x10 /usr/local/Cellar/arm-none-eabi-gcc/9-2019-q4-major/gcc/bin/../lib/gcc/arm-none-eabi/9.2.1/../../../../arm-none-eabi/lib/thumb/v6-m/nofp/libnosys.a(isatty.o)
                0x0000000010008410                _isatty
 .text._lseek   0x0000000010008420       0x10 /usr/local/Cellar/arm-none-eabi-gcc/9-2019-q4-major/gcc/bin/../lib/gcc/arm-none-eabi/9.2.1/../../../../arm-none-eabi/lib/thumb/v6-m/nofp/libnosys.a(lseek.o)
                0x0000000010008420                _lseek
 *(.fini)
 .fini          0x0000000010008430        0x4 /usr/local/Cellar/arm-none-eabi-gcc/9-2019-q4-major/gcc/bin/../lib/gcc/arm-none-eabi/9.2.1/thumb/v6-m/nofp/crti.o
                0x0000000010008430                _fini
 *fill*         0x0000000010008434        0x4 
 .fini.__stub   0x0000000010008438       0x60 linker stubs
 *crtbegin.o(.ctors)
 *crtbegin?.o(.ctors)
 *(EXCLUDE_FILE(*crtend.o *crtend?.o) .ctors)
 *(SORT_BY_NAME(.ctors.*))
 *(.ctors)
 *crtbegin.o(.dtors)
 *crtbegin?.o(.dtors)
 *(EXCLUDE_FILE(*crtend.o *crtend?.o) .dtors)
 *(SORT_BY_NAME(.dtors.*))
 *(.dtors)
 *(.eh_frame*)
 .eh_frame      0x0000000010008498        0x0 /usr/local/Cellar/arm-none-eabi-gcc/9-2019-q4-major/gcc/bin/../lib/gcc/arm-none-eabi/9.2.1/thumb/v6-m/nofp/crtbegin.o
                0x0000000010008498                . = ALIGN (0x4)

.glue_7         0x0000000010008498        0x0
 .glue_7        0x0000000010008498        0x0 linker stubs

.glue_7t        0x0000000010008498        0x0
 .glue_7t       0x0000000010008498        0x0 linker stubs

.vfp11_veneer   0x0000000010008498        0x0
 .vfp11_veneer  0x0000000010008498        0x0 linker stubs

.v4_bx          0x0000000010008498        0x0
 .v4_bx         0x0000000010008498        0x0 linker stubs

.iplt           0x0000000010008498        0x0
 .iplt          0x0000000010008498        0x0 /usr/local/Cellar/arm-none-eabi-gcc/9-2019-q4-major/gcc/bin/../lib/gcc/arm-none-eabi/9.2.1/thumb/v6-m/nofp/crtbegin.o

.rodata         0x0000000010008498      0x8a0
 *(EXCLUDE_FILE(*libm.a: *libc.a:*lib_a-mem*.o *libgcc.a:) .rodata*)
 .rodata._Z20methodOn2ndProcessorv.str1.4
                0x0000000010008498        0x9 CMakeFiles/multi_processor.dir/multi_processor.cpp.obj
 *fill*         0x00000000100084a1        0x3 
 .rodata.setup.str1.4
                0x00000000100084a4       0x57 CMakeFiles/multi_processor.dir/multi_processor.cpp.obj
 *fill*         0x00000000100084fb        0x1 
 .rodata.loop.str1.4
                0x00000000100084fc        0x9 CMakeFiles/multi_processor.dir/multi_processor.cpp.obj
 *fill*         0x0000000010008505        0x3 
 .rodata.str1.4
                0x0000000010008508       0x2c CMakeFiles/multi_processor.dir/Users/pschatzmann/Documents/Projects/cpp/pico-sdk/src/rp2_common/pico_stdio_uart/stdio_uart.c.obj
 .rodata.__bi_27.4687
                0x0000000010008534        0xc CMakeFiles/multi_processor.dir/Users/pschatzmann/Documents/Projects/cpp/pico-sdk/src/rp2_common/pico_stdio_uart/stdio_uart.c.obj
 .rodata.__bi_28.4691
                0x0000000010008540        0x8 CMakeFiles/multi_processor.dir/Users/pschatzmann/Documents/Projects/cpp/pico-sdk/src/rp2_common/pico_stdio_uart/stdio_uart.c.obj
 .rodata.crlf_str.5969
                0x0000000010008548        0x2 CMakeFiles/multi_processor.dir/Users/pschatzmann/Documents/Projects/cpp/pico-sdk/src/rp2_common/pico_stdio/stdio.c.obj
 *fill*         0x000000001000854a        0x2 
 .rodata._ftoa.str1.4
                0x000000001000854c       0x15 CMakeFiles/multi_processor.dir/Users/pschatzmann/Documents/Projects/cpp/pico-sdk/src/rp2_common/pico_printf/printf.c.obj
 *fill*         0x0000000010008561        0x3 
 .rodata._vsnprintf
                0x0000000010008564      0x1e0 CMakeFiles/multi_processor.dir/Users/pschatzmann/Documents/Projects/cpp/pico-sdk/src/rp2_common/pico_printf/printf.c.obj
 *fill*         0x0000000010008744        0x4 
 .rodata.pow10.5432
                0x0000000010008748       0x50 CMakeFiles/multi_processor.dir/Users/pschatzmann/Documents/Projects/cpp/pico-sdk/src/rp2_common/pico_printf/printf.c.obj
 .rodata.str1.4
                0x0000000010008798       0x13 CMakeFiles/multi_processor.dir/Users/pschatzmann/Documents/Projects/cpp/pico-sdk/src/rp2_common/pico_stdio_usb/stdio_usb.c.obj
 *fill*         0x00000000100087ab        0x1 
 .rodata.__bi_93.6991
                0x00000000100087ac        0xc CMakeFiles/multi_processor.dir/Users/pschatzmann/Documents/Projects/cpp/pico-sdk/src/rp2_common/pico_stdio_usb/stdio_usb.c.obj
 .rodata.str1.4
                0x00000000100087b8       0x32 CMakeFiles/multi_processor.dir/Users/pschatzmann/Documents/Projects/cpp/pico-sdk/src/rp2_common/pico_stdio_usb/stdio_usb_descriptors.c.obj
 *fill*         0x00000000100087ea        0x2 
 .rodata.usbd_desc_cfg
                0x00000000100087ec       0x4b CMakeFiles/multi_processor.dir/Users/pschatzmann/Documents/Projects/cpp/pico-sdk/src/rp2_common/pico_stdio_usb/stdio_usb_descriptors.c.obj
 *fill*         0x0000000010008837        0x1 
 .rodata.usbd_desc_device
                0x0000000010008838       0x12 CMakeFiles/multi_processor.dir/Users/pschatzmann/Documents/Projects/cpp/pico-sdk/src/rp2_common/pico_stdio_usb/stdio_usb_descriptors.c.obj
 *fill*         0x000000001000884a        0x2 
 .rodata.usbd_desc_str
                0x000000001000884c       0x14 CMakeFiles/multi_processor.dir/Users/pschatzmann/Documents/Projects/cpp/pico-sdk/src/rp2_common/pico_stdio_usb/stdio_usb_descriptors.c.obj
 .rodata.dcd_rp2040_irq.str1.4
                0x0000000010008860       0x14 CMakeFiles/multi_processor.dir/Users/pschatzmann/Documents/Projects/cpp/pico-sdk/lib/tinyusb/src/portable/raspberrypi/rp2040/dcd_rp2040.c.obj
 .rodata.dcd_edpt_open.str1.4
                0x0000000010008874       0x28 CMakeFiles/multi_processor.dir/Users/pschatzmann/Documents/Projects/cpp/pico-sdk/lib/tinyusb/src/portable/raspberrypi/rp2040/dcd_rp2040.c.obj
 .rodata._hw_endpoint_buffer_control_update32.str1.4
                0x000000001000889c       0x1f CMakeFiles/multi_processor.dir/Users/pschatzmann/Documents/Projects/cpp/pico-sdk/lib/tinyusb/src/portable/raspberrypi/rp2040/rp2040_usb.c.obj
 *fill*         0x00000000100088bb        0x1 
 .rodata._hw_endpoint_xfer_continue.str1.4
                0x00000000100088bc       0x50 CMakeFiles/multi_processor.dir/Users/pschatzmann/Documents/Projects/cpp/pico-sdk/lib/tinyusb/src/portable/raspberrypi/rp2040/rp2040_usb.c.obj
 .rodata.str1.4
                0x000000001000890c       0x50 CMakeFiles/multi_processor.dir/Users/pschatzmann/Documents/Projects/cpp/pico-sdk/lib/tinyusb/src/portable/raspberrypi/rp2040/rp2040_usb.c.obj
                                          0x7 (size before relaxing)
 .rodata.tud_task
                0x000000001000890c       0x8c CMakeFiles/multi_processor.dir/Users/pschatzmann/Documents/Projects/cpp/pico-sdk/lib/tinyusb/src/device/usbd.c.obj
 .rodata._usbd_driver
                0x0000000010008998       0x1c CMakeFiles/multi_processor.dir/Users/pschatzmann/Documents/Projects/cpp/pico-sdk/lib/tinyusb/src/device/usbd.c.obj
 .rodata.spin_lock_claim_unused.str1.4
                0x00000000100089b4       0x1b CMakeFiles/multi_processor.dir/Users/pschatzmann/Documents/Projects/cpp/pico-sdk/src/rp2_common/hardware_sync/sync.c.obj
 *fill*         0x00000000100089cf        0x1 
 .rodata.at_the_end_of_time
                0x00000000100089d0        0x8 CMakeFiles/multi_processor.dir/Users/pschatzmann/Documents/Projects/cpp/pico-sdk/src/common/pico_time/time.c.obj
                0x00000000100089d0                at_the_end_of_time
 .rodata.hardware_alarm_claim.str1.4
                0x00000000100089d8       0x22 CMakeFiles/multi_processor.dir/Users/pschatzmann/Documents/Projects/cpp/pico-sdk/src/rp2_common/hardware_timer/timer.c.obj
 *fill*         0x00000000100089fa        0x2 
 .rodata.panic.str1.4
                0x00000000100089fc       0x12 CMakeFiles/multi_processor.dir/Users/pschatzmann/Documents/Projects/cpp/pico-sdk/src/rp2_common/pico_runtime/runtime.c.obj
 *fill*         0x0000000010008a0e        0x2 
 .rodata.hard_assertion_failure.str1.4
                0x0000000010008a10        0xc CMakeFiles/multi_processor.dir/Users/pschatzmann/Documents/Projects/cpp/pico-sdk/src/rp2_common/pico_runtime/runtime.c.obj
 .rodata.str1.4
                0x0000000010008a1c       0x34 CMakeFiles/multi_processor.dir/Users/pschatzmann/Documents/Projects/cpp/pico-sdk/src/rp2_common/pico_standard_link/binary_info.c.obj
 .rodata.__bi_40
                0x0000000010008a50        0xc CMakeFiles/multi_processor.dir/Users/pschatzmann/Documents/Projects/cpp/pico-sdk/src/rp2_common/pico_standard_link/binary_info.c.obj
 .rodata.__bi_71
                0x0000000010008a5c        0xc CMakeFiles/multi_processor.dir/Users/pschatzmann/Documents/Projects/cpp/pico-sdk/src/rp2_common/pico_standard_link/binary_info.c.obj
 .rodata._ZN7arduino5Print7printlnEPKNS_19__FlashStringHelperE.str1.4
                0x0000000010008a68        0x3 /Users/pschatzmann/Documents/Projects/cpp/pico-arduino/lib/libarduino.a(Print.cpp.obj)
 *fill*         0x0000000010008a6b        0x1 
 .rodata._ZN18PicoHardwareSerial5beginEmmaabbb
                0x0000000010008a6c      0x230 /Users/pschatzmann/Documents/Projects/cpp/pico-arduino/lib/libarduino.a(Arduino.cpp.obj)
 .rodata._ZN7arduino13ArduinoLogger3logENS0_8LogLevelEPKcS3_S3_.str1.4
                0x0000000010008c9c        0x2 /Users/pschatzmann/Documents/Projects/cpp/pico-arduino/lib/libarduino.a(Arduino.cpp.obj)
 *fill*         0x0000000010008c9e        0x2 
 .rodata._ZTVN7arduino13ArduinoLoggerE
                0x0000000010008ca0       0x24 /Users/pschatzmann/Documents/Projects/cpp/pico-arduino/lib/libarduino.a(Arduino.cpp.obj)
                0x0000000010008ca0                vtable for arduino::ArduinoLogger
 .rodata._ZTV17PicoDefaultSerial
                0x0000000010008cc4       0x38 /Users/pschatzmann/Documents/Projects/cpp/pico-arduino/lib/libarduino.a(Arduino.cpp.obj)
                0x0000000010008cc4                vtable for PicoDefaultSerial
 .rodata._ZTV18PicoHardwareSerial
                0x0000000010008cfc       0x38 /Users/pschatzmann/Documents/Projects/cpp/pico-arduino/lib/libarduino.a(Arduino.cpp.obj)
                0x0000000010008cfc                vtable for PicoHardwareSerial
 .rodata._global_impure_ptr
                0x0000000010008d34        0x4 /usr/local/Cellar/arm-none-eabi-gcc/9-2019-q4-major/gcc/bin/../lib/gcc/arm-none-eabi/9.2.1/../../../../arm-none-eabi/lib/thumb/v6-m/nofp/libc.a(lib_a-impure.o)
                0x0000000010008d34                _global_impure_ptr
                0x0000000010008d38                . = ALIGN (0x4)
 *(SORT_BY_ALIGNMENT(SORT_BY_NAME(.flashdata*)))
                0x0000000010008d38                . = ALIGN (0x4)

.ARM.extab
 *(.ARM.extab* .gnu.linkonce.armextab.*)
                0x0000000010008d38                __exidx_start = .

.ARM.exidx      0x0000000010008d38        0x8
 *(.ARM.exidx* .gnu.linkonce.armexidx.*)
 .ARM.exidx.text.startup._GLOBAL__sub_I__ZN9__gnu_cxx9__freeresEv
                0x0000000010008d38        0x8 /usr/local/Cellar/arm-none-eabi-gcc/9-2019-q4-major/gcc/bin/../lib/gcc/arm-none-eabi/9.2.1/../../../../arm-none-eabi/lib/thumb/v6-m/nofp/libstdc++.a(eh_alloc.o)
                0x0000000010008d40                __exidx_end = .

.rel.dyn        0x0000000010008d40        0x0
 .rel.iplt      0x0000000010008d40        0x0 /usr/local/Cellar/arm-none-eabi-gcc/9-2019-q4-major/gcc/bin/../lib/gcc/arm-none-eabi/9.2.1/thumb/v6-m/nofp/crtbegin.o
                0x0000000010008d40                . = ALIGN (0x4)
                0x0000000010008d40                __binary_info_start = .

.binary_info    0x0000000010008d40       0x24
 *(.binary_info.keep.*)
 .binary_info.keep.__bi_ptr18
                0x0000000010008d40        0x4 CMakeFiles/multi_processor.dir/Users/pschatzmann/Documents/Projects/cpp/pico-sdk/src/rp2_common/pico_standard_link/binary_info.c.obj
 .binary_info.keep.__bi_ptr26
                0x0000000010008d44        0x4 CMakeFiles/multi_processor.dir/Users/pschatzmann/Documents/Projects/cpp/pico-sdk/src/rp2_common/pico_standard_link/binary_info.c.obj
 .binary_info.keep.__bi_ptr34
                0x0000000010008d48        0x4 CMakeFiles/multi_processor.dir/Users/pschatzmann/Documents/Projects/cpp/pico-sdk/src/rp2_common/pico_standard_link/binary_info.c.obj
 .binary_info.keep.__bi_ptr40
                0x0000000010008d4c        0x4 CMakeFiles/multi_processor.dir/Users/pschatzmann/Documents/Projects/cpp/pico-sdk/src/rp2_common/pico_standard_link/binary_info.c.obj
 .binary_info.keep.__bi_ptr46
                0x0000000010008d50        0x4 CMakeFiles/multi_processor.dir/Users/pschatzmann/Documents/Projects/cpp/pico-sdk/src/rp2_common/pico_standard_link/binary_info.c.obj
 .binary_info.keep.__bi_ptr71
                0x0000000010008d54        0x4 CMakeFiles/multi_processor.dir/Users/pschatzmann/Documents/Projects/cpp/pico-sdk/src/rp2_common/pico_standard_link/binary_info.c.obj
 *(.binary_info.*)
 .binary_info.__bi_ptr27
                0x0000000010008d58        0x4 CMakeFiles/multi_processor.dir/Users/pschatzmann/Documents/Projects/cpp/pico-sdk/src/rp2_common/pico_stdio_uart/stdio_uart.c.obj
 .binary_info.__bi_ptr28
                0x0000000010008d5c        0x4 CMakeFiles/multi_processor.dir/Users/pschatzmann/Documents/Projects/cpp/pico-sdk/src/rp2_common/pico_stdio_uart/stdio_uart.c.obj
 .binary_info.__bi_ptr93
                0x0000000010008d60        0x4 CMakeFiles/multi_processor.dir/Users/pschatzmann/Documents/Projects/cpp/pico-sdk/src/rp2_common/pico_stdio_usb/stdio_usb.c.obj
                0x0000000010008d64                __binary_info_end = .
                0x0000000010008d64                . = ALIGN (0x4)
                0x0000000010008d64                __etext = .

.ram_vector_table
                0x0000000020000000       0xc0
 *(.ram_vector_table)
 .ram_vector_table
                0x0000000020000000       0xc0 CMakeFiles/multi_processor.dir/Users/pschatzmann/Documents/Projects/cpp/pico-sdk/src/rp2_common/pico_runtime/runtime.c.obj
                0x0000000020000000                ram_vector_table

.data           0x00000000200000c0      0xab8 load address 0x0000000010008d64
                0x00000000200000c0                __data_start__ = .
 *(vtable)
 *(.time_critical*)
 .time_critical.mutex_enter_blocking
                0x00000000200000c0       0x50 CMakeFiles/multi_processor.dir/Users/pschatzmann/Documents/Projects/cpp/pico-sdk/src/common/pico_sync/mutex.c.obj
                0x00000000200000c0                mutex_enter_blocking
 .time_critical.mutex_try_enter
                0x0000000020000110       0x4c CMakeFiles/multi_processor.dir/Users/pschatzmann/Documents/Projects/cpp/pico-sdk/src/common/pico_sync/mutex.c.obj
                0x0000000020000110                mutex_try_enter
 .time_critical.mutex_enter_timeout_ms
                0x000000002000015c       0x98 CMakeFiles/multi_processor.dir/Users/pschatzmann/Documents/Projects/cpp/pico-sdk/src/common/pico_sync/mutex.c.obj
                0x000000002000015c                mutex_enter_timeout_ms
 .time_critical.mutex_exit
                0x00000000200001f4       0x28 CMakeFiles/multi_processor.dir/Users/pschatzmann/Documents/Projects/cpp/pico-sdk/src/common/pico_sync/mutex.c.obj
                0x00000000200001f4                mutex_exit
 *(.text*)
 .text          0x000000002000021c        0x4 /usr/local/Cellar/arm-none-eabi-gcc/9-2019-q4-major/gcc/bin/../lib/gcc/arm-none-eabi/9.2.1/thumb/v6-m/nofp/libgcc.a(_dvmd_tls.o)
                0x000000002000021c                __aeabi_ldiv0
                0x000000002000021c                __aeabi_idiv0
 .text.__stub   0x0000000020000220       0x30 linker stubs
                0x0000000020000250                . = ALIGN (0x4)
 *(.rodata*)
                0x0000000020000250                . = ALIGN (0x4)
 *(.data*)
 .data.stdio_uart
                0x0000000020000250       0x14 CMakeFiles/multi_processor.dir/Users/pschatzmann/Documents/Projects/cpp/pico-sdk/src/rp2_common/pico_stdio_uart/stdio_uart.c.obj
                0x0000000020000250                stdio_uart
 .data.stdio_usb
                0x0000000020000264       0x14 CMakeFiles/multi_processor.dir/Users/pschatzmann/Documents/Projects/cpp/pico-sdk/src/rp2_common/pico_stdio_usb/stdio_usb.c.obj
                0x0000000020000264                stdio_usb
 .data.ep_dir_string
                0x0000000020000278        0x8 CMakeFiles/multi_processor.dir/Users/pschatzmann/Documents/Projects/cpp/pico-sdk/lib/tinyusb/src/portable/raspberrypi/rp2040/rp2040_usb.c.obj
                0x0000000020000278                ep_dir_string
 .data._usbd_qdef
                0x0000000020000280       0x20 CMakeFiles/multi_processor.dir/Users/pschatzmann/Documents/Projects/cpp/pico-sdk/lib/tinyusb/src/device/usbd.c.obj
                0x0000000020000280                _usbd_qdef
 .data          0x00000000200002a0       0x48 CMakeFiles/multi_processor.dir/Users/pschatzmann/Documents/Projects/cpp/pico-sdk/src/rp2_common/hardware_irq/irq_handler_chain.S.obj
                0x00000000200002a0                irq_handler_chain_slots
                0x00000000200002d0                irq_handler_chain_first_slot
                0x00000000200002da                irq_handler_chain_remove_tail
 .data.striped_spin_lock_num
                0x00000000200002e8        0x1 CMakeFiles/multi_processor.dir/Users/pschatzmann/Documents/Projects/cpp/pico-sdk/src/rp2_common/hardware_sync/sync.c.obj
 *fill*         0x00000000200002e9        0x7 
 .data.aeabi_bits_funcs
                0x00000000200002f0       0x10 CMakeFiles/multi_processor.dir/Users/pschatzmann/Documents/Projects/cpp/pico-sdk/src/rp2_common/pico_bit_ops/bit_ops_aeabi.S.obj
                0x00000000200002f0                aeabi_bits_funcs
                0x0000000020000300                aeabi_bits_funcs_end
 .data.aeabi_mem_funcs
                0x0000000020000300       0x10 CMakeFiles/multi_processor.dir/Users/pschatzmann/Documents/Projects/cpp/pico-sdk/src/rp2_common/pico_mem_ops/mem_ops_aeabi.S.obj
                0x0000000020000300                aeabi_mem_funcs
                0x0000000020000310                aeabi_mem_funcs_end
 .data._impure_ptr
                0x0000000020000310        0x4 /usr/local/Cellar/arm-none-eabi-gcc/9-2019-q4-major/gcc/bin/../lib/gcc/arm-none-eabi/9.2.1/../../../../arm-none-eabi/lib/thumb/v6-m/nofp/libc.a(lib_a-impure.o)
                0x0000000020000310                _impure_ptr
 *fill*         0x0000000020000314        0x4 
 .data.impure_data
                0x0000000020000318      0x428 /usr/local/Cellar/arm-none-eabi-gcc/9-2019-q4-major/gcc/bin/../lib/gcc/arm-none-eabi/9.2.1/../../../../arm-none-eabi/lib/thumb/v6-m/nofp/libc.a(lib_a-impure.o)
 .data.__malloc_av_
                0x0000000020000740      0x408 /usr/local/Cellar/arm-none-eabi-gcc/9-2019-q4-major/gcc/bin/../lib/gcc/arm-none-eabi/9.2.1/../../../../arm-none-eabi/lib/thumb/v6-m/nofp/libc.a(lib_a-mallocr.o)