Archive member included to satisfy reference by file (symbol)

/Users/pschatzmann/Documents/Projects/cpp/pico-arduino/lib/libarduino.a(Print.cpp.obj)
                              CMakeFiles/semaphore.dir/semaphore.cpp.obj (arduino::Print::print(char const*))
/Users/pschatzmann/Documents/Projects/cpp/pico-arduino/lib/libarduino.a(Arduino.cpp.obj)
                              CMakeFiles/semaphore.dir/semaphore.cpp.obj (Serial)
/Users/pschatzmann/Documents/Projects/cpp/pico-arduino/lib/libarduino.a(main.cpp.obj)
                              /usr/local/Cellar/arm-none-eabi-gcc/9-2019-q4-major/gcc/bin/../lib/gcc/arm-none-eabi/9.2.1/../../../../arm-none-eabi/lib/thumb/v6-m/nofp/crt0.o (main)
/usr/local/Cellar/arm-none-eabi-gcc/9-2019-q4-major/gcc/bin/../lib/gcc/arm-none-eabi/9.2.1/../../../../arm-none-eabi/lib/thumb/v6-m/nofp/libstdc++.a(pure.o)
                              /Users/pschatzmann/Documents/Projects/cpp/pico-arduino/lib/libarduino.a(Print.cpp.obj) (__cxa_pure_virtual)
/usr/local/Cellar/arm-none-eabi-gcc/9-2019-q4-major/gcc/bin/../lib/gcc/arm-none-eabi/9.2.1/../../../../arm-none-eabi/lib/thumb/v6-m/nofp/libstdc++.a(eh_terminate.o)
                              /usr/local/Cellar/arm-none-eabi-gcc/9-2019-q4-major/gcc/bin/../lib/gcc/arm-none-eabi/9.2.1/../../../../arm-none-eabi/lib/thumb/v6-m/nofp/libstdc++.a(pure.o) (std::terminate())
/usr/local/Cellar/arm-none-eabi-gcc/9-2019-q4-major/gcc/bin/../lib/gcc/arm-none-eabi/9.2.1/../../../../arm-none-eabi/lib/thumb/v6-m/nofp/libstdc++.a(eh_unex_handler.o)
                              /usr/local/Cellar/arm-none-eabi-gcc/9-2019-q4-major/gcc/bin/../lib/gcc/arm-none-eabi/9.2.1/../../../../arm-none-eabi/lib/thumb/v6-m/nofp/libstdc++.a(eh_terminate.o) (__cxxabiv1::__unexpected_handler)
/usr/local/Cellar/arm-none-eabi-gcc/9-2019-q4-major/gcc/bin/../lib/gcc/arm-none-eabi/9.2.1/../../../../arm-none-eabi/lib/thumb/v6-m/nofp/libstdc++.a(vterminate.o)
                              /usr/local/Cellar/arm-none-eabi-gcc/9-2019-q4-major/gcc/bin/../lib/gcc/arm-none-eabi/9.2.1/../../../../arm-none-eabi/lib/thumb/v6-m/nofp/libstdc++.a(eh_terminate.o) (__gnu_cxx::__verbose_terminate_handler())
/usr/local/Cellar/arm-none-eabi-gcc/9-2019-q4-major/gcc/bin/../lib/gcc/arm-none-eabi/9.2.1/../../../../arm-none-eabi/lib/thumb/v6-m/nofp/libstdc++.a(cp-demangle.o)
                              /usr/local/Cellar/arm-none-eabi-gcc/9-2019-q4-major/gcc/bin/../lib/gcc/arm-none-eabi/9.2.1/../../../../arm-none-eabi/lib/thumb/v6-m/nofp/libstdc++.a(vterminate.o) (__cxa_demangle)
/usr/local/Cellar/arm-none-eabi-gcc/9-2019-q4-major/gcc/bin/../lib/gcc/arm-none-eabi/9.2.1/../../../../arm-none-eabi/lib/thumb/v6-m/nofp/libstdc++.a(eh_arm.o)
                              /usr/local/Cellar/arm-none-eabi-gcc/9-2019-q4-major/gcc/bin/../lib/gcc/arm-none-eabi/9.2.1/../../../../arm-none-eabi/lib/thumb/v6-m/nofp/libstdc++.a(eh_terminate.o) (__cxa_end_cleanup)
/usr/local/Cellar/arm-none-eabi-gcc/9-2019-q4-major/gcc/bin/../lib/gcc/arm-none-eabi/9.2.1/../../../../arm-none-eabi/lib/thumb/v6-m/nofp/libstdc++.a(eh_call.o)
                              /usr/local/Cellar/arm-none-eabi-gcc/9-2019-q4-major/gcc/bin/../lib/gcc/arm-none-eabi/9.2.1/../../../../arm-none-eabi/lib/thumb/v6-m/nofp/libstdc++.a(eh_terminate.o) (__cxa_call_unexpected)
/usr/local/Cellar/arm-none-eabi-gcc/9-2019-q4-major/gcc/bin/../lib/gcc/arm-none-eabi/9.2.1/../../../../arm-none-eabi/lib/thumb/v6-m/nofp/libstdc++.a(eh_catch.o)
                              /usr/local/Cellar/arm-none-eabi-gcc/9-2019-q4-major/gcc/bin/../lib/gcc/arm-none-eabi/9.2.1/../../../../arm-none-eabi/lib/thumb/v6-m/nofp/libstdc++.a(eh_terminate.o) (__cxa_begin_catch)
/usr/local/Cellar/arm-none-eabi-gcc/9-2019-q4-major/gcc/bin/../lib/gcc/arm-none-eabi/9.2.1/../../../../arm-none-eabi/lib/thumb/v6-m/nofp/libstdc++.a(eh_exception.o)
                              /usr/local/Cellar/arm-none-eabi-gcc/9-2019-q4-major/gcc/bin/../lib/gcc/arm-none-eabi/9.2.1/../../../../arm-none-eabi/lib/thumb/v6-m/nofp/libstdc++.a(eh_call.o) (std::bad_exception::~bad_exception())
/usr/local/Cellar/arm-none-eabi-gcc/9-2019-q4-major/gcc/bin/../lib/gcc/arm-none-eabi/9.2.1/../../../../arm-none-eabi/lib/thumb/v6-m/nofp/libstdc++.a(eh_globals.o)
                              /usr/local/Cellar/arm-none-eabi-gcc/9-2019-q4-major/gcc/bin/../lib/gcc/arm-none-eabi/9.2.1/../../../../arm-none-eabi/lib/thumb/v6-m/nofp/libstdc++.a(eh_call.o) (__cxa_get_globals_fast)
/usr/local/Cellar/arm-none-eabi-gcc/9-2019-q4-major/gcc/bin/../lib/gcc/arm-none-eabi/9.2.1/../../../../arm-none-eabi/lib/thumb/v6-m/nofp/libstdc++.a(eh_personality.o)
                              /usr/local/Cellar/arm-none-eabi-gcc/9-2019-q4-major/gcc/bin/../lib/gcc/arm-none-eabi/9.2.1/../../../../arm-none-eabi/lib/thumb/v6-m/nofp/libstdc++.a(eh_terminate.o) (__gxx_personality_v0)
/usr/local/Cellar/arm-none-eabi-gcc/9-2019-q4-major/gcc/bin/../lib/gcc/arm-none-eabi/9.2.1/../../../../arm-none-eabi/lib/thumb/v6-m/nofp/libstdc++.a(eh_term_handler.o)
[...]
Memory Configuration

Name             Origin             Length             Attributes
FLASH            0x0000000010000000 0x0000000000200000 xr
RAM              0x0000000020000000 0x0000000000040000 xrw
SCRATCH_X        0x0000000020040000 0x0000000000001000 xrw
SCRATCH_Y        0x0000000020041000 0x0000000000001000 xrw
*default*        0x0000000000000000 0xffffffffffffffff

Linker script and memory map

LOAD /usr/local/Cellar/arm-none-eabi-gcc/9-2019-q4-major/gcc/bin/../lib/gcc/arm-none-eabi/9.2.1/thumb/v6-m/nofp/crti.o
LOAD /usr/local/Cellar/arm-none-eabi-gcc/9-2019-q4-major/gcc/bin/../lib/gcc/arm-none-eabi/9.2.1/thumb/v6-m/nofp/crtbegin.o
LOAD /usr/local/Cellar/arm-none-eabi-gcc/9-2019-q4-major/gcc/bin/../lib/gcc/arm-none-eabi/9.2.1/../../../../arm-none-eabi/lib/thumb/v6-m/nofp/crt0.o

.flash_begin    0x0000000010000000        0x0
                0x0000000010000000                __flash_binary_start = .

.boot2          0x0000000010000000      0x100
                0x0000000010000000                __boot2_start__ = .
 *(.boot2)
 .boot2         0x0000000010000000      0x100 /var/folders/ys/jtm8jgkd2hq31k4jkn5mlh5w0000gn/T//ccABBYH1.o
                0x0000000010000100                __boot2_end__ = .
                0x0000000000000001                ASSERT (((__boot2_end__ - __boot2_start__) == 0x100), ERROR: Pico second stage bootloader must be 256 bytes in size)

.text           0x0000000010000100     0x8470
                0x0000000010000100                __reset_start = .
 *(.reset)
 .reset         0x0000000010000100       0xc4 CMakeFiles/semaphore.dir/Users/pschatzmann/Documents/Projects/cpp/pico-sdk/src/rp2_common/pico_standard_link/crt0.S.obj
                0x0000000010000104                _entry_point
                0x0000000010000196                __get_current_exception
 .reset         0x00000000100001c4       0x30 CMakeFiles/semaphore.dir/Users/pschatzmann/Documents/Projects/cpp/pico-sdk/src/rp2_common/pico_standard_link/binary_info.c.obj
                0x0000000010000200                . = ALIGN (0x100)
 *fill*         0x00000000100001f4        0xc 
                0x0000000010000200                __reset_end = .
                0x0000000000000001                ASSERT (((__reset_end - __reset_start) == 0x100), ERROR: reset section should only be 256 bytes)
 *(.vectors)
 .vectors       0x0000000010000200       0xd4 CMakeFiles/semaphore.dir/Users/pschatzmann/Documents/Projects/cpp/pico-sdk/src/rp2_common/pico_standard_link/crt0.S.obj
                0x0000000010000200                __vectors
                0x00000000100002c0                isr_invalid
                0x00000000100002c2                isr_nmi
                0x00000000100002c4                isr_hardfault
                0x00000000100002c6                isr_svcall
                0x00000000100002c8                isr_pendsv
                0x00000000100002ca                isr_systick
                0x00000000100002cc                isr_irq23
                0x00000000100002cc                isr_irq18
                0x00000000100002cc                isr_irq28
                0x00000000100002cc                isr_irq19
                0x00000000100002cc                isr_irq0
                0x00000000100002cc                isr_irq6
                0x00000000100002cc                isr_irq22
                0x00000000100002cc                isr_irq17
                0x00000000100002cc                isr_irq14
                0x00000000100002cc                isr_irq2
                0x00000000100002cc                isr_irq10
                0x00000000100002cc                isr_irq8
                0x00000000100002cc                isr_irq24
                0x00000000100002cc                isr_irq1
                0x00000000100002cc                isr_irq7
                0x00000000100002cc                isr_irq21
                0x00000000100002cc                isr_irq20
                0x00000000100002cc                isr_irq15
                0x00000000100002cc                isr_irq25
                0x00000000100002cc                isr_irq4
                0x00000000100002cc                isr_irq16
                0x00000000100002cc                isr_irq29
                0x00000000100002cc                isr_irq26
                0x00000000100002cc                isr_irq3
                0x00000000100002cc                isr_irq9
                0x00000000100002cc                __unhandled_user_irq
                0x00000000100002cc                isr_irq13
                0x00000000100002cc                isr_irq27
                0x00000000100002cc                isr_irq31
                0x00000000100002cc                isr_irq5
                0x00000000100002cc                isr_irq11
                0x00000000100002cc                isr_irq30
                0x00000000100002cc                isr_irq12
                0x00000000100002d2                unhandled_user_irq_num_in_r0
 *(.init)
 .init          0x00000000100002d4        0x4 /usr/local/Cellar/arm-none-eabi-gcc/9-2019-q4-major/gcc/bin/../lib/gcc/arm-none-eabi/9.2.1/thumb/v6-m/nofp/crti.o
                0x00000000100002d4                _init
 *(EXCLUDE_FILE(*libm.a: *libc.a:*lib_a-mem*.o *libgcc.a:) .text*)
 .text          0x00000000100002d8       0x48 /usr/local/Cellar/arm-none-eabi-gcc/9-2019-q4-major/gcc/bin/../lib/gcc/arm-none-eabi/9.2.1/thumb/v6-m/nofp/crtbegin.o
 .text._Z20methodOn2ndProcessorv
                0x0000000010000320       0x30 CMakeFiles/semaphore.dir/semaphore.cpp.obj
                0x0000000010000320                methodOn2ndProcessor()
 .text.setup    0x0000000010000350       0x74 CMakeFiles/semaphore.dir/semaphore.cpp.obj
                0x0000000010000350                setup
 .text.loop     0x00000000100003c4       0x30 CMakeFiles/semaphore.dir/semaphore.cpp.obj
                0x00000000100003c4                loop
 .text.startup._GLOBAL__sub_I_semaphore
                0x00000000100003f4       0x1c CMakeFiles/semaphore.dir/semaphore.cpp.obj
 .text.stdio_uart_out_chars
                0x0000000010000410       0x3c CMakeFiles/semaphore.dir/Users/pschatzmann/Documents/Projects/cpp/pico-sdk/src/rp2_common/pico_stdio_uart/stdio_uart.c.obj
 .text.stdio_uart_in_chars
                0x000000001000044c       0x38 CMakeFiles/semaphore.dir/Users/pschatzmann/Documents/Projects/cpp/pico-sdk/src/rp2_common/pico_stdio_uart/stdio_uart.c.obj
                0x000000001000044c                stdio_uart_in_chars
 .text.stdio_uart_init
                0x0000000010000484       0x40 CMakeFiles/semaphore.dir/Users/pschatzmann/Documents/Projects/cpp/pico-sdk/src/rp2_common/pico_stdio_uart/stdio_uart.c.obj
                0x0000000010000484                stdio_uart_init
 .text.stdio_uart_init_full
                0x00000000100004c4       0x30 CMakeFiles/semaphore.dir/Users/pschatzmann/Documents/Projects/cpp/pico-sdk/src/rp2_common/pico_stdio_uart/stdio_uart.c.obj
                0x00000000100004c4                stdio_uart_init_full
 .text.stdio_out_chars_crlf.part.0
                0x00000000100004f4       0x84 CMakeFiles/semaphore.dir/Users/pschatzmann/Documents/Projects/cpp/pico-sdk/src/rp2_common/pico_stdio/stdio.c.obj
 .text.stdio_buffered_printer
                0x0000000010000578       0x78 CMakeFiles/semaphore.dir/Users/pschatzmann/Documents/Projects/cpp/pico-sdk/src/rp2_common/pico_stdio/stdio.c.obj
 .text.stdio_put_string
                0x00000000100005f0      0x100 CMakeFiles/semaphore.dir/Users/pschatzmann/Documents/Projects/cpp/pico-sdk/src/rp2_common/pico_stdio/stdio.c.obj
 .text.__wrap_putchar
                0x00000000100006f0       0x1c CMakeFiles/semaphore.dir/Users/pschatzmann/Documents/Projects/cpp/pico-sdk/src/rp2_common/pico_stdio/stdio.c.obj
                0x00000000100006f0                __wrap_putchar
 .text.__wrap_puts
                0x000000001000070c       0x3c CMakeFiles/semaphore.dir/Users/pschatzmann/Documents/Projects/cpp/pico-sdk/src/rp2_common/pico_stdio/stdio.c.obj
                0x000000001000070c                __wrap_puts
 .text._read    0x0000000010000748       0x90 CMakeFiles/semaphore.dir/Users/pschatzmann/Documents/Projects/cpp/pico-sdk/src/rp2_common/pico_stdio/stdio.c.obj
                0x0000000010000748                _read
 .text._write   0x00000000100007d8       0x20 CMakeFiles/semaphore.dir/Users/pschatzmann/Documents/Projects/cpp/pico-sdk/src/rp2_common/pico_stdio/stdio.c.obj
                0x00000000100007d8                _write
 .text.stdio_set_driver_enabled
                0x00000000100007f8       0x3c CMakeFiles/semaphore.dir/Users/pschatzmann/Documents/Projects/cpp/pico-sdk/src/rp2_common/pico_stdio/stdio.c.obj
                0x00000000100007f8                stdio_set_driver_enabled
 .text.stdio_flush
                0x0000000010000834       0x28 CMakeFiles/semaphore.dir/Users/pschatzmann/Documents/Projects/cpp/pico-sdk/src/rp2_common/pico_stdio/stdio.c.obj
                0x0000000010000834                stdio_flush
 .text.__wrap_vprintf
                0x000000001000085c       0xe8 CMakeFiles/semaphore.dir/Users/pschatzmann/Documents/Projects/cpp/pico-sdk/src/rp2_common/pico_stdio/stdio.c.obj
                0x000000001000085c                __wrap_vprintf
 .text.__wrap_printf
                0x0000000010000944       0x18 CMakeFiles/semaphore.dir/Users/pschatzmann/Documents/Projects/cpp/pico-sdk/src/rp2_common/pico_stdio/stdio.c.obj
                0x0000000010000944                __wrap_printf
 .text.stdio_init_all
                0x000000001000095c        0xc CMakeFiles/semaphore.dir/Users/pschatzmann/Documents/Projects/cpp/pico-sdk/src/rp2_common/pico_stdio/stdio.c.obj
                0x000000001000095c                stdio_init_all
 .text._out_null
                0x0000000010000968        0x4 CMakeFiles/semaphore.dir/Users/pschatzmann/Documents/Projects/cpp/pico-sdk/src/rp2_common/pico_printf/printf.c.obj
 .text._out_rev
                0x000000001000096c       0xd0 CMakeFiles/semaphore.dir/Users/pschatzmann/Documents/Projects/cpp/pico-sdk/src/rp2_common/pico_printf/printf.c.obj
 .text._ntoa_format
                0x0000000010000a3c      0x1d0 CMakeFiles/semaphore.dir/Users/pschatzmann/Documents/Projects/cpp/pico-sdk/src/rp2_common/pico_printf/printf.c.obj
 .text._out_char
                0x0000000010000c0c       0x10 CMakeFiles/semaphore.dir/Users/pschatzmann/Documents/Projects/cpp/pico-sdk/src/rp2_common/pico_printf/printf.c.obj
 .text._out_fct
                0x0000000010000c1c       0x10 CMakeFiles/semaphore.dir/Users/pschatzmann/Documents/Projects/cpp/pico-sdk/src/rp2_common/pico_printf/printf.c.obj
 .text._etoa    0x0000000010000c2c      0x44c CMakeFiles/semaphore.dir/Users/pschatzmann/Documents/Projects/cpp/pico-sdk/src/rp2_common/pico_printf/printf.c.obj
 .text._ftoa    0x0000000010001078      0x3e0 CMakeFiles/semaphore.dir/Users/pschatzmann/Documents/Projects/cpp/pico-sdk/src/rp2_common/pico_printf/printf.c.obj
 .text._vsnprintf
                0x0000000010001458      0xb08 CMakeFiles/semaphore.dir/Users/pschatzmann/Documents/Projects/cpp/pico-sdk/src/rp2_common/pico_printf/printf.c.obj
 .text.vfctprintf
                0x0000000010001f60       0x20 CMakeFiles/semaphore.dir/Users/pschatzmann/Documents/Projects/cpp/pico-sdk/src/rp2_common/pico_printf/printf.c.obj
                0x0000000010001f60                vfctprintf
 .text.weak_raw_vprintf
                0x0000000010001f80       0x30 CMakeFiles/semaphore.dir/Users/pschatzmann/Documents/Projects/cpp/pico-sdk/src/rp2_common/pico_printf/printf.c.obj
                0x0000000010001f80                weak_raw_vprintf
 .text.stdio_usb_in_chars
                0x0000000010001fb0       0x68 CMakeFiles/semaphore.dir/Users/pschatzmann/Documents/Projects/cpp/pico-sdk/src/rp2_common/pico_stdio_usb/stdio_usb.c.obj
                0x0000000010001fb0                stdio_usb_in_chars
 .text.stdio_usb_out_chars
                0x0000000010002018       0xec CMakeFiles/semaphore.dir/Users/pschatzmann/Documents/Projects/cpp/pico-sdk/src/rp2_common/pico_stdio_usb/stdio_usb.c.obj
 .text.timer_task
                0x0000000010002104       0x10 CMakeFiles/semaphore.dir/Users/pschatzmann/Documents/Projects/cpp/pico-sdk/src/rp2_common/pico_stdio_usb/stdio_usb.c.obj
 .text.low_priority_worker_irq
                0x0000000010002114       0x24 CMakeFiles/semaphore.dir/Users/pschatzmann/Documents/Projects/cpp/pico-sdk/src/rp2_common/pico_stdio_usb/stdio_usb.c.obj
 .text.stdio_usb_init
                0x0000000010002138       0x90 CMakeFiles/semaphore.dir/Users/pschatzmann/Documents/Projects/cpp/pico-sdk/src/rp2_common/pico_stdio_usb/stdio_usb.c.obj
                0x0000000010002138                stdio_usb_init
 .text.tud_descriptor_device_cb
                0x00000000100021c8        0x8 CMakeFiles/semaphore.dir/Users/pschatzmann/Documents/Projects/cpp/pico-sdk/src/rp2_common/pico_stdio_usb/stdio_usb_descriptors.c.obj
                0x00000000100021c8                tud_descriptor_device_cb
 .text.tud_descriptor_configuration_cb
                0x00000000100021d0        0x8 CMakeFiles/semaphore.dir/Users/pschatzmann/Documents/Projects/cpp/pico-sdk/src/rp2_common/pico_stdio_usb/stdio_usb_descriptors.c.obj
                0x00000000100021d0                tud_descriptor_configuration_cb
 .text.tud_descriptor_string_cb
                0x00000000100021d8       0x5c CMakeFiles/semaphore.dir/Users/pschatzmann/Documents/Projects/cpp/pico-sdk/src/rp2_common/pico_stdio_usb/stdio_usb_descriptors.c.obj
                0x00000000100021d8                tud_descriptor_string_cb
 .text.dcd_rp2040_irq
                0x0000000010002234      0x130 CMakeFiles/semaphore.dir/Users/pschatzmann/Documents/Projects/cpp/pico-sdk/lib/tinyusb/src/portable/raspberrypi/rp2040/dcd_rp2040.c.obj
 .text.dcd_int_enable
                0x0000000010002364        0xc CMakeFiles/semaphore.dir/Users/pschatzmann/Documents/Projects/cpp/pico-sdk/lib/tinyusb/src/portable/raspberrypi/rp2040/dcd_rp2040.c.obj
                0x0000000010002364                dcd_int_enable
 .text.dcd_set_address
                0x0000000010002370       0x30 CMakeFiles/semaphore.dir/Users/pschatzmann/Documents/Projects/cpp/pico-sdk/lib/tinyusb/src/portable/raspberrypi/rp2040/dcd_rp2040.c.obj
                0x0000000010002370                dcd_set_address
 .text.dcd_connect
                0x00000000100023a0       0x10 CMakeFiles/semaphore.dir/Users/pschatzmann/Documents/Projects/cpp/pico-sdk/lib/tinyusb/src/portable/raspberrypi/rp2040/dcd_rp2040.c.obj
                0x00000000100023a0                dcd_connect
 .text.dcd_init
                0x00000000100023b0       0xb0 CMakeFiles/semaphore.dir/Users/pschatzmann/Documents/Projects/cpp/pico-sdk/lib/tinyusb/src/portable/raspberrypi/rp2040/dcd_rp2040.c.obj
                0x00000000100023b0                dcd_init
 .text.dcd_edpt0_status_complete
                0x0000000010002460       0x38 CMakeFiles/semaphore.dir/Users/pschatzmann/Documents/Projects/cpp/pico-sdk/lib/tinyusb/src/portable/raspberrypi/rp2040/dcd_rp2040.c.obj
                0x0000000010002460                dcd_edpt0_status_complete
 .text.dcd_edpt_open
                0x0000000010002498      0x148 CMakeFiles/semaphore.dir/Users/pschatzmann/Documents/Projects/cpp/pico-sdk/lib/tinyusb/src/portable/raspberrypi/rp2040/dcd_rp2040.c.obj
                0x0000000010002498                dcd_edpt_open
 .text.dcd_edpt_xfer
                0x00000000100025e0       0x2c CMakeFiles/semaphore.dir/Users/pschatzmann/Documents/Projects/cpp/pico-sdk/lib/tinyusb/src/portable/raspberrypi/rp2040/dcd_rp2040.c.obj
                0x00000000100025e0                dcd_edpt_xfer
 .text.dcd_edpt_stall
                0x000000001000260c       0x50 CMakeFiles/semaphore.dir/Users/pschatzmann/Documents/Projects/cpp/pico-sdk/lib/tinyusb/src/portable/raspberrypi/rp2040/dcd_rp2040.c.obj
                0x000000001000260c                dcd_edpt_stall
 .text.dcd_edpt_clear_stall
                0x000000001000265c       0x50 CMakeFiles/semaphore.dir/Users/pschatzmann/Documents/Projects/cpp/pico-sdk/lib/tinyusb/src/portable/raspberrypi/rp2040/dcd_rp2040.c.obj
                0x000000001000265c                dcd_edpt_clear_stall
 .text.rp2040_usb_init
                0x00000000100026ac       0x50 CMakeFiles/semaphore.dir/Users/pschatzmann/Documents/Projects/cpp/pico-sdk/lib/tinyusb/src/portable/raspberrypi/rp2040/rp2040_usb.c.obj
                0x00000000100026ac                rp2040_usb_init
 .text.hw_endpoint_reset_transfer
                0x00000000100026fc       0x14 CMakeFiles/semaphore.dir/Users/pschatzmann/Documents/Projects/cpp/pico-sdk/lib/tinyusb/src/portable/raspberrypi/rp2040/rp2040_usb.c.obj
                0x00000000100026fc                hw_endpoint_reset_transfer
 .text._hw_endpoint_buffer_control_update32
                0x0000000010002710       0x54 CMakeFiles/semaphore.dir/Users/pschatzmann/Documents/Projects/cpp/pico-sdk/lib/tinyusb/src/portable/raspberrypi/rp2040/rp2040_usb.c.obj
                0x0000000010002710                _hw_endpoint_buffer_control_update32
 .text._hw_endpoint_xfer_continue
                0x0000000010002764      0x10c CMakeFiles/semaphore.dir/Users/pschatzmann/Documents/Projects/cpp/pico-sdk/lib/tinyusb/src/portable/raspberrypi/rp2040/rp2040_usb.c.obj
                0x0000000010002764                _hw_endpoint_xfer_continue
 .text._hw_endpoint_xfer
                0x0000000010002870       0xc0 CMakeFiles/semaphore.dir/Users/pschatzmann/Documents/Projects/cpp/pico-sdk/lib/tinyusb/src/portable/raspberrypi/rp2040/rp2040_usb.c.obj
                0x0000000010002870                _hw_endpoint_xfer
 .text.tud_mounted
                0x0000000010002930       0x10 CMakeFiles/semaphore.dir/Users/pschatzmann/Documents/Projects/cpp/pico-sdk/lib/tinyusb/src/device/usbd.c.obj
                0x0000000010002930                tud_mounted
 .text.tud_suspended
                0x0000000010002940       0x10 CMakeFiles/semaphore.dir/Users/pschatzmann/Documents/Projects/cpp/pico-sdk/lib/tinyusb/src/device/usbd.c.obj
                0x0000000010002940                tud_suspended
 .text.tud_init
                0x0000000010002950       0xb0 CMakeFiles/semaphore.dir/Users/pschatzmann/Documents/Projects/cpp/pico-sdk/lib/tinyusb/src/device/usbd.c.obj
                0x0000000010002950                tud_init
 .text.tud_task
                0x0000000010002a00      0x80c CMakeFiles/semaphore.dir/Users/pschatzmann/Documents/Projects/cpp/pico-sdk/lib/tinyusb/src/device/usbd.c.obj
                0x0000000010002a00                tud_task
 .text.dcd_event_bus_signal
                0x000000001000320c       0xe0 CMakeFiles/semaphore.dir/Users/pschatzmann/Documents/Projects/cpp/pico-sdk/lib/tinyusb/src/device/usbd.c.obj
                0x000000001000320c                dcd_event_bus_signal
 .text.dcd_event_setup_received
                0x00000000100032ec       0x50 CMakeFiles/semaphore.dir/Users/pschatzmann/Documents/Projects/cpp/pico-sdk/lib/tinyusb/src/device/usbd.c.obj
                0x00000000100032ec                dcd_event_setup_received
 .text.dcd_event_xfer_complete
                0x000000001000333c       0x68 CMakeFiles/semaphore.dir/Users/pschatzmann/Documents/Projects/cpp/pico-sdk/lib/tinyusb/src/device/usbd.c.obj
                0x000000001000333c                dcd_event_xfer_complete
 .text.usbd_open_edpt_pair
                0x00000000100033a4       0x68 CMakeFiles/semaphore.dir/Users/pschatzmann/Documents/Projects/cpp/pico-sdk/lib/tinyusb/src/device/usbd.c.obj
                0x00000000100033a4                usbd_open_edpt_pair
 .text.usbd_edpt_open
                0x000000001000340c        0x8 CMakeFiles/semaphore.dir/Users/pschatzmann/Documents/Projects/cpp/pico-sdk/lib/tinyusb/src/device/usbd.c.obj
                0x000000001000340c                usbd_edpt_open
 .text.usbd_edpt_claim
                0x0000000010003414       0x64 CMakeFiles/semaphore.dir/Users/pschatzmann/Documents/Projects/cpp/pico-sdk/lib/tinyusb/src/device/usbd.c.obj
                0x0000000010003414                usbd_edpt_claim
 .text.usbd_edpt_release
                0x0000000010003478       0x4c CMakeFiles/semaphore.dir/Users/pschatzmann/Documents/Projects/cpp/pico-sdk/lib/tinyusb/src/device/usbd.c.obj
                0x0000000010003478                usbd_edpt_release
 .text.usbd_edpt_xfer
                0x00000000100034c4       0x48 CMakeFiles/semaphore.dir/Users/pschatzmann/Documents/Projects/cpp/pico-sdk/lib/tinyusb/src/device/usbd.c.obj
                0x00000000100034c4                usbd_edpt_xfer
 .text.tud_control_status
                0x000000001000350c       0x30 CMakeFiles/semaphore.dir/Users/pschatzmann/Documents/Projects/cpp/pico-sdk/lib/tinyusb/src/device/usbd_control.c.obj
                0x000000001000350c                tud_control_status
 .text.tud_control_xfer
                0x000000001000353c       0xb8 CMakeFiles/semaphore.dir/Users/pschatzmann/Documents/Projects/cpp/pico-sdk/lib/tinyusb/src/device/usbd_control.c.obj
                0x000000001000353c                tud_control_xfer
 .text.usbd_control_reset
                0x00000000100035f4       0x14 CMakeFiles/semaphore.dir/Users/pschatzmann/Documents/Projects/cpp/pico-sdk/lib/tinyusb/src/device/usbd_control.c.obj
                0x00000000100035f4                usbd_control_reset
 .text.usbd_control_set_complete_callback
                0x0000000010003608        0xc CMakeFiles/semaphore.dir/Users/pschatzmann/Documents/Projects/cpp/pico-sdk/lib/tinyusb/src/device/usbd_control.c.obj
                0x0000000010003608                usbd_control_set_complete_callback
 .text.usbd_control_set_request
                0x0000000010003614       0x1c CMakeFiles/semaphore.dir/Users/pschatzmann/Documents/Projects/cpp/pico-sdk/lib/tinyusb/src/device/usbd_control.c.obj
                0x0000000010003614                usbd_control_set_request
 .text.usbd_control_xfer_cb
                0x0000000010003630       0xe8 CMakeFiles/semaphore.dir/Users/pschatzmann/Documents/Projects/cpp/pico-sdk/lib/tinyusb/src/device/usbd_control.c.obj
                0x0000000010003630                usbd_control_xfer_cb
 .text.tud_cdc_n_connected
                0x0000000010003718       0x34 CMakeFiles/semaphore.dir/Users/pschatzmann/Documents/Projects/cpp/pico-sdk/lib/tinyusb/src/class/cdc/cdc_device.c.obj
                0x0000000010003718                tud_cdc_n_connected
 .text.tud_cdc_n_available
                0x000000001000374c       0x20 CMakeFiles/semaphore.dir/Users/pschatzmann/Documents/Projects/cpp/pico-sdk/lib/tinyusb/src/class/cdc/cdc_device.c.obj
                0x000000001000374c                tud_cdc_n_available
 .text.tud_cdc_n_read
                0x000000001000376c       0x74 CMakeFiles/semaphore.dir/Users/pschatzmann/Documents/Projects/cpp/pico-sdk/lib/tinyusb/src/class/cdc/cdc_device.c.obj
                0x000000001000376c                tud_cdc_n_read
 .text.tud_cdc_n_write_flush
                0x00000000100037e0       0xa4 CMakeFiles/semaphore.dir/Users/pschatzmann/Documents/Projects/cpp/pico-sdk/lib/tinyusb/src/class/cdc/cdc_device.c.obj
                0x00000000100037e0                tud_cdc_n_write_flush
 .text.tud_cdc_n_write
                0x0000000010003884       0x38 CMakeFiles/semaphore.dir/Users/pschatzmann/Documents/Projects/cpp/pico-sdk/lib/tinyusb/src/class/cdc/cdc_device.c.obj
                0x0000000010003884                tud_cdc_n_write
 .text.tud_cdc_n_write_available
                0x00000000100038bc       0x20 CMakeFiles/semaphore.dir/Users/pschatzmann/Documents/Projects/cpp/pico-sdk/lib/tinyusb/src/class/cdc/cdc_device.c.obj
                0x00000000100038bc                tud_cdc_n_write_available
 .text.cdcd_init
                0x00000000100038dc       0x78 CMakeFiles/semaphore.dir/Users/pschatzmann/Documents/Projects/cpp/pico-sdk/lib/tinyusb/src/class/cdc/cdc_device.c.obj
                0x00000000100038dc                cdcd_init
 .text.cdcd_reset
                0x0000000010003954       0x24 CMakeFiles/semaphore.dir/Users/pschatzmann/Documents/Projects/cpp/pico-sdk/lib/tinyusb/src/class/cdc/cdc_device.c.obj
                0x0000000010003954                cdcd_reset
 .text.cdcd_open
                0x0000000010003978       0xec CMakeFiles/semaphore.dir/Users/pschatzmann/Documents/Projects/cpp/pico-sdk/lib/tinyusb/src/class/cdc/cdc_device.c.obj
                0x0000000010003978                cdcd_open
 .text.cdcd_control_complete
                0x0000000010003a64       0x44 CMakeFiles/semaphore.dir/Users/pschatzmann/Documents/Projects/cpp/pico-sdk/lib/tinyusb/src/class/cdc/cdc_device.c.obj
                0x0000000010003a64                cdcd_control_complete
 .text.cdcd_control_request
                0x0000000010003aa8       0x68 CMakeFiles/semaphore.dir/Users/pschatzmann/Documents/Projects/cpp/pico-sdk/lib/tinyusb/src/class/cdc/cdc_device.c.obj
                0x0000000010003aa8                cdcd_control_request
 .text.cdcd_xfer_cb
                0x0000000010003b10      0x1b4 CMakeFiles/semaphore.dir/Users/pschatzmann/Documents/Projects/cpp/pico-sdk/lib/tinyusb/src/class/cdc/cdc_device.c.obj
                0x0000000010003b10                cdcd_xfer_cb
 .text.tusb_init
                0x0000000010003cc4       0x20 CMakeFiles/semaphore.dir/Users/pschatzmann/Documents/Projects/cpp/pico-sdk/lib/tinyusb/src/tusb.c.obj
                0x0000000010003cc4                tusb_init
 .text.tusb_inited
                0x0000000010003ce4        0xc CMakeFiles/semaphore.dir/Users/pschatzmann/Documents/Projects/cpp/pico-sdk/lib/tinyusb/src/tusb.c.obj
                0x0000000010003ce4                tusb_inited
 .text.tu_fifo_config
                0x0000000010003cf0       0x78 CMakeFiles/semaphore.dir/Users/pschatzmann/Documents/Projects/cpp/pico-sdk/lib/tinyusb/src/common/tusb_fifo.c.obj
                0x0000000010003cf0                tu_fifo_config
 .text.tu_fifo_count
                0x0000000010003d68       0x18 CMakeFiles/semaphore.dir/Users/pschatzmann/Documents/Projects/cpp/pico-sdk/lib/tinyusb/src/common/tusb_fifo.c.obj
                0x0000000010003d68                tu_fifo_count
 .text.tu_fifo_remaining
                0x0000000010003d80       0x1c CMakeFiles/semaphore.dir/Users/pschatzmann/Documents/Projects/cpp/pico-sdk/lib/tinyusb/src/common/tusb_fifo.c.obj
                0x0000000010003d80                tu_fifo_remaining
 .text.tu_fifo_read
                0x0000000010003d9c       0xa8 CMakeFiles/semaphore.dir/Users/pschatzmann/Documents/Projects/cpp/pico-sdk/lib/tinyusb/src/common/tusb_fifo.c.obj
                0x0000000010003d9c                tu_fifo_read
 .text.tu_fifo_read_n
                0x0000000010003e44       0xf0 CMakeFiles/semaphore.dir/Users/pschatzmann/Documents/Projects/cpp/pico-sdk/lib/tinyusb/src/common/tusb_fifo.c.obj
                0x0000000010003e44                tu_fifo_read_n
 .text.tu_fifo_write
                0x0000000010003f34       0x84 CMakeFiles/semaphore.dir/Users/pschatzmann/Documents/Projects/cpp/pico-sdk/lib/tinyusb/src/common/tusb_fifo.c.obj
                0x0000000010003f34                tu_fifo_write
 .text.tu_fifo_write_n
                0x0000000010003fb8       0xfc CMakeFiles/semaphore.dir/Users/pschatzmann/Documents/Projects/cpp/pico-sdk/lib/tinyusb/src/common/tusb_fifo.c.obj
                0x0000000010003fb8                tu_fifo_write_n
 .text.tu_fifo_clear
                0x00000000100040b4       0x2c CMakeFiles/semaphore.dir/Users/pschatzmann/Documents/Projects/cpp/pico-sdk/lib/tinyusb/src/common/tusb_fifo.c.obj
                0x00000000100040b4                tu_fifo_clear
 .text.irq_set_enabled
                0x00000000100040e0       0x24 CMakeFiles/semaphore.dir/Users/pschatzmann/Documents/Projects/cpp/pico-sdk/src/rp2_common/hardware_irq/irq.c.obj
                0x00000000100040e0                irq_set_enabled
 .text.irq_set_pending
                0x0000000010004104       0x10 CMakeFiles/semaphore.dir/Users/pschatzmann/Documents/Projects/cpp/pico-sdk/src/rp2_common/hardware_irq/irq.c.obj
                0x0000000010004104                irq_set_pending
 .text.irq_get_vtable_handler
                0x0000000010004114       0x10 CMakeFiles/semaphore.dir/Users/pschatzmann/Documents/Projects/cpp/pico-sdk/src/rp2_common/hardware_irq/irq.c.obj
                0x0000000010004114                irq_get_vtable_handler
 .text.irq_set_exclusive_handler
                0x0000000010004124       0x54 CMakeFiles/semaphore.dir/Users/pschatzmann/Documents/Projects/cpp/pico-sdk/src/rp2_common/hardware_irq/irq.c.obj
                0x0000000010004124                irq_set_exclusive_handler
 .text.irq_remove_handler
                0x0000000010004178      0x1c4 CMakeFiles/semaphore.dir/Users/pschatzmann/Documents/Projects/cpp/pico-sdk/src/rp2_common/hardware_irq/irq.c.obj
                0x0000000010004178                irq_remove_handler
 .text.irq_add_tail_to_free_list
                0x000000001000433c       0xbc CMakeFiles/semaphore.dir/Users/pschatzmann/Documents/Projects/cpp/pico-sdk/src/rp2_common/hardware_irq/irq.c.obj
                0x000000001000433c                irq_add_tail_to_free_list
 .text.irq_init_priorities
                0x00000000100043f8       0x38 CMakeFiles/semaphore.dir/Users/pschatzmann/Documents/Projects/cpp/pico-sdk/src/rp2_common/hardware_irq/irq.c.obj
                0x00000000100043f8                irq_init_priorities
 .text.hw_claim_or_assert
                0x0000000010004430       0x60 CMakeFiles/semaphore.dir/Users/pschatzmann/Documents/Projects/cpp/pico-sdk/src/rp2_common/hardware_claim/claim.c.obj
                0x0000000010004430                hw_claim_or_assert
 .text.hw_claim_unused_from_range
                0x0000000010004490       0x9c CMakeFiles/semaphore.dir/Users/pschatzmann/Documents/Projects/cpp/pico-sdk/src/rp2_common/hardware_claim/claim.c.obj
                0x0000000010004490                hw_claim_unused_from_range
 .text.spin_locks_reset
                0x000000001000452c       0x1c CMakeFiles/semaphore.dir/Users/pschatzmann/Documents/Projects/cpp/pico-sdk/src/rp2_common/hardware_sync/sync.c.obj
                0x000000001000452c                spin_locks_reset
 .text.next_striped_spin_lock_num
                0x0000000010004548       0x18 CMakeFiles/semaphore.dir/Users/pschatzmann/Documents/Projects/cpp/pico-sdk/src/rp2_common/hardware_sync/sync.c.obj
                0x0000000010004548                next_striped_spin_lock_num
 .text.spin_lock_claim_unused
                0x0000000010004560       0x20 CMakeFiles/semaphore.dir/Users/pschatzmann/Documents/Projects/cpp/pico-sdk/src/rp2_common/hardware_sync/sync.c.obj
                0x0000000010004560                spin_lock_claim_unused
 .text.running_on_fpga
                0x0000000010004580       0x10 CMakeFiles/semaphore.dir/Users/pschatzmann/Documents/Projects/cpp/pico-sdk/src/rp2_common/pico_platform/platform.c.obj
                0x0000000010004580                running_on_fpga
 .text.sem_init
                0x0000000010004590       0x20 CMakeFiles/semaphore.dir/Users/pschatzmann/Documents/Projects/cpp/pico-sdk/src/common/pico_sync/sem.c.obj
                0x0000000010004590                sem_init
 .text.lock_init
                0x00000000100045b0       0x10 CMakeFiles/semaphore.dir/Users/pschatzmann/Documents/Projects/cpp/pico-sdk/src/common/pico_sync/lock_core.c.obj
                0x00000000100045b0                lock_init
 .text.timer_pool_entry_comparator
                0x00000000100045c0       0x34 CMakeFiles/semaphore.dir/Users/pschatzmann/Documents/Projects/cpp/pico-sdk/src/common/pico_time/time.c.obj
                0x00000000100045c0                timer_pool_entry_comparator
 .text.sev_callback
                0x00000000100045f4        0x8 CMakeFiles/semaphore.dir/Users/pschatzmann/Documents/Projects/cpp/pico-sdk/src/common/pico_time/time.c.obj
 .text.add_alarm_under_lock
                0x00000000100045fc      0x12c CMakeFiles/semaphore.dir/Users/pschatzmann/Documents/Projects/cpp/pico-sdk/src/common/pico_time/time.c.obj
 .text.alarm_pool_alarm_callback
                0x0000000010004728      0x1e0 CMakeFiles/semaphore.dir/Users/pschatzmann/Documents/Projects/cpp/pico-sdk/src/common/pico_time/time.c.obj
 .text.alarm_pool_add_alarm_at.constprop.0
                0x0000000010004908      0x128 CMakeFiles/semaphore.dir/Users/pschatzmann/Documents/Projects/cpp/pico-sdk/src/common/pico_time/time.c.obj
 .text.alarm_pool_init_default
                0x0000000010004a30       0x78 CMakeFiles/semaphore.dir/Users/pschatzmann/Documents/Projects/cpp/pico-sdk/src/common/pico_time/time.c.obj
                0x0000000010004a30                alarm_pool_init_default
 .text.alarm_pool_get_default
                0x0000000010004aa8        0xc CMakeFiles/semaphore.dir/Users/pschatzmann/Documents/Projects/cpp/pico-sdk/src/common/pico_time/time.c.obj
                0x0000000010004aa8                alarm_pool_get_default
 .text.alarm_pool_add_alarm_at
                0x0000000010004ab4      0x1b8 CMakeFiles/semaphore.dir/Users/pschatzmann/Documents/Projects/cpp/pico-sdk/src/common/pico_time/time.c.obj
                0x0000000010004ab4                alarm_pool_add_alarm_at
 .text.alarm_pool_cancel_alarm
                0x0000000010004c6c       0x70 CMakeFiles/semaphore.dir/Users/pschatzmann/Documents/Projects/cpp/pico-sdk/src/common/pico_time/time.c.obj
                0x0000000010004c6c                alarm_pool_cancel_alarm
 .text.best_effort_wfe_or_timeout
                0x0000000010004cdc       0x44 CMakeFiles/semaphore.dir/Users/pschatzmann/Documents/Projects/cpp/pico-sdk/src/common/pico_time/time.c.obj
                0x0000000010004cdc                best_effort_wfe_or_timeout
 .text.hardware_alarm_irq_handler
                0x0000000010004d20       0xb8 CMakeFiles/semaphore.dir/Users/pschatzmann/Documents/Projects/cpp/pico-sdk/src/rp2_common/hardware_timer/timer.c.obj
 .text.hardware_alarm_claim
                0x0000000010004dd8       0x18 CMakeFiles/semaphore.dir/Users/pschatzmann/Documents/Projects/cpp/pico-sdk/src/rp2_common/hardware_timer/timer.c.obj
                0x0000000010004dd8                hardware_alarm_claim
 .text.time_us_64
                0x0000000010004df0       0x14 CMakeFiles/semaphore.dir/Users/pschatzmann/Documents/Projects/cpp/pico-sdk/src/rp2_common/hardware_timer/timer.c.obj
                0x0000000010004df0                time_us_64
 .text.hardware_alarm_set_callback
                0x0000000010004e04       0x8c CMakeFiles/semaphore.dir/Users/pschatzmann/Documents/Projects/cpp/pico-sdk/src/rp2_common/hardware_timer/timer.c.obj
                0x0000000010004e04                hardware_alarm_set_callback
 .text.hardware_alarm_set_target
                0x0000000010004e90       0xc4 CMakeFiles/semaphore.dir/Users/pschatzmann/Documents/Projects/cpp/pico-sdk/src/rp2_common/hardware_timer/timer.c.obj
                0x0000000010004e90                hardware_alarm_set_target
 .text.hardware_alarm_cancel
                0x0000000010004f54       0x40 CMakeFiles/semaphore.dir/Users/pschatzmann/Documents/Projects/cpp/pico-sdk/src/rp2_common/hardware_timer/timer.c.obj
                0x0000000010004f54                hardware_alarm_cancel
 .text.ph_merge_nodes
                0x0000000010004f94       0x68 CMakeFiles/semaphore.dir/Users/pschatzmann/Documents/Projects/cpp/pico-sdk/src/common/pico_util/pheap.c.obj
 .text.ph_create
                0x0000000010004ffc       0x64 CMakeFiles/semaphore.dir/Users/pschatzmann/Documents/Projects/cpp/pico-sdk/src/common/pico_util/pheap.c.obj
                0x0000000010004ffc                ph_create
 .text.ph_merge_two_pass
                0x0000000010005060       0x90 CMakeFiles/semaphore.dir/Users/pschatzmann/Documents/Projects/cpp/pico-sdk/src/common/pico_util/pheap.c.obj
                0x0000000010005060                ph_merge_two_pass
 .text.ph_remove_any_head
                0x00000000100050f0       0xf8 CMakeFiles/semaphore.dir/Users/pschatzmann/Documents/Projects/cpp/pico-sdk/src/common/pico_util/pheap.c.obj
 .text.ph_remove_head_reserve
                0x00000000100051e8      0x13c CMakeFiles/semaphore.dir/Users/pschatzmann/Documents/Projects/cpp/pico-sdk/src/common/pico_util/pheap.c.obj
                0x00000000100051e8                ph_remove_head_reserve
 .text.ph_delete
                0x0000000010005324       0x7c CMakeFiles/semaphore.dir/Users/pschatzmann/Documents/Projects/cpp/pico-sdk/src/common/pico_util/pheap.c.obj
                0x0000000010005324                ph_delete
 .text.mutex_init
                0x00000000100053a0       0x18 CMakeFiles/semaphore.dir/Users/pschatzmann/Documents/Projects/cpp/pico-sdk/src/common/pico_sync/mutex.c.obj
                0x00000000100053a0                mutex_init
 .text.critical_section_init
                0x00000000100053b8       0x18 CMakeFiles/semaphore.dir/Users/pschatzmann/Documents/Projects/cpp/pico-sdk/src/common/pico_sync/critical_section.c.obj
                0x00000000100053b8                critical_section_init
 .text.gpio_set_function
                0x00000000100053d0       0x30 CMakeFiles/semaphore.dir/Users/pschatzmann/Documents/Projects/cpp/pico-sdk/src/rp2_common/hardware_gpio/gpio.c.obj
                0x00000000100053d0                gpio_set_function
 .text.uart_init
                0x0000000010005400       0xd8 CMakeFiles/semaphore.dir/Users/pschatzmann/Documents/Projects/cpp/pico-sdk/src/rp2_common/hardware_uart/uart.c.obj
                0x0000000010005400                uart_init
 .text.uart_deinit
                0x00000000100054d8       0x24 CMakeFiles/semaphore.dir/Users/pschatzmann/Documents/Projects/cpp/pico-sdk/src/rp2_common/hardware_uart/uart.c.obj
                0x00000000100054d8                uart_deinit
 .text.runtime_init
                0x00000000100054fc       0xec CMakeFiles/semaphore.dir/Users/pschatzmann/Documents/Projects/cpp/pico-sdk/src/rp2_common/pico_runtime/runtime.c.obj
                0x00000000100054fc                runtime_init
 .text._sbrk    0x00000000100055e8       0x34 CMakeFiles/semaphore.dir/Users/pschatzmann/Documents/Projects/cpp/pico-sdk/src/rp2_common/pico_runtime/runtime.c.obj
                0x00000000100055e8                _sbrk
 .text.exit     0x000000001000561c        0x4 CMakeFiles/semaphore.dir/Users/pschatzmann/Documents/Projects/cpp/pico-sdk/src/rp2_common/pico_runtime/runtime.c.obj
                0x000000001000561c                exit
 .text.panic    0x0000000010005620       0x30 CMakeFiles/semaphore.dir/Users/pschatzmann/Documents/Projects/cpp/pico-sdk/src/rp2_common/pico_runtime/runtime.c.obj
                0x0000000010005620                panic
 .text.hard_assertion_failure
                0x0000000010005650        0xc CMakeFiles/semaphore.dir/Users/pschatzmann/Documents/Projects/cpp/pico-sdk/src/rp2_common/pico_runtime/runtime.c.obj
                0x0000000010005650                hard_assertion_failure
 .text.clocks_init
                0x000000001000565c      0x2e0 CMakeFiles/semaphore.dir/Users/pschatzmann/Documents/Projects/cpp/pico-sdk/src/rp2_common/hardware_clocks/clocks.c.obj
                0x000000001000565c                clocks_init
 .text.clock_get_hz
                0x000000001000593c        0xc CMakeFiles/semaphore.dir/Users/pschatzmann/Documents/Projects/cpp/pico-sdk/src/rp2_common/hardware_clocks/clocks.c.obj
                0x000000001000593c                clock_get_hz
 .text.watchdog_start_tick
                0x0000000010005948       0x10 CMakeFiles/semaphore.dir/Users/pschatzmann/Documents/Projects/cpp/pico-sdk/src/rp2_common/hardware_watchdog/watchdog.c.obj
                0x0000000010005948                watchdog_start_tick
 .text.xosc_init
                0x0000000010005958       0x28 CMakeFiles/semaphore.dir/Users/pschatzmann/Documents/Projects/cpp/pico-sdk/src/rp2_common/hardware_xosc/xosc.c.obj
                0x0000000010005958                xosc_init
 .text.pll_init
                0x0000000010005980       0x54 CMakeFiles/semaphore.dir/Users/pschatzmann/Documents/Projects/cpp/pico-sdk/src/rp2_common/hardware_pll/pll.c.obj
                0x0000000010005980                pll_init
 .text          0x00000000100059d4       0x10 CMakeFiles/semaphore.dir/Users/pschatzmann/Documents/Projects/cpp/pico-sdk/src/rp2_common/pico_bit_ops/bit_ops_aeabi.S.obj
 .text.rom_func_lookup
                0x00000000100059e4       0x10 CMakeFiles/semaphore.dir/Users/pschatzmann/Documents/Projects/cpp/pico-sdk/src/rp2_common/pico_bootrom/bootrom.c.obj
                0x00000000100059e4                rom_func_lookup
 .text.rom_data_lookup
                0x00000000100059f4       0x10 CMakeFiles/semaphore.dir/Users/pschatzmann/Documents/Projects/cpp/pico-sdk/src/rp2_common/pico_bootrom/bootrom.c.obj
                0x00000000100059f4                rom_data_lookup
 .text.rom_funcs_lookup
                0x0000000010005a04       0x3c CMakeFiles/semaphore.dir/Users/pschatzmann/Documents/Projects/cpp/pico-sdk/src/rp2_common/pico_bootrom/bootrom.c.obj
                0x0000000010005a04                rom_funcs_lookup
 .text.__wrap___aeabi_idiv
                0x0000000010005a40       0x58 CMakeFiles/semaphore.dir/Users/pschatzmann/Documents/Projects/cpp/pico-sdk/src/rp2_common/pico_divider/divider.S.obj
                0x0000000010005a40                __wrap___aeabi_idivmod
                0x0000000010005a40                divmod_s32s32
                0x0000000010005a40                div_s32s32
                0x0000000010005a40                __wrap___aeabi_idiv
                0x0000000010005a48                divmod_s32s32_unsafe
                0x0000000010005a74                divmod_s32s32_savestate
 .text.__wrap___aeabi_uidiv
                0x0000000010005a98       0x54 CMakeFiles/semaphore.dir/Users/pschatzmann/Documents/Projects/cpp/pico-sdk/src/rp2_common/pico_divider/divider.S.obj
                0x0000000010005a98                __wrap___aeabi_uidiv
                0x0000000010005a98                __wrap___aeabi_uidivmod
                0x0000000010005a98                div_u32u32
                0x0000000010005a98                divmod_u32u32
                0x0000000010005aa0                divmod_u32u32_unsafe
                0x0000000010005ac8                divmod_u32u32_savestate
 .text.__wrap___aeabi_ldiv
                0x0000000010005aec      0x430 CMakeFiles/semaphore.dir/Users/pschatzmann/Documents/Projects/cpp/pico-sdk/src/rp2_common/pico_divider/divider.S.obj
                0x0000000010005aec                __wrap___aeabi_ldivmod
                0x0000000010005aec                div_s64s64
                0x0000000010005aec                divmod_s64s64
                0x0000000010005b24                divmod_u64u64
                0x0000000010005b24                div_u64u64
                0x0000000010005b24                __wrap___aeabi_uldivmod
                0x0000000010005b34                divmod_u64u64_savestate
                0x0000000010005b5c                divmod_s64s64_unsafe
                0x0000000010005be4                divmod_u64u64_unsafe
 .text.__wrap___aeabi_darithmetic
                0x0000000010005f1c       0x54 CMakeFiles/semaphore.dir/Users/pschatzmann/Documents/Projects/cpp/pico-sdk/src/rp2_common/pico_double/double_aeabi.S.obj
                0x0000000010005f1c                __wrap___aeabi_drsub
                0x0000000010005f22                __wrap___aeabi_dsub
                0x0000000010005f34                __wrap___aeabi_dadd
                0x0000000010005f46                __wrap___aeabi_ddiv
                0x0000000010005f58                __wrap___aeabi_dmul
 .text.__wrap___aeabi_cdcmple
                0x0000000010005f70       0x6c CMakeFiles/semaphore.dir/Users/pschatzmann/Documents/Projects/cpp/pico-sdk/src/rp2_common/pico_double/double_aeabi.S.obj
                0x0000000010005f70                __wrap___aeabi_cdrcmple
                0x0000000010005f80                __wrap___aeabi_cdcmple
                0x0000000010005f80                __wrap___aeabi_cdcmpeq
 .text.__wrap___aeabi_dcmplt
                0x0000000010005fdc        0xc CMakeFiles/semaphore.dir/Users/pschatzmann/Documents/Projects/cpp/pico-sdk/src/rp2_common/pico_double/double_aeabi.S.obj
                0x0000000010005fdc                __wrap___aeabi_dcmplt
 .text.__wrap___aeabi_dcmple
                0x0000000010005fe8       0x10 CMakeFiles/semaphore.dir/Users/pschatzmann/Documents/Projects/cpp/pico-sdk/src/rp2_common/pico_double/double_aeabi.S.obj
                0x0000000010005fe8                __wrap___aeabi_dcmple
 .text.__wrap___aeabi_dcmpge
                0x0000000010005ff8       0x10 CMakeFiles/semaphore.dir/Users/pschatzmann/Documents/Projects/cpp/pico-sdk/src/rp2_common/pico_double/double_aeabi.S.obj
                0x0000000010005ff8                __wrap___aeabi_dcmpge
 .text.__wrap___aeabi_dcmpgt
                0x0000000010006008        0xa CMakeFiles/semaphore.dir/Users/pschatzmann/Documents/Projects/cpp/pico-sdk/src/rp2_common/pico_double/double_aeabi.S.obj
                0x0000000010006008                __wrap___aeabi_dcmpgt
 .text.__wrap___aeabi_dcmpun
                0x0000000010006012       0x1c CMakeFiles/semaphore.dir/Users/pschatzmann/Documents/Projects/cpp/pico-sdk/src/rp2_common/pico_double/double_aeabi.S.obj
                0x0000000010006012                __wrap___aeabi_dcmpun
 *fill*         0x000000001000602e        0x2 
 .text.__wrap___aeabi_i2d
                0x0000000010006030       0x38 CMakeFiles/semaphore.dir/Users/pschatzmann/Documents/Projects/cpp/pico-sdk/src/rp2_common/pico_double/double_aeabi.S.obj
                0x0000000010006030                __wrap___aeabi_ui2d
                0x0000000010006038                __wrap___aeabi_i2d
 .text.__wrap___aeabi_d2iz
                0x0000000010006068       0x48 CMakeFiles/semaphore.dir/Users/pschatzmann/Documents/Projects/cpp/pico-sdk/src/rp2_common/pico_double/double_aeabi.S.obj
                0x0000000010006068                __wrap___aeabi_d2iz
                0x0000000010006068                double2int_z
 .text.__wrap___aeabi_d2uiz
                0x00000000100060b0       0x18 CMakeFiles/semaphore.dir/Users/pschatzmann/Documents/Projects/cpp/pico-sdk/src/rp2_common/pico_double/double_aeabi.S.obj
                0x00000000100060b0                double2uint
                0x00000000100060b0                __wrap___aeabi_d2uiz
 .text.__aeabi_double_init
                0x00000000100060c8       0xac CMakeFiles/semaphore.dir/Users/pschatzmann/Documents/Projects/cpp/pico-sdk/src/rp2_common/pico_double/double_init_rom.c.obj
                0x00000000100060c8                __aeabi_double_init
 .text.double_table_shim_on_use_helper
                0x0000000010006174       0x2c CMakeFiles/semaphore.dir/Users/pschatzmann/Documents/Projects/cpp/pico-sdk/src/rp2_common/pico_double/double_v1_rom_shim.S.obj
                0x0000000010006174                double_table_shim_on_use_helper
 .text.__wrap___aeabi_dsub
                0x00000000100061a0       0x10 CMakeFiles/semaphore.dir/Users/pschatzmann/Documents/Projects/cpp/pico-sdk/src/rp2_common/pico_double/double_v1_rom_shim.S.obj
                0x00000000100061a0                drsub_shim
                0x00000000100061a6                dsub_shim
 .text.dadd_shim
                0x00000000100061b0      0x15c CMakeFiles/semaphore.dir/Users/pschatzmann/Documents/Projects/cpp/pico-sdk/src/rp2_common/pico_double/double_v1_rom_shim.S.obj
                0x00000000100061b0                dadd_shim
 .text.dmul_shim
                0x000000001000630c      0x15c CMakeFiles/semaphore.dir/Users/pschatzmann/Documents/Projects/cpp/pico-sdk/src/rp2_common/pico_double/double_v1_rom_shim.S.obj
                0x000000001000630c                dmul_shim
 .text.ddiv_shim
                0x0000000010006468      0x1b0 CMakeFiles/semaphore.dir/Users/pschatzmann/Documents/Projects/cpp/pico-sdk/src/rp2_common/pico_double/double_v1_rom_shim.S.obj
                0x0000000010006468                ddiv_shim
 .text.dcordic_rot_step
                0x0000000010006618       0x7c CMakeFiles/semaphore.dir/Users/pschatzmann/Documents/Projects/cpp/pico-sdk/src/rp2_common/pico_double/double_v1_rom_shim.S.obj
                0x0000000010006618                dcordic_rot_step
 .text.double2uint_shim
                0x0000000010006694        0xe CMakeFiles/semaphore.dir/Users/pschatzmann/Documents/Projects/cpp/pico-sdk/src/rp2_common/pico_double/double_v1_rom_shim.S.obj
                0x0000000010006694                double2uint_shim
                0x0000000010006696                double2ufix_shim
 *fill*         0x00000000100066a2        0x2 
 .text.double2uint64_shim
                0x00000000100066a4       0x6c CMakeFiles/semaphore.dir/Users/pschatzmann/Documents/Projects/cpp/pico-sdk/src/rp2_common/pico_double/double_v1_rom_shim.S.obj
                0x00000000100066a4                double2uint64_shim
                0x00000000100066a6                double2ufix64_shim
                0x00000000100066c0                d2fix_a
 .text.dunpacks
                0x0000000010006710       0x3c CMakeFiles/semaphore.dir/Users/pschatzmann/Documents/Projects/cpp/pico-sdk/src/rp2_common/pico_double/double_v1_rom_shim.S.obj
                0x0000000010006710                dunpacks
 .text.__aeabi_lmul
                0x000000001000674c       0x32 CMakeFiles/semaphore.dir/Users/pschatzmann/Documents/Projects/cpp/pico-sdk/src/rp2_common/pico_int64_ops/pico_int64_ops_aeabi.S.obj
                0x000000001000674c                __wrap___aeabi_lmul
 *fill*         0x000000001000677e        0x2 
 .text.__aeabi_float_init
                0x0000000010006780       0x64 CMakeFiles/semaphore.dir/Users/pschatzmann/Documents/Projects/cpp/pico-sdk/src/rp2_common/pico_float/float_init_rom.c.obj
                0x0000000010006780                __aeabi_float_init
 .text.float_table_shim_on_use_helper
                0x00000000100067e4       0x2c CMakeFiles/semaphore.dir/Users/pschatzmann/Documents/Projects/cpp/pico-sdk/src/rp2_common/pico_float/float_v1_rom_shim.S.obj
                0x00000000100067e4                float_table_shim_on_use_helper
 .text.__wrap_malloc
                0x0000000010006810        0x8 CMakeFiles/semaphore.dir/Users/pschatzmann/Documents/Projects/cpp/pico-sdk/src/rp2_common/pico_malloc/pico_malloc.c.obj
                0x0000000010006810                __wrap_malloc
 .text.__wrap_calloc
                0x0000000010006818        0x8 CMakeFiles/semaphore.dir/Users/pschatzmann/Documents/Projects/cpp/pico-sdk/src/rp2_common/pico_malloc/pico_malloc.c.obj
                0x0000000010006818                __wrap_calloc
 .text          0x0000000010006820       0x10 CMakeFiles/semaphore.dir/Users/pschatzmann/Documents/Projects/cpp/pico-sdk/src/rp2_common/pico_mem_ops/mem_ops_aeabi.S.obj
                0x0000000010006820                __aeabi_mem_init
 .text.memset   0x0000000010006830        0xc CMakeFiles/semaphore.dir/Users/pschatzmann/Documents/Projects/cpp/pico-sdk/src/rp2_common/pico_mem_ops/mem_ops_aeabi.S.obj
                0x0000000010006830                __wrap_memset
 .text.memcpy   0x000000001000683c        0xc CMakeFiles/semaphore.dir/Users/pschatzmann/Documents/Projects/cpp/pico-sdk/src/rp2_common/pico_mem_ops/mem_ops_aeabi.S.obj
                0x000000001000683c                __wrap___aeabi_memcpy
                0x000000001000683c                __wrap_memcpy
 .text.core1_trampoline
                0x0000000010006848        0x4 CMakeFiles/semaphore.dir/Users/pschatzmann/Documents/Projects/cpp/pico-sdk/src/rp2_common/pico_multicore/multicore.c.obj
 .text.core1_wrapper
                0x000000001000684c        0xc CMakeFiles/semaphore.dir/Users/pschatzmann/Documents/Projects/cpp/pico-sdk/src/rp2_common/pico_multicore/multicore.c.obj
                0x000000001000684c                core1_wrapper
 .text.multicore_launch_core1
                0x0000000010006858       0xa4 CMakeFiles/semaphore.dir/Users/pschatzmann/Documents/Projects/cpp/pico-sdk/src/rp2_common/pico_multicore/multicore.c.obj
                0x0000000010006858                multicore_launch_core1
 .text._ZN7arduino5Print17availableForWriteEv
                0x00000000100068fc        0x4 /Users/pschatzmann/Documents/Projects/cpp/pico-arduino/lib/libarduino.a(Print.cpp.obj)
                0x00000000100068fc                arduino::Print::availableForWrite()
 .text._ZN7arduino5Print5writeEPKhj
                0x0000000010006900       0x28 /Users/pschatzmann/Documents/Projects/cpp/pico-arduino/lib/libarduino.a(Print.cpp.obj)
                0x0000000010006900                arduino::Print::write(unsigned char const*, unsigned int)
 .text._ZN7arduino5Print5printEPKc
                0x0000000010006928       0x58 /Users/pschatzmann/Documents/Projects/cpp/pico-arduino/lib/libarduino.a(Print.cpp.obj)
                0x0000000010006928                arduino::Print::print(char const*)
 .text._ZN7arduino5Print7printlnEv
                0x0000000010006980       0x3c /Users/pschatzmann/Documents/Projects/cpp/pico-arduino/lib/libarduino.a(Print.cpp.obj)
                0x0000000010006980                arduino::Print::println()
 .text._ZN7arduino5Print11printNumberEmh
                0x00000000100069bc       0x9c /Users/pschatzmann/Documents/Projects/cpp/pico-arduino/lib/libarduino.a(Print.cpp.obj)
                0x00000000100069bc                arduino::Print::printNumber(unsigned long, unsigned char)
 .text._ZN7arduino5Print5printEli
                0x0000000010006a58       0x44 /Users/pschatzmann/Documents/Projects/cpp/pico-arduino/lib/libarduino.a(Print.cpp.obj)
                0x0000000010006a58                arduino::Print::print(long, int)
 .text._ZN7arduino5Print7printlnEli
                0x0000000010006a9c       0x4c /Users/pschatzmann/Documents/Projects/cpp/pico-arduino/lib/libarduino.a(Print.cpp.obj)
                0x0000000010006a9c                arduino::Print::println(long, int)
 .text._ZN7arduino13ArduinoLogger9setLoggerERNS_6StreamENS0_8LogLevelE
                0x0000000010006ae8        0x8 /Users/pschatzmann/Documents/Projects/cpp/pico-arduino/lib/libarduino.a(Arduino.cpp.obj)
                0x0000000010006ae8                arduino::ArduinoLogger::setLogger(arduino::Stream&, arduino::ArduinoLogger::LogLevel)
 .text._ZN7arduino13ArduinoLogger9isLoggingEv
                0x0000000010006af0        0xc /Users/pschatzmann/Documents/Projects/cpp/pico-arduino/lib/libarduino.a(Arduino.cpp.obj)
                0x0000000010006af0                arduino::ArduinoLogger::isLogging()
 .text._ZN17PicoDefaultSerial5beginEm
                0x0000000010006afc        0x8 /Users/pschatzmann/Documents/Projects/cpp/pico-arduino/lib/libarduino.a(Arduino.cpp.obj)
                0x0000000010006afc                PicoDefaultSerial::begin(unsigned long)
 .text._ZN17PicoDefaultSerial5beginEmt
                0x0000000010006b04        0x8 /Users/pschatzmann/Documents/Projects/cpp/pico-arduino/lib/libarduino.a(Arduino.cpp.obj)
                0x0000000010006b04                PicoDefaultSerial::begin(unsigned long, unsigned short)
 .text._ZN17PicoDefaultSerial3endEv
                0x0000000010006b0c        0x8 /Users/pschatzmann/Documents/Projects/cpp/pico-arduino/lib/libarduino.a(Arduino.cpp.obj)
                0x0000000010006b0c                PicoDefaultSerial::end()
 .text._ZN17PicoDefaultSerialcvbEv
                0x0000000010006b14        0x4 /Users/pschatzmann/Documents/Projects/cpp/pico-arduino/lib/libarduino.a(Arduino.cpp.obj)
                0x0000000010006b14                PicoDefaultSerial::operator bool()
 .text._ZN18PicoHardwareSerial5beginEm
                0x0000000010006b18        0xc /Users/pschatzmann/Documents/Projects/cpp/pico-arduino/lib/libarduino.a(Arduino.cpp.obj)
                0x0000000010006b18                PicoHardwareSerial::begin(unsigned long)
 .text._ZN18PicoHardwareSerial5beginEmt
                0x0000000010006b24        0xc /Users/pschatzmann/Documents/Projects/cpp/pico-arduino/lib/libarduino.a(Arduino.cpp.obj)
                0x0000000010006b24                PicoHardwareSerial::begin(unsigned long, unsigned short)
 .text._ZN18PicoHardwareSerial9availableEv
                0x0000000010006b30       0x20 /Users/pschatzmann/Documents/Projects/cpp/pico-arduino/lib/libarduino.a(Arduino.cpp.obj)
                0x0000000010006b30                PicoHardwareSerial::available()
 .text._ZN18PicoHardwareSerial17availableForWriteEv
                0x0000000010006b50       0x10 /Users/pschatzmann/Documents/Projects/cpp/pico-arduino/lib/libarduino.a(Arduino.cpp.obj)
                0x0000000010006b50                PicoHardwareSerial::availableForWrite()
 .text._ZN18PicoHardwareSerial5writeEh
                0x0000000010006b60       0x3c /Users/pschatzmann/Documents/Projects/cpp/pico-arduino/lib/libarduino.a(Arduino.cpp.obj)
                0x0000000010006b60                PicoHardwareSerial::write(unsigned char)
 .text._ZN18PicoHardwareSerial5writeEPKhj
                0x0000000010006b9c       0x28 /Users/pschatzmann/Documents/Projects/cpp/pico-arduino/lib/libarduino.a(Arduino.cpp.obj)
                0x0000000010006b9c                PicoHardwareSerial::write(unsigned char const*, unsigned int)
 .text._ZN18PicoHardwareSerialcvbEv
                0x0000000010006bc4        0x8 /Users/pschatzmann/Documents/Projects/cpp/pico-arduino/lib/libarduino.a(Arduino.cpp.obj)
                0x0000000010006bc4                PicoHardwareSerial::operator bool()
 .text._ZN18PicoHardwareSerial5flushEv
                0x0000000010006bcc        0x4 /Users/pschatzmann/Documents/Projects/cpp/pico-arduino/lib/libarduino.a(Arduino.cpp.obj)
                0x0000000010006bcc                PicoHardwareSerial::flush()
 .text._ZN17PicoDefaultSerial7printlnEPKc
                0x0000000010006bd0        0xc /Users/pschatzmann/Documents/Projects/cpp/pico-arduino/lib/libarduino.a(Arduino.cpp.obj)
                0x0000000010006bd0                PicoDefaultSerial::println(char const*)
 .text._ZN17PicoDefaultSerial5flushEv
                0x0000000010006bdc        0x8 /Users/pschatzmann/Documents/Projects/cpp/pico-arduino/lib/libarduino.a(Arduino.cpp.obj)
                0x0000000010006bdc                PicoDefaultSerial::flush()
 .text._ZN17PicoDefaultSerial5writeEh
                0x0000000010006be4        0xc /Users/pschatzmann/Documents/Projects/cpp/pico-arduino/lib/libarduino.a(Arduino.cpp.obj)
                0x0000000010006be4                PicoDefaultSerial::write(unsigned char)
 .text._ZN18PicoHardwareSerial5beginEmmaabbb
                0x0000000010006bf0      0x1a0 /Users/pschatzmann/Documents/Projects/cpp/pico-arduino/lib/libarduino.a(Arduino.cpp.obj)
                0x0000000010006bf0                PicoHardwareSerial::begin(unsigned long, unsigned long, signed char, signed char, bool, bool, bool)
 .text._ZN18PicoHardwareSerial3endEv
                0x0000000010006d90       0x10 /Users/pschatzmann/Documents/Projects/cpp/pico-arduino/lib/libarduino.a(Arduino.cpp.obj)
                0x0000000010006d90                PicoHardwareSerial::end()
 .text._ZN7arduino13ArduinoLogger3logENS0_8LogLevelEPKcS3_S3_
                0x0000000010006da0       0x58 /Users/pschatzmann/Documents/Projects/cpp/pico-arduino/lib/libarduino.a(Arduino.cpp.obj)
                0x0000000010006da0                arduino::ArduinoLogger::log(arduino::ArduinoLogger::LogLevel, char const*, char const*, char const*)
 .text._ZN18PicoHardwareSerial4readEv
                0x0000000010006df8       0x84 /Users/pschatzmann/Documents/Projects/cpp/pico-arduino/lib/libarduino.a(Arduino.cpp.obj)
                0x0000000010006df8                PicoHardwareSerial::read()
 .text._ZN17PicoDefaultSerial4readEv
                0x0000000010006e7c       0x78 /Users/pschatzmann/Documents/Projects/cpp/pico-arduino/lib/libarduino.a(Arduino.cpp.obj)
                0x0000000010006e7c                PicoDefaultSerial::read()
 .text._ZN18PicoHardwareSerial4peekEv
                0x0000000010006ef4       0x70 /Users/pschatzmann/Documents/Projects/cpp/pico-arduino/lib/libarduino.a(Arduino.cpp.obj)
                0x0000000010006ef4                PicoHardwareSerial::peek()
 .text._ZN17PicoDefaultSerial9availableEv
                0x0000000010006f64       0x54 /Users/pschatzmann/Documents/Projects/cpp/pico-arduino/lib/libarduino.a(Arduino.cpp.obj)
                0x0000000010006f64                PicoDefaultSerial::available()
 .text._ZN17PicoDefaultSerial4peekEv
                0x0000000010006fb8       0x68 /Users/pschatzmann/Documents/Projects/cpp/pico-arduino/lib/libarduino.a(Arduino.cpp.obj)
                0x0000000010006fb8                PicoDefaultSerial::peek()
 .text._ZN7arduino13ArduinoLogger5errorEPKcS2_S2_
                0x0000000010007020       0x78 /Users/pschatzmann/Documents/Projects/cpp/pico-arduino/lib/libarduino.a(Arduino.cpp.obj)
                0x0000000010007020                arduino::ArduinoLogger::error(char const*, char const*, char const*)
 .text._ZN7arduino13ArduinoLogger4infoEPKcS2_S2_
                0x0000000010007098       0x78 /Users/pschatzmann/Documents/Projects/cpp/pico-arduino/lib/libarduino.a(Arduino.cpp.obj)
                0x0000000010007098                arduino::ArduinoLogger::info(char const*, char const*, char const*)
 .text._ZN7arduino13ArduinoLogger7warningEPKcS2_S2_
                0x0000000010007110       0x78 /Users/pschatzmann/Documents/Projects/cpp/pico-arduino/lib/libarduino.a(Arduino.cpp.obj)
                0x0000000010007110                arduino::ArduinoLogger::warning(char const*, char const*, char const*)
 .text._ZN7arduino13ArduinoLogger5debugEPKcS2_S2_
                0x0000000010007188       0x78 /Users/pschatzmann/Documents/Projects/cpp/pico-arduino/lib/libarduino.a(Arduino.cpp.obj)
                0x0000000010007188                arduino::ArduinoLogger::debug(char const*, char const*, char const*)
 .text.startup._GLOBAL__sub_I_Serial
                0x0000000010007200       0xdc /Users/pschatzmann/Documents/Projects/cpp/pico-arduino/lib/libarduino.a(Arduino.cpp.obj)
 .text.startup.main
                0x00000000100072dc        0xc /Users/pschatzmann/Documents/Projects/cpp/pico-arduino/lib/libarduino.a(main.cpp.obj)
                0x00000000100072dc                main
 .text.startup._GLOBAL__sub_I__ZN9__gnu_cxx9__freeresEv
                0x00000000100072e8       0x2c /usr/local/Cellar/arm-none-eabi-gcc/9-2019-q4-major/gcc/bin/../lib/gcc/arm-none-eabi/9.2.1/../../../../arm-none-eabi/lib/thumb/v6-m/nofp/libstdc++.a(eh_alloc.o)
 .text.calloc   0x0000000010007314       0x18 /usr/local/Cellar/arm-none-eabi-gcc/9-2019-q4-major/gcc/bin/../lib/gcc/arm-none-eabi/9.2.1/../../../../arm-none-eabi/lib/thumb/v6-m/nofp/libc.a(lib_a-calloc.o)
                0x0000000010007314                calloc
 .text._calloc_r
                0x000000001000732c       0x5c /usr/local/Cellar/arm-none-eabi-gcc/9-2019-q4-major/gcc/bin/../lib/gcc/arm-none-eabi/9.2.1/../../../../arm-none-eabi/lib/thumb/v6-m/nofp/libc.a(lib_a-callocr.o)
                0x000000001000732c                _calloc_r
 .text.getchar  0x0000000010007388       0x14 /usr/local/Cellar/arm-none-eabi-gcc/9-2019-q4-major/gcc/bin/../lib/gcc/arm-none-eabi/9.2.1/../../../../arm-none-eabi/lib/thumb/v6-m/nofp/libc.a(lib_a-getchar.o)
                0x0000000010007388                getchar
 .text.__retarget_lock_init_recursive
                0x000000001000739c        0x4 /usr/local/Cellar/arm-none-eabi-gcc/9-2019-q4-major/gcc/bin/../lib/gcc/arm-none-eabi/9.2.1/../../../../arm-none-eabi/lib/thumb/v6-m/nofp/libc.a(lib_a-lock.o)
                0x000000001000739c                __retarget_lock_init_recursive
 .text.__retarget_lock_close_recursive
                0x00000000100073a0        0x4 /usr/local/Cellar/arm-none-eabi-gcc/9-2019-q4-major/gcc/bin/../lib/gcc/arm-none-eabi/9.2.1/../../../../arm-none-eabi/lib/thumb/v6-m/nofp/libc.a(lib_a-lock.o)
                0x00000000100073a0                __retarget_lock_close_recursive
 .text.__retarget_lock_acquire_recursive
                0x00000000100073a4        0x4 /usr/local/Cellar/arm-none-eabi-gcc/9-2019-q4-major/gcc/bin/../lib/gcc/arm-none-eabi/9.2.1/../../../../arm-none-eabi/lib/thumb/v6-m/nofp/libc.a(lib_a-lock.o)
                0x00000000100073a4                __retarget_lock_acquire_recursive
 .text.__retarget_lock_release_recursive
                0x00000000100073a8        0x4 /usr/local/Cellar/arm-none-eabi-gcc/9-2019-q4-major/gcc/bin/../lib/gcc/arm-none-eabi/9.2.1/../../../../arm-none-eabi/lib/thumb/v6-m/nofp/libc.a(lib_a-lock.o)
                0x00000000100073a8                __retarget_lock_release_recursive
 .text.malloc   0x00000000100073ac       0x14 /usr/local/Cellar/arm-none-eabi-gcc/9-2019-q4-major/gcc/bin/../lib/gcc/arm-none-eabi/9.2.1/../../../../arm-none-eabi/lib/thumb/v6-m/nofp/libc.a(lib_a-malloc.o)
                0x00000000100073ac                malloc
 .text._malloc_r
                0x00000000100073c0      0x580 /usr/local/Cellar/arm-none-eabi-gcc/9-2019-q4-major/gcc/bin/../lib/gcc/arm-none-eabi/9.2.1/../../../../arm-none-eabi/lib/thumb/v6-m/nofp/libc.a(lib_a-mallocr.o)
                0x00000000100073c0                _malloc_r
 .text.__malloc_lock
                0x0000000010007940       0x10 /usr/local/Cellar/arm-none-eabi-gcc/9-2019-q4-major/gcc/bin/../lib/gcc/arm-none-eabi/9.2.1/../../../../arm-none-eabi/lib/thumb/v6-m/nofp/libc.a(lib_a-mlock.o)
                0x0000000010007940                __malloc_lock
 .text.__malloc_unlock
                0x0000000010007950       0x10 /usr/local/Cellar/arm-none-eabi-gcc/9-2019-q4-major/gcc/bin/../lib/gcc/arm-none-eabi/9.2.1/../../../../arm-none-eabi/lib/thumb/v6-m/nofp/libc.a(lib_a-mlock.o)
                0x0000000010007950                __malloc_unlock
 .text._sbrk_r  0x0000000010007960       0x24 /usr/local/Cellar/arm-none-eabi-gcc/9-2019-q4-major/gcc/bin/../lib/gcc/arm-none-eabi/9.2.1/../../../../arm-none-eabi/lib/thumb/v6-m/nofp/libc.a(lib_a-sbrkr.o)
                0x0000000010007960                _sbrk_r
 .text.strlen   0x0000000010007984       0x5c /usr/local/Cellar/arm-none-eabi-gcc/9-2019-q4-major/gcc/bin/../lib/gcc/arm-none-eabi/9.2.1/../../../../arm-none-eabi/lib/thumb/v6-m/nofp/libc.a(lib_a-strlen-stub.o)
                0x0000000010007984                strlen
 .text._write_r
                0x00000000100079e0       0x28 /usr/local/Cellar/arm-none-eabi-gcc/9-2019-q4-major/gcc/bin/../lib/gcc/arm-none-eabi/9.2.1/../../../../arm-none-eabi/lib/thumb/v6-m/nofp/libc.a(lib_a-writer.o)
                0x00000000100079e0                _write_r
 .text.__sflush_r
                0x0000000010007a08      0x140 /usr/local/Cellar/arm-none-eabi-gcc/9-2019-q4-major/gcc/bin/../lib/gcc/arm-none-eabi/9.2.1/../../../../arm-none-eabi/lib/thumb/v6-m/nofp/libc.a(lib_a-fflush.o)
                0x0000000010007a08                __sflush_r
 .text._fflush_r
                0x0000000010007b48       0x6c /usr/local/Cellar/arm-none-eabi-gcc/9-2019-q4-major/gcc/bin/../lib/gcc/arm-none-eabi/9.2.1/../../../../arm-none-eabi/lib/thumb/v6-m/nofp/libc.a(lib_a-fflush.o)
                0x0000000010007b48                _fflush_r
 .text.fflush   0x0000000010007bb4       0x2c /usr/local/Cellar/arm-none-eabi-gcc/9-2019-q4-major/gcc/bin/../lib/gcc/arm-none-eabi/9.2.1/../../../../arm-none-eabi/lib/thumb/v6-m/nofp/libc.a(lib_a-fflush.o)
                0x0000000010007bb4                fflush
 .text.std      0x0000000010007be0       0x50 /usr/local/Cellar/arm-none-eabi-gcc/9-2019-q4-major/gcc/bin/../lib/gcc/arm-none-eabi/9.2.1/../../../../arm-none-eabi/lib/thumb/v6-m/nofp/libc.a(lib_a-findfp.o)
 .text._cleanup_r
                0x0000000010007c30       0x10 /usr/local/Cellar/arm-none-eabi-gcc/9-2019-q4-major/gcc/bin/../lib/gcc/arm-none-eabi/9.2.1/../../../../arm-none-eabi/lib/thumb/v6-m/nofp/libc.a(lib_a-findfp.o)
                0x0000000010007c30                _cleanup_r
 .text.__sinit  0x0000000010007c40       0x60 /usr/local/Cellar/arm-none-eabi-gcc/9-2019-q4-major/gcc/bin/../lib/gcc/arm-none-eabi/9.2.1/../../../../arm-none-eabi/lib/thumb/v6-m/nofp/libc.a(lib_a-findfp.o)
                0x0000000010007c40                __sinit
 .text.__sfp_lock_acquire
                0x0000000010007ca0       0x10 /usr/local/Cellar/arm-none-eabi-gcc/9-2019-q4-major/gcc/bin/../lib/gcc/arm-none-eabi/9.2.1/../../../../arm-none-eabi/lib/thumb/v6-m/nofp/libc.a(lib_a-findfp.o)
                0x0000000010007ca0                __sfp_lock_acquire
 .text.__sfp_lock_release
                0x0000000010007cb0       0x10 /usr/local/Cellar/arm-none-eabi-gcc/9-2019-q4-major/gcc/bin/../lib/gcc/arm-none-eabi/9.2.1/../../../../arm-none-eabi/lib/thumb/v6-m/nofp/libc.a(lib_a-findfp.o)
                0x0000000010007cb0                __sfp_lock_release
 .text._malloc_trim_r
                0x0000000010007cc0       0x9c /usr/local/Cellar/arm-none-eabi-gcc/9-2019-q4-major/gcc/bin/../lib/gcc/arm-none-eabi/9.2.1/../../../../arm-none-eabi/lib/thumb/v6-m/nofp/libc.a(lib_a-freer.o)
                0x0000000010007cc0                _malloc_trim_r
 .text._free_r  0x0000000010007d5c      0x1c4 /usr/local/Cellar/arm-none-eabi-gcc/9-2019-q4-major/gcc/bin/../lib/gcc/arm-none-eabi/9.2.1/../../../../arm-none-eabi/lib/thumb/v6-m/nofp/libc.a(lib_a-freer.o)
                0x0000000010007d5c                _free_r
 .text._fwalk   0x0000000010007f20       0x40 /usr/local/Cellar/arm-none-eabi-gcc/9-2019-q4-major/gcc/bin/../lib/gcc/arm-none-eabi/9.2.1/../../../../arm-none-eabi/lib/thumb/v6-m/nofp/libc.a(lib_a-fwalk.o)
                0x0000000010007f20                _fwalk
 .text._fwalk_reent
                0x0000000010007f60       0x48 /usr/local/Cellar/arm-none-eabi-gcc/9-2019-q4-major/gcc/bin/../lib/gcc/arm-none-eabi/9.2.1/../../../../arm-none-eabi/lib/thumb/v6-m/nofp/libc.a(lib_a-fwalk.o)
                0x0000000010007f60                _fwalk_reent
 .text._getc_r  0x0000000010007fa8       0x60 /usr/local/Cellar/arm-none-eabi-gcc/9-2019-q4-major/gcc/bin/../lib/gcc/arm-none-eabi/9.2.1/../../../../arm-none-eabi/lib/thumb/v6-m/nofp/libc.a(lib_a-getc.o)
                0x0000000010007fa8                _getc_r
 .text.__swhatbuf_r
                0x0000000010008008       0x60 /usr/local/Cellar/arm-none-eabi-gcc/9-2019-q4-major/gcc/bin/../lib/gcc/arm-none-eabi/9.2.1/../../../../arm-none-eabi/lib/thumb/v6-m/nofp/libc.a(lib_a-makebuf.o)
                0x0000000010008008                __swhatbuf_r
 .text.__smakebuf_r
                0x0000000010008068       0x90 /usr/local/Cellar/arm-none-eabi-gcc/9-2019-q4-major/gcc/bin/../lib/gcc/arm-none-eabi/9.2.1/../../../../arm-none-eabi/lib/thumb/v6-m/nofp/libc.a(lib_a-makebuf.o)
                0x0000000010008068                __smakebuf_r
 .text.__srget_r
                0x00000000100080f8       0x38 /usr/local/Cellar/arm-none-eabi-gcc/9-2019-q4-major/gcc/bin/../lib/gcc/arm-none-eabi/9.2.1/../../../../arm-none-eabi/lib/thumb/v6-m/nofp/libc.a(lib_a-rget.o)
                0x00000000100080f8                __srget_r
 .text.__sread  0x0000000010008130       0x28 /usr/local/Cellar/arm-none-eabi-gcc/9-2019-q4-major/gcc/bin/../lib/gcc/arm-none-eabi/9.2.1/../../../../arm-none-eabi/lib/thumb/v6-m/nofp/libc.a(lib_a-stdio.o)
                0x0000000010008130                __sread
 .text.__swrite
                0x0000000010008158       0x40 /usr/local/Cellar/arm-none-eabi-gcc/9-2019-q4-major/gcc/bin/../lib/gcc/arm-none-eabi/9.2.1/../../../../arm-none-eabi/lib/thumb/v6-m/nofp/libc.a(lib_a-stdio.o)
                0x0000000010008158                __swrite
 .text.__sseek  0x0000000010008198       0x2c /usr/local/Cellar/arm-none-eabi-gcc/9-2019-q4-major/gcc/bin/../lib/gcc/arm-none-eabi/9.2.1/../../../../arm-none-eabi/lib/thumb/v6-m/nofp/libc.a(lib_a-stdio.o)
                0x0000000010008198                __sseek
 .text.__sclose
                0x00000000100081c4        0xc /usr/local/Cellar/arm-none-eabi-gcc/9-2019-q4-major/gcc/bin/../lib/gcc/arm-none-eabi/9.2.1/../../../../arm-none-eabi/lib/thumb/v6-m/nofp/libc.a(lib_a-stdio.o)
                0x00000000100081c4                __sclose
 .text._close_r
                0x00000000100081d0       0x24 /usr/local/Cellar/arm-none-eabi-gcc/9-2019-q4-major/gcc/bin/../lib/gcc/arm-none-eabi/9.2.1/../../../../arm-none-eabi/lib/thumb/v6-m/nofp/libc.a(lib_a-closer.o)
                0x00000000100081d0                _close_r
 .text._fclose_r
                0x00000000100081f4       0xdc /usr/local/Cellar/arm-none-eabi-gcc/9-2019-q4-major/gcc/bin/../lib/gcc/arm-none-eabi/9.2.1/../../../../arm-none-eabi/lib/thumb/v6-m/nofp/libc.a(lib_a-fclose.o)
                0x00000000100081f4                _fclose_r
 .text._fstat_r
                0x00000000100082d0       0x28 /usr/local/Cellar/arm-none-eabi-gcc/9-2019-q4-major/gcc/bin/../lib/gcc/arm-none-eabi/9.2.1/../../../../arm-none-eabi/lib/thumb/v6-m/nofp/libc.a(lib_a-fstatr.o)
                0x00000000100082d0                _fstat_r
 .text._isatty_r
                0x00000000100082f8       0x24 /usr/local/Cellar/arm-none-eabi-gcc/9-2019-q4-major/gcc/bin/../lib/gcc/arm-none-eabi/9.2.1/../../../../arm-none-eabi/lib/thumb/v6-m/nofp/libc.a(lib_a-isattyr.o)
                0x00000000100082f8                _isatty_r
 .text._lseek_r
                0x000000001000831c       0x28 /usr/local/Cellar/arm-none-eabi-gcc/9-2019-q4-major/gcc/bin/../lib/gcc/arm-none-eabi/9.2.1/../../../../arm-none-eabi/lib/thumb/v6-m/nofp/libc.a(lib_a-lseekr.o)
                0x000000001000831c                _lseek_r
 .text._read_r  0x0000000010008344       0x28 /usr/local/Cellar/arm-none-eabi-gcc/9-2019-q4-major/gcc/bin/../lib/gcc/arm-none-eabi/9.2.1/../../../../arm-none-eabi/lib/thumb/v6-m/nofp/libc.a(lib_a-readr.o)
                0x0000000010008344                _read_r
 .text.lflush   0x000000001000836c       0x1c /usr/local/Cellar/arm-none-eabi-gcc/9-2019-q4-major/gcc/bin/../lib/gcc/arm-none-eabi/9.2.1/../../../../arm-none-eabi/lib/thumb/v6-m/nofp/libc.a(lib_a-refill.o)
 .text.__srefill_r
                0x0000000010008388      0x124 /usr/local/Cellar/arm-none-eabi-gcc/9-2019-q4-major/gcc/bin/../lib/gcc/arm-none-eabi/9.2.1/../../../../arm-none-eabi/lib/thumb/v6-m/nofp/libc.a(lib_a-refill.o)
                0x0000000010008388                __srefill_r
 .text._close   0x00000000100084ac       0x10 /usr/local/Cellar/arm-none-eabi-gcc/9-2019-q4-major/gcc/bin/../lib/gcc/arm-none-eabi/9.2.1/../../../../arm-none-eabi/lib/thumb/v6-m/nofp/libnosys.a(close.o)
                0x00000000100084ac                _close
 .text._fstat   0x00000000100084bc       0x10 /usr/local/Cellar/arm-none-eabi-gcc/9-2019-q4-major/gcc/bin/../lib/gcc/arm-none-eabi/9.2.1/../../../../arm-none-eabi/lib/thumb/v6-m/nofp/libnosys.a(fstat.o)
                0x00000000100084bc                _fstat
 .text._isatty  0x00000000100084cc       0x10 /usr/local/Cellar/arm-none-eabi-gcc/9-2019-q4-major/gcc/bin/../lib/gcc/arm-none-eabi/9.2.1/../../../../arm-none-eabi/lib/thumb/v6-m/nofp/libnosys.a(isatty.o)
                0x00000000100084cc                _isatty
 .text._lseek   0x00000000100084dc       0x10 /usr/local/Cellar/arm-none-eabi-gcc/9-2019-q4-major/gcc/bin/../lib/gcc/arm-none-eabi/9.2.1/../../../../arm-none-eabi/lib/thumb/v6-m/nofp/libnosys.a(lseek.o)
                0x00000000100084dc                _lseek
 *(.fini)
 .fini          0x00000000100084ec        0x4 /usr/local/Cellar/arm-none-eabi-gcc/9-2019-q4-major/gcc/bin/../lib/gcc/arm-none-eabi/9.2.1/thumb/v6-m/nofp/crti.o
                0x00000000100084ec                _fini
 .fini.__stub   0x00000000100084f0       0x80 linker stubs
 *crtbegin.o(.ctors)
 *crtbegin?.o(.ctors)
 *(EXCLUDE_FILE(*crtend.o *crtend?.o) .ctors)
 *(SORT_BY_NAME(.ctors.*))
 *(.ctors)
 *crtbegin.o(.dtors)
 *crtbegin?.o(.dtors)
 *(EXCLUDE_FILE(*crtend.o *crtend?.o) .dtors)
 *(SORT_BY_NAME(.dtors.*))
 *(.dtors)
 *(.eh_frame*)
 .eh_frame      0x0000000010008570        0x0 /usr/local/Cellar/arm-none-eabi-gcc/9-2019-q4-major/gcc/bin/../lib/gcc/arm-none-eabi/9.2.1/thumb/v6-m/nofp/crtbegin.o
                0x0000000010008570                . = ALIGN (0x4)

.glue_7         0x0000000010008570        0x0
 .glue_7        0x0000000010008570        0x0 linker stubs

.glue_7t        0x0000000010008570        0x0
 .glue_7t       0x0000000010008570        0x0 linker stubs

.vfp11_veneer   0x0000000010008570        0x0
 .vfp11_veneer  0x0000000010008570        0x0 linker stubs

.v4_bx          0x0000000010008570        0x0
 .v4_bx         0x0000000010008570        0x0 linker stubs

.iplt           0x0000000010008570        0x0
 .iplt          0x0000000010008570        0x0 /usr/local/Cellar/arm-none-eabi-gcc/9-2019-q4-major/gcc/bin/../lib/gcc/arm-none-eabi/9.2.1/thumb/v6-m/nofp/crtbegin.o

.rodata         0x0000000010008570      0x884
 *(EXCLUDE_FILE(*libm.a: *libc.a:*lib_a-mem*.o *libgcc.a:) .rodata*)
 .rodata.setup.str1.4
                0x0000000010008570       0x57 CMakeFiles/semaphore.dir/semaphore.cpp.obj
 *fill*         0x00000000100085c7        0x1 
 .rodata.str1.4
                0x00000000100085c8       0x2c CMakeFiles/semaphore.dir/Users/pschatzmann/Documents/Projects/cpp/pico-sdk/src/rp2_common/pico_stdio_uart/stdio_uart.c.obj
 .rodata.__bi_27.4687
                0x00000000100085f4        0xc CMakeFiles/semaphore.dir/Users/pschatzmann/Documents/Projects/cpp/pico-sdk/src/rp2_common/pico_stdio_uart/stdio_uart.c.obj
 .rodata.__bi_28.4691
                0x0000000010008600        0x8 CMakeFiles/semaphore.dir/Users/pschatzmann/Documents/Projects/cpp/pico-sdk/src/rp2_common/pico_stdio_uart/stdio_uart.c.obj
 .rodata.crlf_str.5969
                0x0000000010008608        0x2 CMakeFiles/semaphore.dir/Users/pschatzmann/Documents/Projects/cpp/pico-sdk/src/rp2_common/pico_stdio/stdio.c.obj
 *fill*         0x000000001000860a        0x2 
 .rodata._ftoa.str1.4
                0x000000001000860c       0x15 CMakeFiles/semaphore.dir/Users/pschatzmann/Documents/Projects/cpp/pico-sdk/src/rp2_common/pico_printf/printf.c.obj
 *fill*         0x0000000010008621        0x3 
 .rodata._vsnprintf
                0x0000000010008624      0x1e0 CMakeFiles/semaphore.dir/Users/pschatzmann/Documents/Projects/cpp/pico-sdk/src/rp2_common/pico_printf/printf.c.obj
 *fill*         0x0000000010008804        0x4 
 .rodata.pow10.5432
                0x0000000010008808       0x50 CMakeFiles/semaphore.dir/Users/pschatzmann/Documents/Projects/cpp/pico-sdk/src/rp2_common/pico_printf/printf.c.obj
 .rodata.str1.4
                0x0000000010008858       0x13 CMakeFiles/semaphore.dir/Users/pschatzmann/Documents/Projects/cpp/pico-sdk/src/rp2_common/pico_stdio_usb/stdio_usb.c.obj
 *fill*         0x000000001000886b        0x1 
 .rodata.__bi_93.6991
                0x000000001000886c        0xc CMakeFiles/semaphore.dir/Users/pschatzmann/Documents/Projects/cpp/pico-sdk/src/rp2_common/pico_stdio_usb/stdio_usb.c.obj
 .rodata.str1.4
                0x0000000010008878       0x32 CMakeFiles/semaphore.dir/Users/pschatzmann/Documents/Projects/cpp/pico-sdk/src/rp2_common/pico_stdio_usb/stdio_usb_descriptors.c.obj
 *fill*         0x00000000100088aa        0x2 
 .rodata.usbd_desc_cfg
                0x00000000100088ac       0x4b CMakeFiles/semaphore.dir/Users/pschatzmann/Documents/Projects/cpp/pico-sdk/src/rp2_common/pico_stdio_usb/stdio_usb_descriptors.c.obj
 *fill*         0x00000000100088f7        0x1 
 .rodata.usbd_desc_device
                0x00000000100088f8       0x12 CMakeFiles/semaphore.dir/Users/pschatzmann/Documents/Projects/cpp/pico-sdk/src/rp2_common/pico_stdio_usb/stdio_usb_descriptors.c.obj
 *fill*         0x000000001000890a        0x2 
 .rodata.usbd_desc_str
                0x000000001000890c       0x14 CMakeFiles/semaphore.dir/Users/pschatzmann/Documents/Projects/cpp/pico-sdk/src/rp2_common/pico_stdio_usb/stdio_usb_descriptors.c.obj
 .rodata.dcd_rp2040_irq.str1.4
                0x0000000010008920       0x14 CMakeFiles/semaphore.dir/Users/pschatzmann/Documents/Projects/cpp/pico-sdk/lib/tinyusb/src/portable/raspberrypi/rp2040/dcd_rp2040.c.obj
 .rodata.dcd_edpt_open.str1.4
                0x0000000010008934       0x28 CMakeFiles/semaphore.dir/Users/pschatzmann/Documents/Projects/cpp/pico-sdk/lib/tinyusb/src/portable/raspberrypi/rp2040/dcd_rp2040.c.obj
 .rodata._hw_endpoint_buffer_control_update32.str1.4
                0x000000001000895c       0x1f CMakeFiles/semaphore.dir/Users/pschatzmann/Documents/Projects/cpp/pico-sdk/lib/tinyusb/src/portable/raspberrypi/rp2040/rp2040_usb.c.obj
 *fill*         0x000000001000897b        0x1 
 .rodata._hw_endpoint_xfer_continue.str1.4
                0x000000001000897c       0x50 CMakeFiles/semaphore.dir/Users/pschatzmann/Documents/Projects/cpp/pico-sdk/lib/tinyusb/src/portable/raspberrypi/rp2040/rp2040_usb.c.obj
 .rodata.str1.4
                0x00000000100089cc       0x50 CMakeFiles/semaphore.dir/Users/pschatzmann/Documents/Projects/cpp/pico-sdk/lib/tinyusb/src/portable/raspberrypi/rp2040/rp2040_usb.c.obj
                                          0x7 (size before relaxing)
 .rodata.tud_task
                0x00000000100089cc       0x8c CMakeFiles/semaphore.dir/Users/pschatzmann/Documents/Projects/cpp/pico-sdk/lib/tinyusb/src/device/usbd.c.obj
 .rodata._usbd_driver
                0x0000000010008a58       0x1c CMakeFiles/semaphore.dir/Users/pschatzmann/Documents/Projects/cpp/pico-sdk/lib/tinyusb/src/device/usbd.c.obj
 .rodata.spin_lock_claim_unused.str1.4
                0x0000000010008a74       0x1b CMakeFiles/semaphore.dir/Users/pschatzmann/Documents/Projects/cpp/pico-sdk/src/rp2_common/hardware_sync/sync.c.obj
 *fill*         0x0000000010008a8f        0x1 
 .rodata.at_the_end_of_time
                0x0000000010008a90        0x8 CMakeFiles/semaphore.dir/Users/pschatzmann/Documents/Projects/cpp/pico-sdk/src/common/pico_time/time.c.obj
                0x0000000010008a90                at_the_end_of_time
 .rodata.hardware_alarm_claim.str1.4
                0x0000000010008a98       0x22 CMakeFiles/semaphore.dir/Users/pschatzmann/Documents/Projects/cpp/pico-sdk/src/rp2_common/hardware_timer/timer.c.obj
 *fill*         0x0000000010008aba        0x2 
 .rodata.panic.str1.4
                0x0000000010008abc       0x12 CMakeFiles/semaphore.dir/Users/pschatzmann/Documents/Projects/cpp/pico-sdk/src/rp2_common/pico_runtime/runtime.c.obj
 *fill*         0x0000000010008ace        0x2 
 .rodata.hard_assertion_failure.str1.4
                0x0000000010008ad0        0xc CMakeFiles/semaphore.dir/Users/pschatzmann/Documents/Projects/cpp/pico-sdk/src/rp2_common/pico_runtime/runtime.c.obj
 .rodata.str1.4
                0x0000000010008adc       0x30 CMakeFiles/semaphore.dir/Users/pschatzmann/Documents/Projects/cpp/pico-sdk/src/rp2_common/pico_standard_link/binary_info.c.obj
 .rodata.__bi_40
                0x0000000010008b0c        0xc CMakeFiles/semaphore.dir/Users/pschatzmann/Documents/Projects/cpp/pico-sdk/src/rp2_common/pico_standard_link/binary_info.c.obj
 .rodata.__bi_71
                0x0000000010008b18        0xc CMakeFiles/semaphore.dir/Users/pschatzmann/Documents/Projects/cpp/pico-sdk/src/rp2_common/pico_standard_link/binary_info.c.obj
 .rodata._ZN7arduino5Print7printlnEPKNS_19__FlashStringHelperE.str1.4
                0x0000000010008b24        0x3 /Users/pschatzmann/Documents/Projects/cpp/pico-arduino/lib/libarduino.a(Print.cpp.obj)
 *fill*         0x0000000010008b27        0x1 
 .rodata._ZN18PicoHardwareSerial5beginEmmaabbb
                0x0000000010008b28      0x230 /Users/pschatzmann/Documents/Projects/cpp/pico-arduino/lib/libarduino.a(Arduino.cpp.obj)
 .rodata._ZN7arduino13ArduinoLogger3logENS0_8LogLevelEPKcS3_S3_.str1.4
                0x0000000010008d58        0x2 /Users/pschatzmann/Documents/Projects/cpp/pico-arduino/lib/libarduino.a(Arduino.cpp.obj)
 *fill*         0x0000000010008d5a        0x2 
 .rodata._ZTVN7arduino13ArduinoLoggerE
                0x0000000010008d5c       0x24 /Users/pschatzmann/Documents/Projects/cpp/pico-arduino/lib/libarduino.a(Arduino.cpp.obj)
                0x0000000010008d5c                vtable for arduino::ArduinoLogger
 .rodata._ZTV17PicoDefaultSerial
                0x0000000010008d80       0x38 /Users/pschatzmann/Documents/Projects/cpp/pico-arduino/lib/libarduino.a(Arduino.cpp.obj)
                0x0000000010008d80                vtable for PicoDefaultSerial
 .rodata._ZTV18PicoHardwareSerial
                0x0000000010008db8       0x38 /Users/pschatzmann/Documents/Projects/cpp/pico-arduino/lib/libarduino.a(Arduino.cpp.obj)
                0x0000000010008db8                vtable for PicoHardwareSerial
 .rodata._global_impure_ptr
                0x0000000010008df0        0x4 /usr/local/Cellar/arm-none-eabi-gcc/9-2019-q4-major/gcc/bin/../lib/gcc/arm-none-eabi/9.2.1/../../../../arm-none-eabi/lib/thumb/v6-m/nofp/libc.a(lib_a-impure.o)
                0x0000000010008df0                _global_impure_ptr
                0x0000000010008df4                . = ALIGN (0x4)
 *(SORT_BY_ALIGNMENT(SORT_BY_NAME(.flashdata*)))
                0x0000000010008df4                . = ALIGN (0x4)

.ARM.extab
 *(.ARM.extab* .gnu.linkonce.armextab.*)
                0x0000000010008df4                __exidx_start = .

.ARM.exidx      0x0000000010008df4        0x8
 *(.ARM.exidx* .gnu.linkonce.armexidx.*)
 .ARM.exidx.text.startup._GLOBAL__sub_I__ZN9__gnu_cxx9__freeresEv
                0x0000000010008df4        0x8 /usr/local/Cellar/arm-none-eabi-gcc/9-2019-q4-major/gcc/bin/../lib/gcc/arm-none-eabi/9.2.1/../../../../arm-none-eabi/lib/thumb/v6-m/nofp/libstdc++.a(eh_alloc.o)
                0x0000000010008dfc                __exidx_end = .

.rel.dyn        0x0000000010008dfc        0x0
 .rel.iplt      0x0000000010008dfc        0x0 /usr/local/Cellar/arm-none-eabi-gcc/9-2019-q4-major/gcc/bin/../lib/gcc/arm-none-eabi/9.2.1/thumb/v6-m/nofp/crtbegin.o
                0x0000000010008dfc                . = ALIGN (0x4)
                0x0000000010008dfc                __binary_info_start = .

.binary_info    0x0000000010008dfc       0x24
 *(.binary_info.keep.*)
 .binary_info.keep.__bi_ptr18
                0x0000000010008dfc        0x4 CMakeFiles/semaphore.dir/Users/pschatzmann/Documents/Projects/cpp/pico-sdk/src/rp2_common/pico_standard_link/binary_info.c.obj
 .binary_info.keep.__bi_ptr26
                0x0000000010008e00        0x4 CMakeFiles/semaphore.dir/Users/pschatzmann/Documents/Projects/cpp/pico-sdk/src/rp2_common/pico_standard_link/binary_info.c.obj
 .binary_info.keep.__bi_ptr34
                0x0000000010008e04        0x4 CMakeFiles/semaphore.dir/Users/pschatzmann/Documents/Projects/cpp/pico-sdk/src/rp2_common/pico_standard_link/binary_info.c.obj
 .binary_info.keep.__bi_ptr40
                0x0000000010008e08        0x4 CMakeFiles/semaphore.dir/Users/pschatzmann/Documents/Projects/cpp/pico-sdk/src/rp2_common/pico_standard_link/binary_info.c.obj
 .binary_info.keep.__bi_ptr46
                0x0000000010008e0c        0x4 CMakeFiles/semaphore.dir/Users/pschatzmann/Documents/Projects/cpp/pico-sdk/src/rp2_common/pico_standard_link/binary_info.c.obj
 .binary_info.keep.__bi_ptr71
                0x0000000010008e10        0x4 CMakeFiles/semaphore.dir/Users/pschatzmann/Documents/Projects/cpp/pico-sdk/src/rp2_common/pico_standard_link/binary_info.c.obj
 *(.binary_info.*)
 .binary_info.__bi_ptr27
                0x0000000010008e14        0x4 CMakeFiles/semaphore.dir/Users/pschatzmann/Documents/Projects/cpp/pico-sdk/src/rp2_common/pico_stdio_uart/stdio_uart.c.obj
 .binary_info.__bi_ptr28
                0x0000000010008e18        0x4 CMakeFiles/semaphore.dir/Users/pschatzmann/Documents/Projects/cpp/pico-sdk/src/rp2_common/pico_stdio_uart/stdio_uart.c.obj
 .binary_info.__bi_ptr93
                0x0000000010008e1c        0x4 CMakeFiles/semaphore.dir/Users/pschatzmann/Documents/Projects/cpp/pico-sdk/src/rp2_common/pico_stdio_usb/stdio_usb.c.obj
                0x0000000010008e20                __binary_info_end = .
                0x0000000010008e20                . = ALIGN (0x4)
                0x0000000010008e20                __etext = .

.ram_vector_table
                0x0000000020000000       0xc0
 *(.ram_vector_table)
 .ram_vector_table
                0x0000000020000000       0xc0 CMakeFiles/semaphore.dir/Users/pschatzmann/Documents/Projects/cpp/pico-sdk/src/rp2_common/pico_runtime/runtime.c.obj
                0x0000000020000000                ram_vector_table

.data           0x00000000200000c0      0xb38 load address 0x0000000010008e20
                0x00000000200000c0                __data_start__ = .
 *(vtable)
 *(.time_critical*)
 .time_critical.sem_acquire_blocking
                0x00000000200000c0       0x44 CMakeFiles/semaphore.dir/Users/pschatzmann/Documents/Projects/cpp/pico-sdk/src/common/pico_sync/sem.c.obj
                0x00000000200000c0                sem_acquire_blocking
 .time_critical.sem_release
                0x0000000020000104       0x3c CMakeFiles/semaphore.dir/Users/pschatzmann/Documents/Projects/cpp/pico-sdk/src/common/pico_sync/sem.c.obj
                0x0000000020000104                sem_release
 .time_critical.mutex_enter_blocking
                0x0000000020000140       0x50 CMakeFiles/semaphore.dir/Users/pschatzmann/Documents/Projects/cpp/pico-sdk/src/common/pico_sync/mutex.c.obj
                0x0000000020000140                mutex_enter_blocking
 .time_critical.mutex_try_enter
                0x0000000020000190       0x4c CMakeFiles/semaphore.dir/Users/pschatzmann/Documents/Projects/cpp/pico-sdk/src/common/pico_sync/mutex.c.obj
                0x0000000020000190                mutex_try_enter
 .time_critical.mutex_enter_timeout_ms
                0x00000000200001dc       0x98 CMakeFiles/semaphore.dir/Users/pschatzmann/Documents/Projects/cpp/pico-sdk/src/common/pico_sync/mutex.c.obj
                0x00000000200001dc                mutex_enter_timeout_ms
 .time_critical.mutex_exit
                0x0000000020000274       0x28 CMakeFiles/semaphore.dir/Users/pschatzmann/Documents/Projects/cpp/pico-sdk/src/common/pico_sync/mutex.c.obj
                0x0000000020000274                mutex_exit
 *(.text*)
 .text          0x000000002000029c        0x4 /usr/local/Cellar/arm-none-eabi-gcc/9-2019-q4-major/gcc/bin/../lib/gcc/arm-none-eabi/9.2.1/thumb/v6-m/nofp/libgcc.a(_dvmd_tls.o)
                0x000000002000029c                __aeabi_ldiv0
                0x000000002000029c                __aeabi_idiv0
 .text.__stub   0x00000000200002a0       0x30 linker stubs
                0x00000000200002d0                . = ALIGN (0x4)
 *(.rodata*)
                0x00000000200002d0                . = ALIGN (0x4)
 *(.data*)
 .data.stdio_uart
                0x00000000200002d0       0x14 CMakeFiles/semaphore.dir/Users/pschatzmann/Documents/Projects/cpp/pico-sdk/src/rp2_common/pico_stdio_uart/stdio_uart.c.obj
                0x00000000200002d0                stdio_uart
 .data.stdio_usb
                0x00000000200002e4       0x14 CMakeFiles/semaphore.dir/Users/pschatzmann/Documents/Projects/cpp/pico-sdk/src/rp2_common/pico_stdio_usb/stdio_usb.c.obj
                0x00000000200002e4                stdio_usb
 .data.ep_dir_string
                0x00000000200002f8        0x8 CMakeFiles/semaphore.dir/Users/pschatzmann/Documents/Projects/cpp/pico-sdk/lib/tinyusb/src/portable/raspberrypi/rp2040/rp2040_usb.c.obj
                0x00000000200002f8                ep_dir_string
 .data._usbd_qdef
                0x0000000020000300       0x20 CMakeFiles/semaphore.dir/Users/pschatzmann/Documents/Projects/cpp/pico-sdk/lib/tinyusb/src/device/usbd.c.obj
                0x0000000020000300                _usbd_qdef
 .data          0x0000000020000320       0x48 CMakeFiles/semaphore.dir/Users/pschatzmann/Documents/Projects/cpp/pico-sdk/src/rp2_common/hardware_irq/irq_handler_chain.S.obj
                0x0000000020000320                irq_handler_chain_slots
                0x0000000020000350                irq_handler_chain_first_slot
                0x000000002000035a                irq_handler_chain_remove_tail
 .data.striped_spin_lock_num
                0x0000000020000368        0x1 CMakeFiles/semaphore.dir/Users/pschatzmann/Documents/Projects/cpp/pico-sdk/src/rp2_common/hardware_sync/sync.c.obj
 *fill*         0x0000000020000369        0x7 
 .data.aeabi_bits_funcs
                0x0000000020000370       0x10 CMakeFiles/semaphore.dir/Users/pschatzmann/Documents/Projects/cpp/pico-sdk/src/rp2_common/pico_bit_ops/bit_ops_aeabi.S.obj
                0x0000000020000370                aeabi_bits_funcs
                0x0000000020000380                aeabi_bits_funcs_end
 .data.aeabi_mem_funcs
                0x0000000020000380       0x10 CMakeFiles/semaphore.dir/Users/pschatzmann/Documents/Projects/cpp/pico-sdk/src/rp2_common/pico_mem_ops/mem_ops_aeabi.S.obj
                0x0000000020000380                aeabi_mem_funcs
                0x0000000020000390                aeabi_mem_funcs_end
 .data._impure_ptr
                0x0000000020000390        0x4 /usr/local/Cellar/arm-none-eabi-gcc/9-2019-q4-major/gcc/bin/../lib/gcc/arm-none-eabi/9.2.1/../../../../arm-none-eabi/lib/thumb/v6-m/nofp/libc.a(lib_a-impure.o)
                0x0000000020000390                _impure_ptr
 *fill*         0x0000000020000394        0x4 
 .data.impure_data
                0x0000000020000398      0x428 /usr/local/Cellar/arm-none-eabi-gcc/9-2019-q4-major/gcc/bin/../lib/gcc/arm-none-eabi/9.2.1/../../../../arm-none-eabi/lib/thumb/v6-m/nofp/libc.a(lib_a-impure.o)
 .data.__malloc_av_
                0x00000000200007c0      0x408 /usr/local/Cellar/arm-none-eabi-gcc/9-2019-q4-major/gcc/bin/../lib/gcc/arm-none-eabi/9.2.1/../../../../arm-none-eabi/lib/thumb/v6-m/nofp/libc.a(lib_a-mallocr.o)
                0x00000000200007c0                __malloc_av_
 .data.__malloc_sbrk_base
                0x0000000020000bc8        0x4 /usr/local/Cellar/arm-none-eabi-gcc/9-2019-q4-major/gcc/bin/../lib/gcc/arm-none-eabi/9.2.1/../../../../arm-none-eabi/lib/thumb/v6-m/nofp/libc.a(lib_a-mallocr.o)
                0x0000000020000bc8                __malloc_sbrk_base
 .data.__malloc_trim_threshold
                0x0000000020000bcc        0x4 /usr/local/Cellar/arm-none-eabi-gcc/9-2019-q4-major/gcc/bin/../lib/gcc/arm-none-eabi/9.2.1/../../../../arm-none-eabi/lib/thumb/v6-m/nofp/libc.a(lib_a-mallocr.o)
                0x0000000020000bcc                __malloc_trim_threshold
                0x0000000020000bd0                . = ALIGN (0x4)
 *(.after_data.*)
                0x0000000020000bd0                . = ALIGN (0x4)
                0x0000000020000bd0                PROVIDE (__mutex_array_start = .)
 *(SORT_BY_NAME(.mutex_array.*))
 *(.mutex_array)