Archive member included to satisfy reference by file (symbol)

/Users/pschatzmann/Documents/Projects/cpp/pico-arduino/lib/libarduino.a(Arduino.cpp.obj)
                              CMakeFiles/hallo_world.dir/hallo_world.cpp.obj (delay)
/Users/pschatzmann/Documents/Projects/cpp/pico-arduino/lib/libarduino.a(main.cpp.obj)
                              /usr/local/Cellar/arm-none-eabi-gcc/9-2019-q4-major/gcc/bin/../lib/gcc/arm-none-eabi/9.2.1/../../../../arm-none-eabi/lib/thumb/v6-m/nofp/crt0.o (main)
/Users/pschatzmann/Documents/Projects/cpp/pico-arduino/lib/libarduino.a(Print.cpp.obj)
                              /Users/pschatzmann/Documents/Projects/cpp/pico-arduino/lib/libarduino.a(Arduino.cpp.obj) (arduino::Print::write(unsigned char const*, unsigned int))
/usr/local/Cellar/arm-none-eabi-gcc/9-2019-q4-major/gcc/bin/../lib/gcc/arm-none-eabi/9.2.1/../../../../arm-none-eabi/lib/thumb/v6-m/nofp/libstdc++.a(pure.o)
                              /Users/pschatzmann/Documents/Projects/cpp/pico-arduino/lib/libarduino.a(Print.cpp.obj) (__cxa_pure_virtual)
/usr/local/Cellar/arm-none-eabi-gcc/9-2019-q4-major/gcc/bin/../lib/gcc/arm-none-eabi/9.2.1/../../../../arm-none-eabi/lib/thumb/v6-m/nofp/libstdc++.a(eh_terminate.o)
                              /usr/local/Cellar/arm-none-eabi-gcc/9-2019-q4-major/gcc/bin/../lib/gcc/arm-none-eabi/9.2.1/../../../../arm-none-eabi/lib/thumb/v6-m/nofp/libstdc++.a(pure.o) (std::terminate())
/usr/local/Cellar/arm-none-eabi-gcc/9-2019-q4-major/gcc/bin/../lib/gcc/arm-none-eabi/9.2.1/../../../../arm-none-eabi/lib/thumb/v6-m/nofp/libstdc++.a(eh_unex_handler.o)
                              /usr/local/Cellar/arm-none-eabi-gcc/9-2019-q4-major/gcc/bin/../lib/gcc/arm-none-eabi/9.2.1/../../../../arm-none-eabi/lib/thumb/v6-m/nofp/libstdc++.a(eh_terminate.o) (__cxxabiv1::__unexpected_handler)
/usr/local/Cellar/arm-none-eabi-gcc/9-2019-q4-major/gcc/bin/../lib/gcc/arm-none-eabi/9.2.1/../../../../arm-none-eabi/lib/thumb/v6-m/nofp/libstdc++.a(vterminate.o)
                              /usr/local/Cellar/arm-none-eabi-gcc/9-2019-q4-major/gcc/bin/../lib/gcc/arm-none-eabi/9.2.1/../../../../arm-none-eabi/lib/thumb/v6-m/nofp/libstdc++.a(eh_terminate.o) (__gnu_cxx::__verbose_terminate_handler())
/usr/local/Cellar/arm-none-eabi-gcc/9-2019-q4-major/gcc/bin/../lib/gcc/arm-none-eabi/9.2.1/../../../../arm-none-eabi/lib/thumb/v6-m/nofp/libstdc++.a(cp-demangle.o)
                              /usr/local/Cellar/arm-none-eabi-gcc/9-2019-q4-major/gcc/bin/../lib/gcc/arm-none-eabi/9.2.1/../../../../arm-none-eabi/lib/thumb/v6-m/nofp/libstdc++.a(vterminate.o) (__cxa_demangle)
/usr/local/Cellar/arm-none-eabi-gcc/9-2019-q4-major/gcc/bin/../lib/gcc/arm-none-eabi/9.2.1/../../../../arm-none-eabi/lib/thumb/v6-m/nofp/libstdc++.a(eh_arm.o)
                              /usr/local/Cellar/arm-none-eabi-gcc/9-2019-q4-major/gcc/bin/../lib/gcc/arm-none-eabi/9.2.1/../../../../arm-none-eabi/lib/thumb/v6-m/nofp/libstdc++.a(eh_terminate.o) (__cxa_end_cleanup)
/usr/local/Cellar/arm-none-eabi-gcc/9-2019-q4-major/gcc/bin/../lib/gcc/arm-none-eabi/9.2.1/../../../../arm-none-eabi/lib/thumb/v6-m/nofp/libstdc++.a(eh_call.o)
                              /usr/local/Cellar/arm-none-eabi-gcc/9-2019-q4-major/gcc/bin/../lib/gcc/arm-none-eabi/9.2.1/../../../../arm-none-eabi/lib/thumb/v6-m/nofp/libstdc++.a(eh_terminate.o) (__cxa_call_unexpected)
/usr/local/Cellar/arm-none-eabi-gcc/9-2019-q4-major/gcc/bin/../lib/gcc/arm-none-eabi/9.2.1/../../../../arm-none-eabi/lib/thumb/v6-m/nofp/libstdc++.a(eh_catch.o)
                              /usr/local/Cellar/arm-none-eabi-gcc/9-2019-q4-major/gcc/bin/../lib/gcc/arm-none-eabi/9.2.1/../../../../arm-none-eabi/lib/thumb/v6-m/nofp/libstdc++.a(eh_terminate.o) (__cxa_begin_catch)
/usr/local/Cellar/arm-none-eabi-gcc/9-2019-q4-major/gcc/bin/../lib/gcc/arm-none-eabi/9.2.1/../../../../arm-none-eabi/lib/thumb/v6-m/nofp/libstdc++.a(eh_exception.o)
                              /usr/local/Cellar/arm-none-eabi-gcc/9-2019-q4-major/gcc/bin/../lib/gcc/arm-none-eabi/9.2.1/../../../../arm-none-eabi/lib/thumb/v6-m/nofp/libstdc++.a(eh_call.o) (std::bad_exception::~bad_exception())
/usr/local/Cellar/arm-none-eabi-gcc/9-2019-q4-major/gcc/bin/../lib/gcc/arm-none-eabi/9.2.1/../../../../arm-none-eabi/lib/thumb/v6-m/nofp/libstdc++.a(eh_globals.o)
                              /usr/local/Cellar/arm-none-eabi-gcc/9-2019-q4-major/gcc/bin/../lib/gcc/arm-none-eabi/9.2.1/../../../../arm-none-eabi/lib/thumb/v6-m/nofp/libstdc++.a(eh_call.o) (__cxa_get_globals_fast)
/usr/local/Cellar/arm-none-eabi-gcc/9-2019-q4-major/gcc/bin/../lib/gcc/arm-none-eabi/9.2.1/../../../../arm-none-eabi/lib/thumb/v6-m/nofp/libstdc++.a(eh_personality.o)
                              /usr/local/Cellar/arm-none-eabi-gcc/9-2019-q4-major/gcc/bin/../lib/gcc/arm-none-eabi/9.2.1/../../../../arm-none-eabi/lib/thumb/v6-m/nofp/libstdc++.a(eh_terminate.o) (__gxx_personality_v0)
[...]
Memory Configuration

Name             Origin             Length             Attributes
FLASH            0x0000000010000000 0x0000000000200000 xr
RAM              0x0000000020000000 0x0000000000040000 xrw
SCRATCH_X        0x0000000020040000 0x0000000000001000 xrw
SCRATCH_Y        0x0000000020041000 0x0000000000001000 xrw
*default*        0x0000000000000000 0xffffffffffffffff

Linker script and memory map

LOAD /usr/local/Cellar/arm-none-eabi-gcc/9-2019-q4-major/gcc/bin/../lib/gcc/arm-none-eabi/9.2.1/thumb/v6-m/nofp/crti.o
LOAD /usr/local/Cellar/arm-none-eabi-gcc/9-2019-q4-major/gcc/bin/../lib/gcc/arm-none-eabi/9.2.1/thumb/v6-m/nofp/crtbegin.o
LOAD /usr/local/Cellar/arm-none-eabi-gcc/9-2019-q4-major/gcc/bin/../lib/gcc/arm-none-eabi/9.2.1/../../../../arm-none-eabi/lib/thumb/v6-m/nofp/crt0.o

.flash_begin    0x0000000010000000        0x0
                0x0000000010000000                __flash_binary_start = .

.boot2          0x0000000010000000      0x100
                0x0000000010000000                __boot2_start__ = .
 *(.boot2)
 .boot2         0x0000000010000000      0x100 /var/folders/ys/jtm8jgkd2hq31k4jkn5mlh5w0000gn/T//cc9RxDOD.o
                0x0000000010000100                __boot2_end__ = .
                0x0000000000000001                ASSERT (((__boot2_end__ - __boot2_start__) == 0x100), ERROR: Pico second stage bootloader must be 256 bytes in size)

.text           0x0000000010000100     0x8258
                0x0000000010000100                __reset_start = .
 *(.reset)
 .reset         0x0000000010000100       0xc4 CMakeFiles/hallo_world.dir/Users/pschatzmann/Documents/Projects/cpp/pico-sdk/src/rp2_common/pico_standard_link/crt0.S.obj
                0x0000000010000104                _entry_point
                0x0000000010000196                __get_current_exception
 .reset         0x00000000100001c4       0x30 CMakeFiles/hallo_world.dir/Users/pschatzmann/Documents/Projects/cpp/pico-sdk/src/rp2_common/pico_standard_link/binary_info.c.obj
                0x0000000010000200                . = ALIGN (0x100)
 *fill*         0x00000000100001f4        0xc 
                0x0000000010000200                __reset_end = .
                0x0000000000000001                ASSERT (((__reset_end - __reset_start) == 0x100), ERROR: reset section should only be 256 bytes)
 *(.vectors)
 .vectors       0x0000000010000200       0xd4 CMakeFiles/hallo_world.dir/Users/pschatzmann/Documents/Projects/cpp/pico-sdk/src/rp2_common/pico_standard_link/crt0.S.obj
                0x0000000010000200                __vectors
                0x00000000100002c0                isr_invalid
                0x00000000100002c2                isr_nmi
                0x00000000100002c4                isr_hardfault
                0x00000000100002c6                isr_svcall
                0x00000000100002c8                isr_pendsv
                0x00000000100002ca                isr_systick
                0x00000000100002cc                isr_irq23
                0x00000000100002cc                isr_irq18
                0x00000000100002cc                isr_irq28
                0x00000000100002cc                isr_irq19
                0x00000000100002cc                isr_irq0
                0x00000000100002cc                isr_irq6
                0x00000000100002cc                isr_irq22
                0x00000000100002cc                isr_irq17
                0x00000000100002cc                isr_irq14
                0x00000000100002cc                isr_irq2
                0x00000000100002cc                isr_irq10
                0x00000000100002cc                isr_irq8
                0x00000000100002cc                isr_irq24
                0x00000000100002cc                isr_irq1
                0x00000000100002cc                isr_irq7
                0x00000000100002cc                isr_irq21
                0x00000000100002cc                isr_irq20
                0x00000000100002cc                isr_irq15
                0x00000000100002cc                isr_irq25
                0x00000000100002cc                isr_irq4
                0x00000000100002cc                isr_irq16
                0x00000000100002cc                isr_irq29
                0x00000000100002cc                isr_irq26
                0x00000000100002cc                isr_irq3
                0x00000000100002cc                isr_irq9
                0x00000000100002cc                __unhandled_user_irq
                0x00000000100002cc                isr_irq13
                0x00000000100002cc                isr_irq27
                0x00000000100002cc                isr_irq31
                0x00000000100002cc                isr_irq5
                0x00000000100002cc                isr_irq11
                0x00000000100002cc                isr_irq30
                0x00000000100002cc                isr_irq12
                0x00000000100002d2                unhandled_user_irq_num_in_r0
 *(.init)
 .init          0x00000000100002d4        0x4 /usr/local/Cellar/arm-none-eabi-gcc/9-2019-q4-major/gcc/bin/../lib/gcc/arm-none-eabi/9.2.1/thumb/v6-m/nofp/crti.o
                0x00000000100002d4                _init
 *(EXCLUDE_FILE(*libm.a: *libc.a:*lib_a-mem*.o *libgcc.a:) .text*)
 .text          0x00000000100002d8       0x48 /usr/local/Cellar/arm-none-eabi-gcc/9-2019-q4-major/gcc/bin/../lib/gcc/arm-none-eabi/9.2.1/thumb/v6-m/nofp/crtbegin.o
 .text.setup    0x0000000010000320        0xc CMakeFiles/hallo_world.dir/hallo_world.cpp.obj
                0x0000000010000320                setup
 .text.loop     0x000000001000032c       0x18 CMakeFiles/hallo_world.dir/hallo_world.cpp.obj
                0x000000001000032c                loop
 .text.stdio_uart_out_chars
                0x0000000010000344       0x3c CMakeFiles/hallo_world.dir/Users/pschatzmann/Documents/Projects/cpp/pico-sdk/src/rp2_common/pico_stdio_uart/stdio_uart.c.obj
 .text.stdio_uart_in_chars
                0x0000000010000380       0x38 CMakeFiles/hallo_world.dir/Users/pschatzmann/Documents/Projects/cpp/pico-sdk/src/rp2_common/pico_stdio_uart/stdio_uart.c.obj
                0x0000000010000380                stdio_uart_in_chars
 .text.stdio_uart_init
                0x00000000100003b8       0x40 CMakeFiles/hallo_world.dir/Users/pschatzmann/Documents/Projects/cpp/pico-sdk/src/rp2_common/pico_stdio_uart/stdio_uart.c.obj
                0x00000000100003b8                stdio_uart_init
 .text.stdio_uart_init_full
                0x00000000100003f8       0x30 CMakeFiles/hallo_world.dir/Users/pschatzmann/Documents/Projects/cpp/pico-sdk/src/rp2_common/pico_stdio_uart/stdio_uart.c.obj
                0x00000000100003f8                stdio_uart_init_full
 .text.stdio_out_chars_crlf.part.0
                0x0000000010000428       0x84 CMakeFiles/hallo_world.dir/Users/pschatzmann/Documents/Projects/cpp/pico-sdk/src/rp2_common/pico_stdio/stdio.c.obj
 .text.stdio_buffered_printer
                0x00000000100004ac       0x78 CMakeFiles/hallo_world.dir/Users/pschatzmann/Documents/Projects/cpp/pico-sdk/src/rp2_common/pico_stdio/stdio.c.obj
 .text.stdio_put_string
                0x0000000010000524      0x100 CMakeFiles/hallo_world.dir/Users/pschatzmann/Documents/Projects/cpp/pico-sdk/src/rp2_common/pico_stdio/stdio.c.obj
 .text.__wrap_putchar
                0x0000000010000624       0x1c CMakeFiles/hallo_world.dir/Users/pschatzmann/Documents/Projects/cpp/pico-sdk/src/rp2_common/pico_stdio/stdio.c.obj
                0x0000000010000624                __wrap_putchar
 .text.__wrap_puts
                0x0000000010000640       0x3c CMakeFiles/hallo_world.dir/Users/pschatzmann/Documents/Projects/cpp/pico-sdk/src/rp2_common/pico_stdio/stdio.c.obj
                0x0000000010000640                __wrap_puts
 .text._read    0x000000001000067c       0x90 CMakeFiles/hallo_world.dir/Users/pschatzmann/Documents/Projects/cpp/pico-sdk/src/rp2_common/pico_stdio/stdio.c.obj
                0x000000001000067c                _read
 .text._write   0x000000001000070c       0x20 CMakeFiles/hallo_world.dir/Users/pschatzmann/Documents/Projects/cpp/pico-sdk/src/rp2_common/pico_stdio/stdio.c.obj
                0x000000001000070c                _write
 .text.stdio_set_driver_enabled
                0x000000001000072c       0x3c CMakeFiles/hallo_world.dir/Users/pschatzmann/Documents/Projects/cpp/pico-sdk/src/rp2_common/pico_stdio/stdio.c.obj
                0x000000001000072c                stdio_set_driver_enabled
 .text.stdio_flush
                0x0000000010000768       0x28 CMakeFiles/hallo_world.dir/Users/pschatzmann/Documents/Projects/cpp/pico-sdk/src/rp2_common/pico_stdio/stdio.c.obj
                0x0000000010000768                stdio_flush
 .text.__wrap_vprintf
                0x0000000010000790       0xe8 CMakeFiles/hallo_world.dir/Users/pschatzmann/Documents/Projects/cpp/pico-sdk/src/rp2_common/pico_stdio/stdio.c.obj
                0x0000000010000790                __wrap_vprintf
 .text.__wrap_printf
                0x0000000010000878       0x18 CMakeFiles/hallo_world.dir/Users/pschatzmann/Documents/Projects/cpp/pico-sdk/src/rp2_common/pico_stdio/stdio.c.obj
                0x0000000010000878                __wrap_printf
 .text.stdio_init_all
                0x0000000010000890        0xc CMakeFiles/hallo_world.dir/Users/pschatzmann/Documents/Projects/cpp/pico-sdk/src/rp2_common/pico_stdio/stdio.c.obj
                0x0000000010000890                stdio_init_all
 .text._out_null
                0x000000001000089c        0x4 CMakeFiles/hallo_world.dir/Users/pschatzmann/Documents/Projects/cpp/pico-sdk/src/rp2_common/pico_printf/printf.c.obj
 .text._out_rev
                0x00000000100008a0       0xd0 CMakeFiles/hallo_world.dir/Users/pschatzmann/Documents/Projects/cpp/pico-sdk/src/rp2_common/pico_printf/printf.c.obj
 .text._ntoa_format
                0x0000000010000970      0x1d0 CMakeFiles/hallo_world.dir/Users/pschatzmann/Documents/Projects/cpp/pico-sdk/src/rp2_common/pico_printf/printf.c.obj
 .text._out_char
                0x0000000010000b40       0x10 CMakeFiles/hallo_world.dir/Users/pschatzmann/Documents/Projects/cpp/pico-sdk/src/rp2_common/pico_printf/printf.c.obj
 .text._out_fct
                0x0000000010000b50       0x10 CMakeFiles/hallo_world.dir/Users/pschatzmann/Documents/Projects/cpp/pico-sdk/src/rp2_common/pico_printf/printf.c.obj
 .text._etoa    0x0000000010000b60      0x44c CMakeFiles/hallo_world.dir/Users/pschatzmann/Documents/Projects/cpp/pico-sdk/src/rp2_common/pico_printf/printf.c.obj
 .text._ftoa    0x0000000010000fac      0x3e0 CMakeFiles/hallo_world.dir/Users/pschatzmann/Documents/Projects/cpp/pico-sdk/src/rp2_common/pico_printf/printf.c.obj
 .text._vsnprintf
                0x000000001000138c      0xb08 CMakeFiles/hallo_world.dir/Users/pschatzmann/Documents/Projects/cpp/pico-sdk/src/rp2_common/pico_printf/printf.c.obj
 .text.vfctprintf
                0x0000000010001e94       0x20 CMakeFiles/hallo_world.dir/Users/pschatzmann/Documents/Projects/cpp/pico-sdk/src/rp2_common/pico_printf/printf.c.obj
                0x0000000010001e94                vfctprintf
 .text.weak_raw_vprintf
                0x0000000010001eb4       0x30 CMakeFiles/hallo_world.dir/Users/pschatzmann/Documents/Projects/cpp/pico-sdk/src/rp2_common/pico_printf/printf.c.obj
                0x0000000010001eb4                weak_raw_vprintf
 .text.stdio_usb_in_chars
                0x0000000010001ee4       0x68 CMakeFiles/hallo_world.dir/Users/pschatzmann/Documents/Projects/cpp/pico-sdk/src/rp2_common/pico_stdio_usb/stdio_usb.c.obj
                0x0000000010001ee4                stdio_usb_in_chars
 .text.stdio_usb_out_chars
                0x0000000010001f4c       0xec CMakeFiles/hallo_world.dir/Users/pschatzmann/Documents/Projects/cpp/pico-sdk/src/rp2_common/pico_stdio_usb/stdio_usb.c.obj
 .text.timer_task
                0x0000000010002038       0x10 CMakeFiles/hallo_world.dir/Users/pschatzmann/Documents/Projects/cpp/pico-sdk/src/rp2_common/pico_stdio_usb/stdio_usb.c.obj
 .text.low_priority_worker_irq
                0x0000000010002048       0x24 CMakeFiles/hallo_world.dir/Users/pschatzmann/Documents/Projects/cpp/pico-sdk/src/rp2_common/pico_stdio_usb/stdio_usb.c.obj
 .text.stdio_usb_init
                0x000000001000206c       0x90 CMakeFiles/hallo_world.dir/Users/pschatzmann/Documents/Projects/cpp/pico-sdk/src/rp2_common/pico_stdio_usb/stdio_usb.c.obj
                0x000000001000206c                stdio_usb_init
 .text.tud_descriptor_device_cb
                0x00000000100020fc        0x8 CMakeFiles/hallo_world.dir/Users/pschatzmann/Documents/Projects/cpp/pico-sdk/src/rp2_common/pico_stdio_usb/stdio_usb_descriptors.c.obj
                0x00000000100020fc                tud_descriptor_device_cb
 .text.tud_descriptor_configuration_cb
                0x0000000010002104        0x8 CMakeFiles/hallo_world.dir/Users/pschatzmann/Documents/Projects/cpp/pico-sdk/src/rp2_common/pico_stdio_usb/stdio_usb_descriptors.c.obj
                0x0000000010002104                tud_descriptor_configuration_cb
 .text.tud_descriptor_string_cb
                0x000000001000210c       0x5c CMakeFiles/hallo_world.dir/Users/pschatzmann/Documents/Projects/cpp/pico-sdk/src/rp2_common/pico_stdio_usb/stdio_usb_descriptors.c.obj
                0x000000001000210c                tud_descriptor_string_cb
 .text.dcd_rp2040_irq
                0x0000000010002168      0x130 CMakeFiles/hallo_world.dir/Users/pschatzmann/Documents/Projects/cpp/pico-sdk/lib/tinyusb/src/portable/raspberrypi/rp2040/dcd_rp2040.c.obj
 .text.dcd_int_enable
                0x0000000010002298        0xc CMakeFiles/hallo_world.dir/Users/pschatzmann/Documents/Projects/cpp/pico-sdk/lib/tinyusb/src/portable/raspberrypi/rp2040/dcd_rp2040.c.obj
                0x0000000010002298                dcd_int_enable
 .text.dcd_set_address
                0x00000000100022a4       0x30 CMakeFiles/hallo_world.dir/Users/pschatzmann/Documents/Projects/cpp/pico-sdk/lib/tinyusb/src/portable/raspberrypi/rp2040/dcd_rp2040.c.obj
                0x00000000100022a4                dcd_set_address
 .text.dcd_connect
                0x00000000100022d4       0x10 CMakeFiles/hallo_world.dir/Users/pschatzmann/Documents/Projects/cpp/pico-sdk/lib/tinyusb/src/portable/raspberrypi/rp2040/dcd_rp2040.c.obj
                0x00000000100022d4                dcd_connect
 .text.dcd_init
                0x00000000100022e4       0xb0 CMakeFiles/hallo_world.dir/Users/pschatzmann/Documents/Projects/cpp/pico-sdk/lib/tinyusb/src/portable/raspberrypi/rp2040/dcd_rp2040.c.obj
                0x00000000100022e4                dcd_init
 .text.dcd_edpt0_status_complete
                0x0000000010002394       0x38 CMakeFiles/hallo_world.dir/Users/pschatzmann/Documents/Projects/cpp/pico-sdk/lib/tinyusb/src/portable/raspberrypi/rp2040/dcd_rp2040.c.obj
                0x0000000010002394                dcd_edpt0_status_complete
 .text.dcd_edpt_open
                0x00000000100023cc      0x148 CMakeFiles/hallo_world.dir/Users/pschatzmann/Documents/Projects/cpp/pico-sdk/lib/tinyusb/src/portable/raspberrypi/rp2040/dcd_rp2040.c.obj
                0x00000000100023cc                dcd_edpt_open
 .text.dcd_edpt_xfer
                0x0000000010002514       0x2c CMakeFiles/hallo_world.dir/Users/pschatzmann/Documents/Projects/cpp/pico-sdk/lib/tinyusb/src/portable/raspberrypi/rp2040/dcd_rp2040.c.obj
                0x0000000010002514                dcd_edpt_xfer
 .text.dcd_edpt_stall
                0x0000000010002540       0x50 CMakeFiles/hallo_world.dir/Users/pschatzmann/Documents/Projects/cpp/pico-sdk/lib/tinyusb/src/portable/raspberrypi/rp2040/dcd_rp2040.c.obj
                0x0000000010002540                dcd_edpt_stall
 .text.dcd_edpt_clear_stall
                0x0000000010002590       0x50 CMakeFiles/hallo_world.dir/Users/pschatzmann/Documents/Projects/cpp/pico-sdk/lib/tinyusb/src/portable/raspberrypi/rp2040/dcd_rp2040.c.obj
                0x0000000010002590                dcd_edpt_clear_stall
 .text.rp2040_usb_init
                0x00000000100025e0       0x50 CMakeFiles/hallo_world.dir/Users/pschatzmann/Documents/Projects/cpp/pico-sdk/lib/tinyusb/src/portable/raspberrypi/rp2040/rp2040_usb.c.obj
                0x00000000100025e0                rp2040_usb_init
 .text.hw_endpoint_reset_transfer
                0x0000000010002630       0x14 CMakeFiles/hallo_world.dir/Users/pschatzmann/Documents/Projects/cpp/pico-sdk/lib/tinyusb/src/portable/raspberrypi/rp2040/rp2040_usb.c.obj
                0x0000000010002630                hw_endpoint_reset_transfer
 .text._hw_endpoint_buffer_control_update32
                0x0000000010002644       0x54 CMakeFiles/hallo_world.dir/Users/pschatzmann/Documents/Projects/cpp/pico-sdk/lib/tinyusb/src/portable/raspberrypi/rp2040/rp2040_usb.c.obj
                0x0000000010002644                _hw_endpoint_buffer_control_update32
 .text._hw_endpoint_xfer_continue
                0x0000000010002698      0x10c CMakeFiles/hallo_world.dir/Users/pschatzmann/Documents/Projects/cpp/pico-sdk/lib/tinyusb/src/portable/raspberrypi/rp2040/rp2040_usb.c.obj
                0x0000000010002698                _hw_endpoint_xfer_continue
 .text._hw_endpoint_xfer
                0x00000000100027a4       0xc0 CMakeFiles/hallo_world.dir/Users/pschatzmann/Documents/Projects/cpp/pico-sdk/lib/tinyusb/src/portable/raspberrypi/rp2040/rp2040_usb.c.obj
                0x00000000100027a4                _hw_endpoint_xfer
 .text.tud_mounted
                0x0000000010002864       0x10 CMakeFiles/hallo_world.dir/Users/pschatzmann/Documents/Projects/cpp/pico-sdk/lib/tinyusb/src/device/usbd.c.obj
                0x0000000010002864                tud_mounted
 .text.tud_suspended
                0x0000000010002874       0x10 CMakeFiles/hallo_world.dir/Users/pschatzmann/Documents/Projects/cpp/pico-sdk/lib/tinyusb/src/device/usbd.c.obj
                0x0000000010002874                tud_suspended
 .text.tud_init
                0x0000000010002884       0xb0 CMakeFiles/hallo_world.dir/Users/pschatzmann/Documents/Projects/cpp/pico-sdk/lib/tinyusb/src/device/usbd.c.obj
                0x0000000010002884                tud_init
 .text.tud_task
                0x0000000010002934      0x80c CMakeFiles/hallo_world.dir/Users/pschatzmann/Documents/Projects/cpp/pico-sdk/lib/tinyusb/src/device/usbd.c.obj
                0x0000000010002934                tud_task
 .text.dcd_event_bus_signal
                0x0000000010003140       0xe0 CMakeFiles/hallo_world.dir/Users/pschatzmann/Documents/Projects/cpp/pico-sdk/lib/tinyusb/src/device/usbd.c.obj
                0x0000000010003140                dcd_event_bus_signal
 .text.dcd_event_setup_received
                0x0000000010003220       0x50 CMakeFiles/hallo_world.dir/Users/pschatzmann/Documents/Projects/cpp/pico-sdk/lib/tinyusb/src/device/usbd.c.obj
                0x0000000010003220                dcd_event_setup_received
 .text.dcd_event_xfer_complete
                0x0000000010003270       0x68 CMakeFiles/hallo_world.dir/Users/pschatzmann/Documents/Projects/cpp/pico-sdk/lib/tinyusb/src/device/usbd.c.obj
                0x0000000010003270                dcd_event_xfer_complete
 .text.usbd_open_edpt_pair
                0x00000000100032d8       0x68 CMakeFiles/hallo_world.dir/Users/pschatzmann/Documents/Projects/cpp/pico-sdk/lib/tinyusb/src/device/usbd.c.obj
                0x00000000100032d8                usbd_open_edpt_pair
 .text.usbd_edpt_open
                0x0000000010003340        0x8 CMakeFiles/hallo_world.dir/Users/pschatzmann/Documents/Projects/cpp/pico-sdk/lib/tinyusb/src/device/usbd.c.obj
                0x0000000010003340                usbd_edpt_open
 .text.usbd_edpt_claim
                0x0000000010003348       0x64 CMakeFiles/hallo_world.dir/Users/pschatzmann/Documents/Projects/cpp/pico-sdk/lib/tinyusb/src/device/usbd.c.obj
                0x0000000010003348                usbd_edpt_claim
 .text.usbd_edpt_release
                0x00000000100033ac       0x4c CMakeFiles/hallo_world.dir/Users/pschatzmann/Documents/Projects/cpp/pico-sdk/lib/tinyusb/src/device/usbd.c.obj
                0x00000000100033ac                usbd_edpt_release
 .text.usbd_edpt_xfer
                0x00000000100033f8       0x48 CMakeFiles/hallo_world.dir/Users/pschatzmann/Documents/Projects/cpp/pico-sdk/lib/tinyusb/src/device/usbd.c.obj
                0x00000000100033f8                usbd_edpt_xfer
 .text.tud_control_status
                0x0000000010003440       0x30 CMakeFiles/hallo_world.dir/Users/pschatzmann/Documents/Projects/cpp/pico-sdk/lib/tinyusb/src/device/usbd_control.c.obj
                0x0000000010003440                tud_control_status
 .text.tud_control_xfer
                0x0000000010003470       0xb8 CMakeFiles/hallo_world.dir/Users/pschatzmann/Documents/Projects/cpp/pico-sdk/lib/tinyusb/src/device/usbd_control.c.obj
                0x0000000010003470                tud_control_xfer
 .text.usbd_control_reset
                0x0000000010003528       0x14 CMakeFiles/hallo_world.dir/Users/pschatzmann/Documents/Projects/cpp/pico-sdk/lib/tinyusb/src/device/usbd_control.c.obj
                0x0000000010003528                usbd_control_reset
 .text.usbd_control_set_complete_callback
                0x000000001000353c        0xc CMakeFiles/hallo_world.dir/Users/pschatzmann/Documents/Projects/cpp/pico-sdk/lib/tinyusb/src/device/usbd_control.c.obj
                0x000000001000353c                usbd_control_set_complete_callback
 .text.usbd_control_set_request
                0x0000000010003548       0x1c CMakeFiles/hallo_world.dir/Users/pschatzmann/Documents/Projects/cpp/pico-sdk/lib/tinyusb/src/device/usbd_control.c.obj
                0x0000000010003548                usbd_control_set_request
 .text.usbd_control_xfer_cb
                0x0000000010003564       0xe8 CMakeFiles/hallo_world.dir/Users/pschatzmann/Documents/Projects/cpp/pico-sdk/lib/tinyusb/src/device/usbd_control.c.obj
                0x0000000010003564                usbd_control_xfer_cb
 .text.tud_cdc_n_connected
                0x000000001000364c       0x34 CMakeFiles/hallo_world.dir/Users/pschatzmann/Documents/Projects/cpp/pico-sdk/lib/tinyusb/src/class/cdc/cdc_device.c.obj
                0x000000001000364c                tud_cdc_n_connected
 .text.tud_cdc_n_available
                0x0000000010003680       0x20 CMakeFiles/hallo_world.dir/Users/pschatzmann/Documents/Projects/cpp/pico-sdk/lib/tinyusb/src/class/cdc/cdc_device.c.obj
                0x0000000010003680                tud_cdc_n_available
 .text.tud_cdc_n_read
                0x00000000100036a0       0x74 CMakeFiles/hallo_world.dir/Users/pschatzmann/Documents/Projects/cpp/pico-sdk/lib/tinyusb/src/class/cdc/cdc_device.c.obj
                0x00000000100036a0                tud_cdc_n_read
 .text.tud_cdc_n_write_flush
                0x0000000010003714       0xa4 CMakeFiles/hallo_world.dir/Users/pschatzmann/Documents/Projects/cpp/pico-sdk/lib/tinyusb/src/class/cdc/cdc_device.c.obj
                0x0000000010003714                tud_cdc_n_write_flush
 .text.tud_cdc_n_write
                0x00000000100037b8       0x38 CMakeFiles/hallo_world.dir/Users/pschatzmann/Documents/Projects/cpp/pico-sdk/lib/tinyusb/src/class/cdc/cdc_device.c.obj
                0x00000000100037b8                tud_cdc_n_write
 .text.tud_cdc_n_write_available
                0x00000000100037f0       0x20 CMakeFiles/hallo_world.dir/Users/pschatzmann/Documents/Projects/cpp/pico-sdk/lib/tinyusb/src/class/cdc/cdc_device.c.obj
                0x00000000100037f0                tud_cdc_n_write_available
 .text.cdcd_init
                0x0000000010003810       0x78 CMakeFiles/hallo_world.dir/Users/pschatzmann/Documents/Projects/cpp/pico-sdk/lib/tinyusb/src/class/cdc/cdc_device.c.obj
                0x0000000010003810                cdcd_init
 .text.cdcd_reset
                0x0000000010003888       0x24 CMakeFiles/hallo_world.dir/Users/pschatzmann/Documents/Projects/cpp/pico-sdk/lib/tinyusb/src/class/cdc/cdc_device.c.obj
                0x0000000010003888                cdcd_reset
 .text.cdcd_open
                0x00000000100038ac       0xec CMakeFiles/hallo_world.dir/Users/pschatzmann/Documents/Projects/cpp/pico-sdk/lib/tinyusb/src/class/cdc/cdc_device.c.obj
                0x00000000100038ac                cdcd_open
 .text.cdcd_control_complete
                0x0000000010003998       0x44 CMakeFiles/hallo_world.dir/Users/pschatzmann/Documents/Projects/cpp/pico-sdk/lib/tinyusb/src/class/cdc/cdc_device.c.obj
                0x0000000010003998                cdcd_control_complete
 .text.cdcd_control_request
                0x00000000100039dc       0x68 CMakeFiles/hallo_world.dir/Users/pschatzmann/Documents/Projects/cpp/pico-sdk/lib/tinyusb/src/class/cdc/cdc_device.c.obj
                0x00000000100039dc                cdcd_control_request
 .text.cdcd_xfer_cb
                0x0000000010003a44      0x1b4 CMakeFiles/hallo_world.dir/Users/pschatzmann/Documents/Projects/cpp/pico-sdk/lib/tinyusb/src/class/cdc/cdc_device.c.obj
                0x0000000010003a44                cdcd_xfer_cb
 .text.tusb_init
                0x0000000010003bf8       0x20 CMakeFiles/hallo_world.dir/Users/pschatzmann/Documents/Projects/cpp/pico-sdk/lib/tinyusb/src/tusb.c.obj
                0x0000000010003bf8                tusb_init
 .text.tusb_inited
                0x0000000010003c18        0xc CMakeFiles/hallo_world.dir/Users/pschatzmann/Documents/Projects/cpp/pico-sdk/lib/tinyusb/src/tusb.c.obj
                0x0000000010003c18                tusb_inited
 .text.tu_fifo_config
                0x0000000010003c24       0x78 CMakeFiles/hallo_world.dir/Users/pschatzmann/Documents/Projects/cpp/pico-sdk/lib/tinyusb/src/common/tusb_fifo.c.obj
                0x0000000010003c24                tu_fifo_config
 .text.tu_fifo_count
                0x0000000010003c9c       0x18 CMakeFiles/hallo_world.dir/Users/pschatzmann/Documents/Projects/cpp/pico-sdk/lib/tinyusb/src/common/tusb_fifo.c.obj
                0x0000000010003c9c                tu_fifo_count
 .text.tu_fifo_remaining
                0x0000000010003cb4       0x1c CMakeFiles/hallo_world.dir/Users/pschatzmann/Documents/Projects/cpp/pico-sdk/lib/tinyusb/src/common/tusb_fifo.c.obj
                0x0000000010003cb4                tu_fifo_remaining
 .text.tu_fifo_read
                0x0000000010003cd0       0xa8 CMakeFiles/hallo_world.dir/Users/pschatzmann/Documents/Projects/cpp/pico-sdk/lib/tinyusb/src/common/tusb_fifo.c.obj
                0x0000000010003cd0                tu_fifo_read
 .text.tu_fifo_read_n
                0x0000000010003d78       0xf0 CMakeFiles/hallo_world.dir/Users/pschatzmann/Documents/Projects/cpp/pico-sdk/lib/tinyusb/src/common/tusb_fifo.c.obj
                0x0000000010003d78                tu_fifo_read_n
 .text.tu_fifo_write
                0x0000000010003e68       0x84 CMakeFiles/hallo_world.dir/Users/pschatzmann/Documents/Projects/cpp/pico-sdk/lib/tinyusb/src/common/tusb_fifo.c.obj
                0x0000000010003e68                tu_fifo_write
 .text.tu_fifo_write_n
                0x0000000010003eec       0xfc CMakeFiles/hallo_world.dir/Users/pschatzmann/Documents/Projects/cpp/pico-sdk/lib/tinyusb/src/common/tusb_fifo.c.obj
                0x0000000010003eec                tu_fifo_write_n
 .text.tu_fifo_clear
                0x0000000010003fe8       0x2c CMakeFiles/hallo_world.dir/Users/pschatzmann/Documents/Projects/cpp/pico-sdk/lib/tinyusb/src/common/tusb_fifo.c.obj
                0x0000000010003fe8                tu_fifo_clear
 .text.irq_set_enabled
                0x0000000010004014       0x24 CMakeFiles/hallo_world.dir/Users/pschatzmann/Documents/Projects/cpp/pico-sdk/src/rp2_common/hardware_irq/irq.c.obj
                0x0000000010004014                irq_set_enabled
 .text.irq_set_pending
                0x0000000010004038       0x10 CMakeFiles/hallo_world.dir/Users/pschatzmann/Documents/Projects/cpp/pico-sdk/src/rp2_common/hardware_irq/irq.c.obj
                0x0000000010004038                irq_set_pending
 .text.irq_get_vtable_handler
                0x0000000010004048       0x10 CMakeFiles/hallo_world.dir/Users/pschatzmann/Documents/Projects/cpp/pico-sdk/src/rp2_common/hardware_irq/irq.c.obj
                0x0000000010004048                irq_get_vtable_handler
 .text.irq_set_exclusive_handler
                0x0000000010004058       0x54 CMakeFiles/hallo_world.dir/Users/pschatzmann/Documents/Projects/cpp/pico-sdk/src/rp2_common/hardware_irq/irq.c.obj
                0x0000000010004058                irq_set_exclusive_handler
 .text.irq_remove_handler
                0x00000000100040ac      0x1c4 CMakeFiles/hallo_world.dir/Users/pschatzmann/Documents/Projects/cpp/pico-sdk/src/rp2_common/hardware_irq/irq.c.obj
                0x00000000100040ac                irq_remove_handler
 .text.irq_add_tail_to_free_list
                0x0000000010004270       0xbc CMakeFiles/hallo_world.dir/Users/pschatzmann/Documents/Projects/cpp/pico-sdk/src/rp2_common/hardware_irq/irq.c.obj
                0x0000000010004270                irq_add_tail_to_free_list
 .text.irq_init_priorities
                0x000000001000432c       0x38 CMakeFiles/hallo_world.dir/Users/pschatzmann/Documents/Projects/cpp/pico-sdk/src/rp2_common/hardware_irq/irq.c.obj
                0x000000001000432c                irq_init_priorities
 .text.hw_claim_or_assert
                0x0000000010004364       0x60 CMakeFiles/hallo_world.dir/Users/pschatzmann/Documents/Projects/cpp/pico-sdk/src/rp2_common/hardware_claim/claim.c.obj
                0x0000000010004364                hw_claim_or_assert
 .text.hw_claim_unused_from_range
                0x00000000100043c4       0x9c CMakeFiles/hallo_world.dir/Users/pschatzmann/Documents/Projects/cpp/pico-sdk/src/rp2_common/hardware_claim/claim.c.obj
                0x00000000100043c4                hw_claim_unused_from_range
 .text.spin_locks_reset
                0x0000000010004460       0x1c CMakeFiles/hallo_world.dir/Users/pschatzmann/Documents/Projects/cpp/pico-sdk/src/rp2_common/hardware_sync/sync.c.obj
                0x0000000010004460                spin_locks_reset
 .text.next_striped_spin_lock_num
                0x000000001000447c       0x18 CMakeFiles/hallo_world.dir/Users/pschatzmann/Documents/Projects/cpp/pico-sdk/src/rp2_common/hardware_sync/sync.c.obj
                0x000000001000447c                next_striped_spin_lock_num
 .text.spin_lock_claim_unused
                0x0000000010004494       0x20 CMakeFiles/hallo_world.dir/Users/pschatzmann/Documents/Projects/cpp/pico-sdk/src/rp2_common/hardware_sync/sync.c.obj
                0x0000000010004494                spin_lock_claim_unused
 .text.running_on_fpga
                0x00000000100044b4       0x10 CMakeFiles/hallo_world.dir/Users/pschatzmann/Documents/Projects/cpp/pico-sdk/src/rp2_common/pico_platform/platform.c.obj
                0x00000000100044b4                running_on_fpga
 .text.lock_init
                0x00000000100044c4       0x10 CMakeFiles/hallo_world.dir/Users/pschatzmann/Documents/Projects/cpp/pico-sdk/src/common/pico_sync/lock_core.c.obj
                0x00000000100044c4                lock_init
 .text.timer_pool_entry_comparator
                0x00000000100044d4       0x34 CMakeFiles/hallo_world.dir/Users/pschatzmann/Documents/Projects/cpp/pico-sdk/src/common/pico_time/time.c.obj
                0x00000000100044d4                timer_pool_entry_comparator
 .text.sev_callback
                0x0000000010004508        0x8 CMakeFiles/hallo_world.dir/Users/pschatzmann/Documents/Projects/cpp/pico-sdk/src/common/pico_time/time.c.obj
 .text.add_alarm_under_lock
                0x0000000010004510      0x12c CMakeFiles/hallo_world.dir/Users/pschatzmann/Documents/Projects/cpp/pico-sdk/src/common/pico_time/time.c.obj
 .text.alarm_pool_alarm_callback
                0x000000001000463c      0x1e0 CMakeFiles/hallo_world.dir/Users/pschatzmann/Documents/Projects/cpp/pico-sdk/src/common/pico_time/time.c.obj
 .text.alarm_pool_add_alarm_at.constprop.0
                0x000000001000481c      0x128 CMakeFiles/hallo_world.dir/Users/pschatzmann/Documents/Projects/cpp/pico-sdk/src/common/pico_time/time.c.obj
 .text.alarm_pool_init_default
                0x0000000010004944       0x78 CMakeFiles/hallo_world.dir/Users/pschatzmann/Documents/Projects/cpp/pico-sdk/src/common/pico_time/time.c.obj
                0x0000000010004944                alarm_pool_init_default
 .text.alarm_pool_get_default
                0x00000000100049bc        0xc CMakeFiles/hallo_world.dir/Users/pschatzmann/Documents/Projects/cpp/pico-sdk/src/common/pico_time/time.c.obj
                0x00000000100049bc                alarm_pool_get_default
 .text.alarm_pool_add_alarm_at
                0x00000000100049c8      0x1b8 CMakeFiles/hallo_world.dir/Users/pschatzmann/Documents/Projects/cpp/pico-sdk/src/common/pico_time/time.c.obj
                0x00000000100049c8                alarm_pool_add_alarm_at
 .text.alarm_pool_cancel_alarm
                0x0000000010004b80       0x70 CMakeFiles/hallo_world.dir/Users/pschatzmann/Documents/Projects/cpp/pico-sdk/src/common/pico_time/time.c.obj
                0x0000000010004b80                alarm_pool_cancel_alarm
 .text.sleep_ms
                0x0000000010004bf0       0xa8 CMakeFiles/hallo_world.dir/Users/pschatzmann/Documents/Projects/cpp/pico-sdk/src/common/pico_time/time.c.obj
                0x0000000010004bf0                sleep_ms
 .text.best_effort_wfe_or_timeout
                0x0000000010004c98       0x44 CMakeFiles/hallo_world.dir/Users/pschatzmann/Documents/Projects/cpp/pico-sdk/src/common/pico_time/time.c.obj
                0x0000000010004c98                best_effort_wfe_or_timeout
 .text.hardware_alarm_irq_handler
                0x0000000010004cdc       0xb8 CMakeFiles/hallo_world.dir/Users/pschatzmann/Documents/Projects/cpp/pico-sdk/src/rp2_common/hardware_timer/timer.c.obj
 .text.hardware_alarm_claim
                0x0000000010004d94       0x18 CMakeFiles/hallo_world.dir/Users/pschatzmann/Documents/Projects/cpp/pico-sdk/src/rp2_common/hardware_timer/timer.c.obj
                0x0000000010004d94                hardware_alarm_claim
 .text.time_us_64
                0x0000000010004dac       0x14 CMakeFiles/hallo_world.dir/Users/pschatzmann/Documents/Projects/cpp/pico-sdk/src/rp2_common/hardware_timer/timer.c.obj
                0x0000000010004dac                time_us_64
 .text.busy_wait_until
                0x0000000010004dc0       0x20 CMakeFiles/hallo_world.dir/Users/pschatzmann/Documents/Projects/cpp/pico-sdk/src/rp2_common/hardware_timer/timer.c.obj
                0x0000000010004dc0                busy_wait_until
 .text.hardware_alarm_set_callback
                0x0000000010004de0       0x8c CMakeFiles/hallo_world.dir/Users/pschatzmann/Documents/Projects/cpp/pico-sdk/src/rp2_common/hardware_timer/timer.c.obj
                0x0000000010004de0                hardware_alarm_set_callback
 .text.hardware_alarm_set_target
                0x0000000010004e6c       0xc4 CMakeFiles/hallo_world.dir/Users/pschatzmann/Documents/Projects/cpp/pico-sdk/src/rp2_common/hardware_timer/timer.c.obj
                0x0000000010004e6c                hardware_alarm_set_target
 .text.hardware_alarm_cancel
                0x0000000010004f30       0x40 CMakeFiles/hallo_world.dir/Users/pschatzmann/Documents/Projects/cpp/pico-sdk/src/rp2_common/hardware_timer/timer.c.obj
                0x0000000010004f30                hardware_alarm_cancel
 .text.ph_merge_nodes
                0x0000000010004f70       0x68 CMakeFiles/hallo_world.dir/Users/pschatzmann/Documents/Projects/cpp/pico-sdk/src/common/pico_util/pheap.c.obj
 .text.ph_create
                0x0000000010004fd8       0x64 CMakeFiles/hallo_world.dir/Users/pschatzmann/Documents/Projects/cpp/pico-sdk/src/common/pico_util/pheap.c.obj
                0x0000000010004fd8                ph_create
 .text.ph_merge_two_pass
                0x000000001000503c       0x90 CMakeFiles/hallo_world.dir/Users/pschatzmann/Documents/Projects/cpp/pico-sdk/src/common/pico_util/pheap.c.obj
                0x000000001000503c                ph_merge_two_pass
 .text.ph_remove_any_head
                0x00000000100050cc       0xf8 CMakeFiles/hallo_world.dir/Users/pschatzmann/Documents/Projects/cpp/pico-sdk/src/common/pico_util/pheap.c.obj
 .text.ph_remove_head_reserve
                0x00000000100051c4      0x13c CMakeFiles/hallo_world.dir/Users/pschatzmann/Documents/Projects/cpp/pico-sdk/src/common/pico_util/pheap.c.obj
                0x00000000100051c4                ph_remove_head_reserve
 .text.ph_delete
                0x0000000010005300       0x7c CMakeFiles/hallo_world.dir/Users/pschatzmann/Documents/Projects/cpp/pico-sdk/src/common/pico_util/pheap.c.obj
                0x0000000010005300                ph_delete
 .text.mutex_init
                0x000000001000537c       0x18 CMakeFiles/hallo_world.dir/Users/pschatzmann/Documents/Projects/cpp/pico-sdk/src/common/pico_sync/mutex.c.obj
                0x000000001000537c                mutex_init
 .text.critical_section_init
                0x0000000010005394       0x18 CMakeFiles/hallo_world.dir/Users/pschatzmann/Documents/Projects/cpp/pico-sdk/src/common/pico_sync/critical_section.c.obj
                0x0000000010005394                critical_section_init
 .text.gpio_set_function
                0x00000000100053ac       0x30 CMakeFiles/hallo_world.dir/Users/pschatzmann/Documents/Projects/cpp/pico-sdk/src/rp2_common/hardware_gpio/gpio.c.obj
                0x00000000100053ac                gpio_set_function
 .text.uart_init
                0x00000000100053dc       0xd8 CMakeFiles/hallo_world.dir/Users/pschatzmann/Documents/Projects/cpp/pico-sdk/src/rp2_common/hardware_uart/uart.c.obj
                0x00000000100053dc                uart_init
 .text.uart_deinit
                0x00000000100054b4       0x24 CMakeFiles/hallo_world.dir/Users/pschatzmann/Documents/Projects/cpp/pico-sdk/src/rp2_common/hardware_uart/uart.c.obj
                0x00000000100054b4                uart_deinit
 .text.runtime_init
                0x00000000100054d8       0xec CMakeFiles/hallo_world.dir/Users/pschatzmann/Documents/Projects/cpp/pico-sdk/src/rp2_common/pico_runtime/runtime.c.obj
                0x00000000100054d8                runtime_init
 .text._sbrk    0x00000000100055c4       0x34 CMakeFiles/hallo_world.dir/Users/pschatzmann/Documents/Projects/cpp/pico-sdk/src/rp2_common/pico_runtime/runtime.c.obj
                0x00000000100055c4                _sbrk
 .text.exit     0x00000000100055f8        0x4 CMakeFiles/hallo_world.dir/Users/pschatzmann/Documents/Projects/cpp/pico-sdk/src/rp2_common/pico_runtime/runtime.c.obj
                0x00000000100055f8                exit
 .text.panic    0x00000000100055fc       0x30 CMakeFiles/hallo_world.dir/Users/pschatzmann/Documents/Projects/cpp/pico-sdk/src/rp2_common/pico_runtime/runtime.c.obj
                0x00000000100055fc                panic
 .text.hard_assertion_failure
                0x000000001000562c        0xc CMakeFiles/hallo_world.dir/Users/pschatzmann/Documents/Projects/cpp/pico-sdk/src/rp2_common/pico_runtime/runtime.c.obj
                0x000000001000562c                hard_assertion_failure
 .text.clocks_init
                0x0000000010005638      0x2e0 CMakeFiles/hallo_world.dir/Users/pschatzmann/Documents/Projects/cpp/pico-sdk/src/rp2_common/hardware_clocks/clocks.c.obj
                0x0000000010005638                clocks_init
 .text.clock_get_hz
                0x0000000010005918        0xc CMakeFiles/hallo_world.dir/Users/pschatzmann/Documents/Projects/cpp/pico-sdk/src/rp2_common/hardware_clocks/clocks.c.obj
                0x0000000010005918                clock_get_hz
 .text.watchdog_start_tick
                0x0000000010005924       0x10 CMakeFiles/hallo_world.dir/Users/pschatzmann/Documents/Projects/cpp/pico-sdk/src/rp2_common/hardware_watchdog/watchdog.c.obj
                0x0000000010005924                watchdog_start_tick
 .text.xosc_init
                0x0000000010005934       0x28 CMakeFiles/hallo_world.dir/Users/pschatzmann/Documents/Projects/cpp/pico-sdk/src/rp2_common/hardware_xosc/xosc.c.obj
                0x0000000010005934                xosc_init
 .text.pll_init
                0x000000001000595c       0x54 CMakeFiles/hallo_world.dir/Users/pschatzmann/Documents/Projects/cpp/pico-sdk/src/rp2_common/hardware_pll/pll.c.obj
                0x000000001000595c                pll_init
 .text          0x00000000100059b0       0x10 CMakeFiles/hallo_world.dir/Users/pschatzmann/Documents/Projects/cpp/pico-sdk/src/rp2_common/pico_bit_ops/bit_ops_aeabi.S.obj
 .text.rom_func_lookup
                0x00000000100059c0       0x10 CMakeFiles/hallo_world.dir/Users/pschatzmann/Documents/Projects/cpp/pico-sdk/src/rp2_common/pico_bootrom/bootrom.c.obj
                0x00000000100059c0                rom_func_lookup
 .text.rom_data_lookup
                0x00000000100059d0       0x10 CMakeFiles/hallo_world.dir/Users/pschatzmann/Documents/Projects/cpp/pico-sdk/src/rp2_common/pico_bootrom/bootrom.c.obj
                0x00000000100059d0                rom_data_lookup
 .text.rom_funcs_lookup
                0x00000000100059e0       0x3c CMakeFiles/hallo_world.dir/Users/pschatzmann/Documents/Projects/cpp/pico-sdk/src/rp2_common/pico_bootrom/bootrom.c.obj
                0x00000000100059e0                rom_funcs_lookup
 .text.__wrap___aeabi_idiv
                0x0000000010005a1c       0x58 CMakeFiles/hallo_world.dir/Users/pschatzmann/Documents/Projects/cpp/pico-sdk/src/rp2_common/pico_divider/divider.S.obj
                0x0000000010005a1c                __wrap___aeabi_idivmod
                0x0000000010005a1c                divmod_s32s32
                0x0000000010005a1c                div_s32s32
                0x0000000010005a1c                __wrap___aeabi_idiv
                0x0000000010005a24                divmod_s32s32_unsafe
                0x0000000010005a50                divmod_s32s32_savestate
 .text.__wrap___aeabi_uidiv
                0x0000000010005a74       0x54 CMakeFiles/hallo_world.dir/Users/pschatzmann/Documents/Projects/cpp/pico-sdk/src/rp2_common/pico_divider/divider.S.obj
                0x0000000010005a74                __wrap___aeabi_uidiv
                0x0000000010005a74                __wrap___aeabi_uidivmod
                0x0000000010005a74                div_u32u32
                0x0000000010005a74                divmod_u32u32
                0x0000000010005a7c                divmod_u32u32_unsafe
                0x0000000010005aa4                divmod_u32u32_savestate
 .text.__wrap___aeabi_ldiv
                0x0000000010005ac8      0x430 CMakeFiles/hallo_world.dir/Users/pschatzmann/Documents/Projects/cpp/pico-sdk/src/rp2_common/pico_divider/divider.S.obj
                0x0000000010005ac8                __wrap___aeabi_ldivmod
                0x0000000010005ac8                div_s64s64
                0x0000000010005ac8                divmod_s64s64
                0x0000000010005b00                divmod_u64u64
                0x0000000010005b00                div_u64u64
                0x0000000010005b00                __wrap___aeabi_uldivmod
                0x0000000010005b10                divmod_u64u64_savestate
                0x0000000010005b38                divmod_s64s64_unsafe
                0x0000000010005bc0                divmod_u64u64_unsafe
 .text.__wrap___aeabi_darithmetic
                0x0000000010005ef8       0x54 CMakeFiles/hallo_world.dir/Users/pschatzmann/Documents/Projects/cpp/pico-sdk/src/rp2_common/pico_double/double_aeabi.S.obj
                0x0000000010005ef8                __wrap___aeabi_drsub
                0x0000000010005efe                __wrap___aeabi_dsub
                0x0000000010005f10                __wrap___aeabi_dadd
                0x0000000010005f22                __wrap___aeabi_ddiv
                0x0000000010005f34                __wrap___aeabi_dmul
 .text.__wrap___aeabi_cdcmple
                0x0000000010005f4c       0x6c CMakeFiles/hallo_world.dir/Users/pschatzmann/Documents/Projects/cpp/pico-sdk/src/rp2_common/pico_double/double_aeabi.S.obj
                0x0000000010005f4c                __wrap___aeabi_cdrcmple
                0x0000000010005f5c                __wrap___aeabi_cdcmple
                0x0000000010005f5c                __wrap___aeabi_cdcmpeq
 .text.__wrap___aeabi_dcmplt
                0x0000000010005fb8        0xc CMakeFiles/hallo_world.dir/Users/pschatzmann/Documents/Projects/cpp/pico-sdk/src/rp2_common/pico_double/double_aeabi.S.obj
                0x0000000010005fb8                __wrap___aeabi_dcmplt
 .text.__wrap___aeabi_dcmple
                0x0000000010005fc4       0x10 CMakeFiles/hallo_world.dir/Users/pschatzmann/Documents/Projects/cpp/pico-sdk/src/rp2_common/pico_double/double_aeabi.S.obj
                0x0000000010005fc4                __wrap___aeabi_dcmple
 .text.__wrap___aeabi_dcmpge
                0x0000000010005fd4       0x10 CMakeFiles/hallo_world.dir/Users/pschatzmann/Documents/Projects/cpp/pico-sdk/src/rp2_common/pico_double/double_aeabi.S.obj
                0x0000000010005fd4                __wrap___aeabi_dcmpge
 .text.__wrap___aeabi_dcmpgt
                0x0000000010005fe4        0xa CMakeFiles/hallo_world.dir/Users/pschatzmann/Documents/Projects/cpp/pico-sdk/src/rp2_common/pico_double/double_aeabi.S.obj
                0x0000000010005fe4                __wrap___aeabi_dcmpgt
 .text.__wrap___aeabi_dcmpun
                0x0000000010005fee       0x1c CMakeFiles/hallo_world.dir/Users/pschatzmann/Documents/Projects/cpp/pico-sdk/src/rp2_common/pico_double/double_aeabi.S.obj
                0x0000000010005fee                __wrap___aeabi_dcmpun
 *fill*         0x000000001000600a        0x2 
 .text.__wrap___aeabi_i2d
                0x000000001000600c       0x38 CMakeFiles/hallo_world.dir/Users/pschatzmann/Documents/Projects/cpp/pico-sdk/src/rp2_common/pico_double/double_aeabi.S.obj
                0x000000001000600c                __wrap___aeabi_ui2d
                0x0000000010006014                __wrap___aeabi_i2d
 .text.__wrap___aeabi_d2iz
                0x0000000010006044       0x48 CMakeFiles/hallo_world.dir/Users/pschatzmann/Documents/Projects/cpp/pico-sdk/src/rp2_common/pico_double/double_aeabi.S.obj
                0x0000000010006044                __wrap___aeabi_d2iz
                0x0000000010006044                double2int_z
 .text.__wrap___aeabi_d2uiz
                0x000000001000608c       0x18 CMakeFiles/hallo_world.dir/Users/pschatzmann/Documents/Projects/cpp/pico-sdk/src/rp2_common/pico_double/double_aeabi.S.obj
                0x000000001000608c                double2uint
                0x000000001000608c                __wrap___aeabi_d2uiz
 .text.__aeabi_double_init
                0x00000000100060a4       0xac CMakeFiles/hallo_world.dir/Users/pschatzmann/Documents/Projects/cpp/pico-sdk/src/rp2_common/pico_double/double_init_rom.c.obj
                0x00000000100060a4                __aeabi_double_init
 .text.double_table_shim_on_use_helper
                0x0000000010006150       0x2c CMakeFiles/hallo_world.dir/Users/pschatzmann/Documents/Projects/cpp/pico-sdk/src/rp2_common/pico_double/double_v1_rom_shim.S.obj
                0x0000000010006150                double_table_shim_on_use_helper
 .text.__wrap___aeabi_dsub
                0x000000001000617c       0x10 CMakeFiles/hallo_world.dir/Users/pschatzmann/Documents/Projects/cpp/pico-sdk/src/rp2_common/pico_double/double_v1_rom_shim.S.obj
                0x000000001000617c                drsub_shim
                0x0000000010006182                dsub_shim
 .text.dadd_shim
                0x000000001000618c      0x15c CMakeFiles/hallo_world.dir/Users/pschatzmann/Documents/Projects/cpp/pico-sdk/src/rp2_common/pico_double/double_v1_rom_shim.S.obj
                0x000000001000618c                dadd_shim
 .text.dmul_shim
                0x00000000100062e8      0x15c CMakeFiles/hallo_world.dir/Users/pschatzmann/Documents/Projects/cpp/pico-sdk/src/rp2_common/pico_double/double_v1_rom_shim.S.obj
                0x00000000100062e8                dmul_shim
 .text.ddiv_shim
                0x0000000010006444      0x1b0 CMakeFiles/hallo_world.dir/Users/pschatzmann/Documents/Projects/cpp/pico-sdk/src/rp2_common/pico_double/double_v1_rom_shim.S.obj
                0x0000000010006444                ddiv_shim
 .text.dcordic_rot_step
                0x00000000100065f4       0x7c CMakeFiles/hallo_world.dir/Users/pschatzmann/Documents/Projects/cpp/pico-sdk/src/rp2_common/pico_double/double_v1_rom_shim.S.obj
                0x00000000100065f4                dcordic_rot_step
 .text.double2uint_shim
                0x0000000010006670        0xe CMakeFiles/hallo_world.dir/Users/pschatzmann/Documents/Projects/cpp/pico-sdk/src/rp2_common/pico_double/double_v1_rom_shim.S.obj
                0x0000000010006670                double2uint_shim
                0x0000000010006672                double2ufix_shim
 *fill*         0x000000001000667e        0x2 
 .text.double2uint64_shim
                0x0000000010006680       0x6c CMakeFiles/hallo_world.dir/Users/pschatzmann/Documents/Projects/cpp/pico-sdk/src/rp2_common/pico_double/double_v1_rom_shim.S.obj
                0x0000000010006680                double2uint64_shim
                0x0000000010006682                double2ufix64_shim
                0x000000001000669c                d2fix_a
 .text.dunpacks
                0x00000000100066ec       0x3c CMakeFiles/hallo_world.dir/Users/pschatzmann/Documents/Projects/cpp/pico-sdk/src/rp2_common/pico_double/double_v1_rom_shim.S.obj
                0x00000000100066ec                dunpacks
 .text.__aeabi_lmul
                0x0000000010006728       0x32 CMakeFiles/hallo_world.dir/Users/pschatzmann/Documents/Projects/cpp/pico-sdk/src/rp2_common/pico_int64_ops/pico_int64_ops_aeabi.S.obj
                0x0000000010006728                __wrap___aeabi_lmul
 *fill*         0x000000001000675a        0x2 
 .text.__aeabi_float_init
                0x000000001000675c       0x64 CMakeFiles/hallo_world.dir/Users/pschatzmann/Documents/Projects/cpp/pico-sdk/src/rp2_common/pico_float/float_init_rom.c.obj
                0x000000001000675c                __aeabi_float_init
 .text.float_table_shim_on_use_helper
                0x00000000100067c0       0x2c CMakeFiles/hallo_world.dir/Users/pschatzmann/Documents/Projects/cpp/pico-sdk/src/rp2_common/pico_float/float_v1_rom_shim.S.obj
                0x00000000100067c0                float_table_shim_on_use_helper
 .text.__wrap_malloc
                0x00000000100067ec        0x8 CMakeFiles/hallo_world.dir/Users/pschatzmann/Documents/Projects/cpp/pico-sdk/src/rp2_common/pico_malloc/pico_malloc.c.obj
                0x00000000100067ec                __wrap_malloc
 .text.__wrap_calloc
                0x00000000100067f4        0x8 CMakeFiles/hallo_world.dir/Users/pschatzmann/Documents/Projects/cpp/pico-sdk/src/rp2_common/pico_malloc/pico_malloc.c.obj
                0x00000000100067f4                __wrap_calloc
 .text          0x00000000100067fc       0x10 CMakeFiles/hallo_world.dir/Users/pschatzmann/Documents/Projects/cpp/pico-sdk/src/rp2_common/pico_mem_ops/mem_ops_aeabi.S.obj
                0x00000000100067fc                __aeabi_mem_init
 .text.memset   0x000000001000680c        0xc CMakeFiles/hallo_world.dir/Users/pschatzmann/Documents/Projects/cpp/pico-sdk/src/rp2_common/pico_mem_ops/mem_ops_aeabi.S.obj
                0x000000001000680c                __wrap_memset
 .text.memcpy   0x0000000010006818        0xc CMakeFiles/hallo_world.dir/Users/pschatzmann/Documents/Projects/cpp/pico-sdk/src/rp2_common/pico_mem_ops/mem_ops_aeabi.S.obj
                0x0000000010006818                __wrap___aeabi_memcpy
                0x0000000010006818                __wrap_memcpy
 .text._ZN7arduino5Print17availableForWriteEv
                0x0000000010006824        0x4 /Users/pschatzmann/Documents/Projects/cpp/pico-arduino/lib/libarduino.a(Arduino.cpp.obj)
                0x0000000010006824                arduino::Print::availableForWrite()
 .text._ZN7arduino13ArduinoLogger9setLoggerERNS_6StreamENS0_8LogLevelE
                0x0000000010006828        0x8 /Users/pschatzmann/Documents/Projects/cpp/pico-arduino/lib/libarduino.a(Arduino.cpp.obj)
                0x0000000010006828                arduino::ArduinoLogger::setLogger(arduino::Stream&, arduino::ArduinoLogger::LogLevel)
 .text._ZN7arduino13ArduinoLogger9isLoggingEv
                0x0000000010006830        0xc /Users/pschatzmann/Documents/Projects/cpp/pico-arduino/lib/libarduino.a(Arduino.cpp.obj)
                0x0000000010006830                arduino::ArduinoLogger::isLogging()
 .text._ZN17PicoDefaultSerial5beginEm
                0x000000001000683c        0x8 /Users/pschatzmann/Documents/Projects/cpp/pico-arduino/lib/libarduino.a(Arduino.cpp.obj)
                0x000000001000683c                PicoDefaultSerial::begin(unsigned long)
 .text._ZN17PicoDefaultSerial5beginEmt
                0x0000000010006844        0x8 /Users/pschatzmann/Documents/Projects/cpp/pico-arduino/lib/libarduino.a(Arduino.cpp.obj)
                0x0000000010006844                PicoDefaultSerial::begin(unsigned long, unsigned short)
 .text._ZN17PicoDefaultSerial3endEv
                0x000000001000684c        0x8 /Users/pschatzmann/Documents/Projects/cpp/pico-arduino/lib/libarduino.a(Arduino.cpp.obj)
                0x000000001000684c                PicoDefaultSerial::end()
 .text._ZN17PicoDefaultSerialcvbEv
                0x0000000010006854        0x4 /Users/pschatzmann/Documents/Projects/cpp/pico-arduino/lib/libarduino.a(Arduino.cpp.obj)
                0x0000000010006854                PicoDefaultSerial::operator bool()
 .text._ZN18PicoHardwareSerial5beginEm
                0x0000000010006858        0xc /Users/pschatzmann/Documents/Projects/cpp/pico-arduino/lib/libarduino.a(Arduino.cpp.obj)
                0x0000000010006858                PicoHardwareSerial::begin(unsigned long)
 .text._ZN18PicoHardwareSerial5beginEmt
                0x0000000010006864        0xc /Users/pschatzmann/Documents/Projects/cpp/pico-arduino/lib/libarduino.a(Arduino.cpp.obj)
                0x0000000010006864                PicoHardwareSerial::begin(unsigned long, unsigned short)
 .text._ZN18PicoHardwareSerial9availableEv
                0x0000000010006870       0x20 /Users/pschatzmann/Documents/Projects/cpp/pico-arduino/lib/libarduino.a(Arduino.cpp.obj)
                0x0000000010006870                PicoHardwareSerial::available()
 .text._ZN18PicoHardwareSerial17availableForWriteEv
                0x0000000010006890       0x10 /Users/pschatzmann/Documents/Projects/cpp/pico-arduino/lib/libarduino.a(Arduino.cpp.obj)
                0x0000000010006890                PicoHardwareSerial::availableForWrite()
 .text._ZN18PicoHardwareSerial5writeEh
                0x00000000100068a0       0x3c /Users/pschatzmann/Documents/Projects/cpp/pico-arduino/lib/libarduino.a(Arduino.cpp.obj)
                0x00000000100068a0                PicoHardwareSerial::write(unsigned char)
 .text._ZN18PicoHardwareSerial5writeEPKhj
                0x00000000100068dc       0x28 /Users/pschatzmann/Documents/Projects/cpp/pico-arduino/lib/libarduino.a(Arduino.cpp.obj)
                0x00000000100068dc                PicoHardwareSerial::write(unsigned char const*, unsigned int)
 .text._ZN18PicoHardwareSerialcvbEv
                0x0000000010006904        0x8 /Users/pschatzmann/Documents/Projects/cpp/pico-arduino/lib/libarduino.a(Arduino.cpp.obj)
                0x0000000010006904                PicoHardwareSerial::operator bool()
 .text._ZN18PicoHardwareSerial5flushEv
                0x000000001000690c        0x4 /Users/pschatzmann/Documents/Projects/cpp/pico-arduino/lib/libarduino.a(Arduino.cpp.obj)
                0x000000001000690c                PicoHardwareSerial::flush()
 .text._ZN17PicoDefaultSerial7printlnEPKc
                0x0000000010006910        0xc /Users/pschatzmann/Documents/Projects/cpp/pico-arduino/lib/libarduino.a(Arduino.cpp.obj)
                0x0000000010006910                PicoDefaultSerial::println(char const*)
 .text._ZN17PicoDefaultSerial5flushEv
                0x000000001000691c        0x8 /Users/pschatzmann/Documents/Projects/cpp/pico-arduino/lib/libarduino.a(Arduino.cpp.obj)
                0x000000001000691c                PicoDefaultSerial::flush()
 .text._ZN17PicoDefaultSerial5writeEh
                0x0000000010006924        0xc /Users/pschatzmann/Documents/Projects/cpp/pico-arduino/lib/libarduino.a(Arduino.cpp.obj)
                0x0000000010006924                PicoDefaultSerial::write(unsigned char)
 .text._ZN18PicoHardwareSerial5beginEmmaabbb
                0x0000000010006930      0x1a0 /Users/pschatzmann/Documents/Projects/cpp/pico-arduino/lib/libarduino.a(Arduino.cpp.obj)
                0x0000000010006930                PicoHardwareSerial::begin(unsigned long, unsigned long, signed char, signed char, bool, bool, bool)
 .text._ZN18PicoHardwareSerial3endEv
                0x0000000010006ad0       0x10 /Users/pschatzmann/Documents/Projects/cpp/pico-arduino/lib/libarduino.a(Arduino.cpp.obj)
                0x0000000010006ad0                PicoHardwareSerial::end()
 .text._ZN7arduino13ArduinoLogger3logENS0_8LogLevelEPKcS3_S3_
                0x0000000010006ae0       0x58 /Users/pschatzmann/Documents/Projects/cpp/pico-arduino/lib/libarduino.a(Arduino.cpp.obj)
                0x0000000010006ae0                arduino::ArduinoLogger::log(arduino::ArduinoLogger::LogLevel, char const*, char const*, char const*)
 .text._ZN18PicoHardwareSerial4readEv
                0x0000000010006b38       0x84 /Users/pschatzmann/Documents/Projects/cpp/pico-arduino/lib/libarduino.a(Arduino.cpp.obj)
                0x0000000010006b38                PicoHardwareSerial::read()
 .text._ZN17PicoDefaultSerial4readEv
                0x0000000010006bbc       0x78 /Users/pschatzmann/Documents/Projects/cpp/pico-arduino/lib/libarduino.a(Arduino.cpp.obj)
                0x0000000010006bbc                PicoDefaultSerial::read()
 .text._ZN18PicoHardwareSerial4peekEv
                0x0000000010006c34       0x70 /Users/pschatzmann/Documents/Projects/cpp/pico-arduino/lib/libarduino.a(Arduino.cpp.obj)
                0x0000000010006c34                PicoHardwareSerial::peek()
 .text._ZN17PicoDefaultSerial9availableEv
                0x0000000010006ca4       0x54 /Users/pschatzmann/Documents/Projects/cpp/pico-arduino/lib/libarduino.a(Arduino.cpp.obj)
                0x0000000010006ca4                PicoDefaultSerial::available()
 .text._ZN17PicoDefaultSerial4peekEv
                0x0000000010006cf8       0x68 /Users/pschatzmann/Documents/Projects/cpp/pico-arduino/lib/libarduino.a(Arduino.cpp.obj)
                0x0000000010006cf8                PicoDefaultSerial::peek()
 .text._ZN7arduino13ArduinoLogger5errorEPKcS2_S2_
                0x0000000010006d60       0x78 /Users/pschatzmann/Documents/Projects/cpp/pico-arduino/lib/libarduino.a(Arduino.cpp.obj)
                0x0000000010006d60                arduino::ArduinoLogger::error(char const*, char const*, char const*)
 .text._ZN7arduino13ArduinoLogger4infoEPKcS2_S2_
                0x0000000010006dd8       0x78 /Users/pschatzmann/Documents/Projects/cpp/pico-arduino/lib/libarduino.a(Arduino.cpp.obj)
                0x0000000010006dd8                arduino::ArduinoLogger::info(char const*, char const*, char const*)
 .text._ZN7arduino13ArduinoLogger7warningEPKcS2_S2_
                0x0000000010006e50       0x78 /Users/pschatzmann/Documents/Projects/cpp/pico-arduino/lib/libarduino.a(Arduino.cpp.obj)
                0x0000000010006e50                arduino::ArduinoLogger::warning(char const*, char const*, char const*)
 .text._ZN7arduino13ArduinoLogger5debugEPKcS2_S2_
                0x0000000010006ec8       0x78 /Users/pschatzmann/Documents/Projects/cpp/pico-arduino/lib/libarduino.a(Arduino.cpp.obj)
                0x0000000010006ec8                arduino::ArduinoLogger::debug(char const*, char const*, char const*)
 .text.delay    0x0000000010006f40        0x8 /Users/pschatzmann/Documents/Projects/cpp/pico-arduino/lib/libarduino.a(Arduino.cpp.obj)
                0x0000000010006f40                delay
 .text.startup._GLOBAL__sub_I_Serial
                0x0000000010006f48       0xdc /Users/pschatzmann/Documents/Projects/cpp/pico-arduino/lib/libarduino.a(Arduino.cpp.obj)
 .text.startup.main
                0x0000000010007024        0xc /Users/pschatzmann/Documents/Projects/cpp/pico-arduino/lib/libarduino.a(main.cpp.obj)
                0x0000000010007024                main
 .text._ZN7arduino5Print5writeEPKhj
                0x0000000010007030       0x28 /Users/pschatzmann/Documents/Projects/cpp/pico-arduino/lib/libarduino.a(Print.cpp.obj)
                0x0000000010007030                arduino::Print::write(unsigned char const*, unsigned int)
 .text._ZN7arduino5Print5printEPKc
                0x0000000010007058       0x58 /Users/pschatzmann/Documents/Projects/cpp/pico-arduino/lib/libarduino.a(Print.cpp.obj)
                0x0000000010007058                arduino::Print::print(char const*)
 .text._ZN7arduino5Print7printlnEv
                0x00000000100070b0       0x3c /Users/pschatzmann/Documents/Projects/cpp/pico-arduino/lib/libarduino.a(Print.cpp.obj)
                0x00000000100070b0                arduino::Print::println()
 .text.startup._GLOBAL__sub_I__ZN9__gnu_cxx9__freeresEv
                0x00000000100070ec       0x2c /usr/local/Cellar/arm-none-eabi-gcc/9-2019-q4-major/gcc/bin/../lib/gcc/arm-none-eabi/9.2.1/../../../../arm-none-eabi/lib/thumb/v6-m/nofp/libstdc++.a(eh_alloc.o)
 .text.calloc   0x0000000010007118       0x18 /usr/local/Cellar/arm-none-eabi-gcc/9-2019-q4-major/gcc/bin/../lib/gcc/arm-none-eabi/9.2.1/../../../../arm-none-eabi/lib/thumb/v6-m/nofp/libc.a(lib_a-calloc.o)
                0x0000000010007118                calloc
 .text._calloc_r
                0x0000000010007130       0x5c /usr/local/Cellar/arm-none-eabi-gcc/9-2019-q4-major/gcc/bin/../lib/gcc/arm-none-eabi/9.2.1/../../../../arm-none-eabi/lib/thumb/v6-m/nofp/libc.a(lib_a-callocr.o)
                0x0000000010007130                _calloc_r
 .text.getchar  0x000000001000718c       0x14 /usr/local/Cellar/arm-none-eabi-gcc/9-2019-q4-major/gcc/bin/../lib/gcc/arm-none-eabi/9.2.1/../../../../arm-none-eabi/lib/thumb/v6-m/nofp/libc.a(lib_a-getchar.o)
                0x000000001000718c                getchar
 .text.__retarget_lock_init_recursive
                0x00000000100071a0        0x4 /usr/local/Cellar/arm-none-eabi-gcc/9-2019-q4-major/gcc/bin/../lib/gcc/arm-none-eabi/9.2.1/../../../../arm-none-eabi/lib/thumb/v6-m/nofp/libc.a(lib_a-lock.o)
                0x00000000100071a0                __retarget_lock_init_recursive
 .text.__retarget_lock_close_recursive
                0x00000000100071a4        0x4 /usr/local/Cellar/arm-none-eabi-gcc/9-2019-q4-major/gcc/bin/../lib/gcc/arm-none-eabi/9.2.1/../../../../arm-none-eabi/lib/thumb/v6-m/nofp/libc.a(lib_a-lock.o)
                0x00000000100071a4                __retarget_lock_close_recursive
 .text.__retarget_lock_acquire_recursive
                0x00000000100071a8        0x4 /usr/local/Cellar/arm-none-eabi-gcc/9-2019-q4-major/gcc/bin/../lib/gcc/arm-none-eabi/9.2.1/../../../../arm-none-eabi/lib/thumb/v6-m/nofp/libc.a(lib_a-lock.o)
                0x00000000100071a8                __retarget_lock_acquire_recursive
 .text.__retarget_lock_release_recursive
                0x00000000100071ac        0x4 /usr/local/Cellar/arm-none-eabi-gcc/9-2019-q4-major/gcc/bin/../lib/gcc/arm-none-eabi/9.2.1/../../../../arm-none-eabi/lib/thumb/v6-m/nofp/libc.a(lib_a-lock.o)
                0x00000000100071ac                __retarget_lock_release_recursive
 .text.malloc   0x00000000100071b0       0x14 /usr/local/Cellar/arm-none-eabi-gcc/9-2019-q4-major/gcc/bin/../lib/gcc/arm-none-eabi/9.2.1/../../../../arm-none-eabi/lib/thumb/v6-m/nofp/libc.a(lib_a-malloc.o)
                0x00000000100071b0                malloc
 .text._malloc_r
                0x00000000100071c4      0x580 /usr/local/Cellar/arm-none-eabi-gcc/9-2019-q4-major/gcc/bin/../lib/gcc/arm-none-eabi/9.2.1/../../../../arm-none-eabi/lib/thumb/v6-m/nofp/libc.a(lib_a-mallocr.o)
                0x00000000100071c4                _malloc_r
 .text.__malloc_lock
                0x0000000010007744       0x10 /usr/local/Cellar/arm-none-eabi-gcc/9-2019-q4-major/gcc/bin/../lib/gcc/arm-none-eabi/9.2.1/../../../../arm-none-eabi/lib/thumb/v6-m/nofp/libc.a(lib_a-mlock.o)
                0x0000000010007744                __malloc_lock
 .text.__malloc_unlock
                0x0000000010007754       0x10 /usr/local/Cellar/arm-none-eabi-gcc/9-2019-q4-major/gcc/bin/../lib/gcc/arm-none-eabi/9.2.1/../../../../arm-none-eabi/lib/thumb/v6-m/nofp/libc.a(lib_a-mlock.o)
                0x0000000010007754                __malloc_unlock
 .text._sbrk_r  0x0000000010007764       0x24 /usr/local/Cellar/arm-none-eabi-gcc/9-2019-q4-major/gcc/bin/../lib/gcc/arm-none-eabi/9.2.1/../../../../arm-none-eabi/lib/thumb/v6-m/nofp/libc.a(lib_a-sbrkr.o)
                0x0000000010007764                _sbrk_r
 .text.strlen   0x0000000010007788       0x5c /usr/local/Cellar/arm-none-eabi-gcc/9-2019-q4-major/gcc/bin/../lib/gcc/arm-none-eabi/9.2.1/../../../../arm-none-eabi/lib/thumb/v6-m/nofp/libc.a(lib_a-strlen-stub.o)
                0x0000000010007788                strlen
 .text._write_r
                0x00000000100077e4       0x28 /usr/local/Cellar/arm-none-eabi-gcc/9-2019-q4-major/gcc/bin/../lib/gcc/arm-none-eabi/9.2.1/../../../../arm-none-eabi/lib/thumb/v6-m/nofp/libc.a(lib_a-writer.o)
                0x00000000100077e4                _write_r
 .text.__sflush_r
                0x000000001000780c      0x140 /usr/local/Cellar/arm-none-eabi-gcc/9-2019-q4-major/gcc/bin/../lib/gcc/arm-none-eabi/9.2.1/../../../../arm-none-eabi/lib/thumb/v6-m/nofp/libc.a(lib_a-fflush.o)
                0x000000001000780c                __sflush_r
 .text._fflush_r
                0x000000001000794c       0x6c /usr/local/Cellar/arm-none-eabi-gcc/9-2019-q4-major/gcc/bin/../lib/gcc/arm-none-eabi/9.2.1/../../../../arm-none-eabi/lib/thumb/v6-m/nofp/libc.a(lib_a-fflush.o)
                0x000000001000794c                _fflush_r
 .text.fflush   0x00000000100079b8       0x2c /usr/local/Cellar/arm-none-eabi-gcc/9-2019-q4-major/gcc/bin/../lib/gcc/arm-none-eabi/9.2.1/../../../../arm-none-eabi/lib/thumb/v6-m/nofp/libc.a(lib_a-fflush.o)
                0x00000000100079b8                fflush
 .text.std      0x00000000100079e4       0x50 /usr/local/Cellar/arm-none-eabi-gcc/9-2019-q4-major/gcc/bin/../lib/gcc/arm-none-eabi/9.2.1/../../../../arm-none-eabi/lib/thumb/v6-m/nofp/libc.a(lib_a-findfp.o)
 .text._cleanup_r
                0x0000000010007a34       0x10 /usr/local/Cellar/arm-none-eabi-gcc/9-2019-q4-major/gcc/bin/../lib/gcc/arm-none-eabi/9.2.1/../../../../arm-none-eabi/lib/thumb/v6-m/nofp/libc.a(lib_a-findfp.o)
                0x0000000010007a34                _cleanup_r
 .text.__sinit  0x0000000010007a44       0x60 /usr/local/Cellar/arm-none-eabi-gcc/9-2019-q4-major/gcc/bin/../lib/gcc/arm-none-eabi/9.2.1/../../../../arm-none-eabi/lib/thumb/v6-m/nofp/libc.a(lib_a-findfp.o)
                0x0000000010007a44                __sinit
 .text.__sfp_lock_acquire
                0x0000000010007aa4       0x10 /usr/local/Cellar/arm-none-eabi-gcc/9-2019-q4-major/gcc/bin/../lib/gcc/arm-none-eabi/9.2.1/../../../../arm-none-eabi/lib/thumb/v6-m/nofp/libc.a(lib_a-findfp.o)
                0x0000000010007aa4                __sfp_lock_acquire
 .text.__sfp_lock_release
                0x0000000010007ab4       0x10 /usr/local/Cellar/arm-none-eabi-gcc/9-2019-q4-major/gcc/bin/../lib/gcc/arm-none-eabi/9.2.1/../../../../arm-none-eabi/lib/thumb/v6-m/nofp/libc.a(lib_a-findfp.o)
                0x0000000010007ab4                __sfp_lock_release
 .text._malloc_trim_r
                0x0000000010007ac4       0x9c /usr/local/Cellar/arm-none-eabi-gcc/9-2019-q4-major/gcc/bin/../lib/gcc/arm-none-eabi/9.2.1/../../../../arm-none-eabi/lib/thumb/v6-m/nofp/libc.a(lib_a-freer.o)
                0x0000000010007ac4                _malloc_trim_r
 .text._free_r  0x0000000010007b60      0x1c4 /usr/local/Cellar/arm-none-eabi-gcc/9-2019-q4-major/gcc/bin/../lib/gcc/arm-none-eabi/9.2.1/../../../../arm-none-eabi/lib/thumb/v6-m/nofp/libc.a(lib_a-freer.o)
                0x0000000010007b60                _free_r
 .text._fwalk   0x0000000010007d24       0x40 /usr/local/Cellar/arm-none-eabi-gcc/9-2019-q4-major/gcc/bin/../lib/gcc/arm-none-eabi/9.2.1/../../../../arm-none-eabi/lib/thumb/v6-m/nofp/libc.a(lib_a-fwalk.o)
                0x0000000010007d24                _fwalk
 .text._fwalk_reent
                0x0000000010007d64       0x48 /usr/local/Cellar/arm-none-eabi-gcc/9-2019-q4-major/gcc/bin/../lib/gcc/arm-none-eabi/9.2.1/../../../../arm-none-eabi/lib/thumb/v6-m/nofp/libc.a(lib_a-fwalk.o)
                0x0000000010007d64                _fwalk_reent
 .text._getc_r  0x0000000010007dac       0x60 /usr/local/Cellar/arm-none-eabi-gcc/9-2019-q4-major/gcc/bin/../lib/gcc/arm-none-eabi/9.2.1/../../../../arm-none-eabi/lib/thumb/v6-m/nofp/libc.a(lib_a-getc.o)
                0x0000000010007dac                _getc_r
 .text.__swhatbuf_r
                0x0000000010007e0c       0x60 /usr/local/Cellar/arm-none-eabi-gcc/9-2019-q4-major/gcc/bin/../lib/gcc/arm-none-eabi/9.2.1/../../../../arm-none-eabi/lib/thumb/v6-m/nofp/libc.a(lib_a-makebuf.o)
                0x0000000010007e0c                __swhatbuf_r
 .text.__smakebuf_r
                0x0000000010007e6c       0x90 /usr/local/Cellar/arm-none-eabi-gcc/9-2019-q4-major/gcc/bin/../lib/gcc/arm-none-eabi/9.2.1/../../../../arm-none-eabi/lib/thumb/v6-m/nofp/libc.a(lib_a-makebuf.o)
                0x0000000010007e6c                __smakebuf_r
 .text.__srget_r
                0x0000000010007efc       0x38 /usr/local/Cellar/arm-none-eabi-gcc/9-2019-q4-major/gcc/bin/../lib/gcc/arm-none-eabi/9.2.1/../../../../arm-none-eabi/lib/thumb/v6-m/nofp/libc.a(lib_a-rget.o)
                0x0000000010007efc                __srget_r
 .text.__sread  0x0000000010007f34       0x28 /usr/local/Cellar/arm-none-eabi-gcc/9-2019-q4-major/gcc/bin/../lib/gcc/arm-none-eabi/9.2.1/../../../../arm-none-eabi/lib/thumb/v6-m/nofp/libc.a(lib_a-stdio.o)
                0x0000000010007f34                __sread
 .text.__swrite
                0x0000000010007f5c       0x40 /usr/local/Cellar/arm-none-eabi-gcc/9-2019-q4-major/gcc/bin/../lib/gcc/arm-none-eabi/9.2.1/../../../../arm-none-eabi/lib/thumb/v6-m/nofp/libc.a(lib_a-stdio.o)
                0x0000000010007f5c                __swrite
 .text.__sseek  0x0000000010007f9c       0x2c /usr/local/Cellar/arm-none-eabi-gcc/9-2019-q4-major/gcc/bin/../lib/gcc/arm-none-eabi/9.2.1/../../../../arm-none-eabi/lib/thumb/v6-m/nofp/libc.a(lib_a-stdio.o)
                0x0000000010007f9c                __sseek
 .text.__sclose
                0x0000000010007fc8        0xc /usr/local/Cellar/arm-none-eabi-gcc/9-2019-q4-major/gcc/bin/../lib/gcc/arm-none-eabi/9.2.1/../../../../arm-none-eabi/lib/thumb/v6-m/nofp/libc.a(lib_a-stdio.o)
                0x0000000010007fc8                __sclose
 .text._close_r
                0x0000000010007fd4       0x24 /usr/local/Cellar/arm-none-eabi-gcc/9-2019-q4-major/gcc/bin/../lib/gcc/arm-none-eabi/9.2.1/../../../../arm-none-eabi/lib/thumb/v6-m/nofp/libc.a(lib_a-closer.o)
                0x0000000010007fd4                _close_r
 .text._fclose_r
                0x0000000010007ff8       0xdc /usr/local/Cellar/arm-none-eabi-gcc/9-2019-q4-major/gcc/bin/../lib/gcc/arm-none-eabi/9.2.1/../../../../arm-none-eabi/lib/thumb/v6-m/nofp/libc.a(lib_a-fclose.o)
                0x0000000010007ff8                _fclose_r
 .text._fstat_r
                0x00000000100080d4       0x28 /usr/local/Cellar/arm-none-eabi-gcc/9-2019-q4-major/gcc/bin/../lib/gcc/arm-none-eabi/9.2.1/../../../../arm-none-eabi/lib/thumb/v6-m/nofp/libc.a(lib_a-fstatr.o)
                0x00000000100080d4                _fstat_r
 .text._isatty_r
                0x00000000100080fc       0x24 /usr/local/Cellar/arm-none-eabi-gcc/9-2019-q4-major/gcc/bin/../lib/gcc/arm-none-eabi/9.2.1/../../../../arm-none-eabi/lib/thumb/v6-m/nofp/libc.a(lib_a-isattyr.o)
                0x00000000100080fc                _isatty_r
 .text._lseek_r
                0x0000000010008120       0x28 /usr/local/Cellar/arm-none-eabi-gcc/9-2019-q4-major/gcc/bin/../lib/gcc/arm-none-eabi/9.2.1/../../../../arm-none-eabi/lib/thumb/v6-m/nofp/libc.a(lib_a-lseekr.o)
                0x0000000010008120                _lseek_r
 .text._read_r  0x0000000010008148       0x28 /usr/local/Cellar/arm-none-eabi-gcc/9-2019-q4-major/gcc/bin/../lib/gcc/arm-none-eabi/9.2.1/../../../../arm-none-eabi/lib/thumb/v6-m/nofp/libc.a(lib_a-readr.o)
                0x0000000010008148                _read_r
 .text.lflush   0x0000000010008170       0x1c /usr/local/Cellar/arm-none-eabi-gcc/9-2019-q4-major/gcc/bin/../lib/gcc/arm-none-eabi/9.2.1/../../../../arm-none-eabi/lib/thumb/v6-m/nofp/libc.a(lib_a-refill.o)
 .text.__srefill_r
                0x000000001000818c      0x124 /usr/local/Cellar/arm-none-eabi-gcc/9-2019-q4-major/gcc/bin/../lib/gcc/arm-none-eabi/9.2.1/../../../../arm-none-eabi/lib/thumb/v6-m/nofp/libc.a(lib_a-refill.o)
                0x000000001000818c                __srefill_r
 .text._close   0x00000000100082b0       0x10 /usr/local/Cellar/arm-none-eabi-gcc/9-2019-q4-major/gcc/bin/../lib/gcc/arm-none-eabi/9.2.1/../../../../arm-none-eabi/lib/thumb/v6-m/nofp/libnosys.a(close.o)
                0x00000000100082b0                _close
 .text._fstat   0x00000000100082c0       0x10 /usr/local/Cellar/arm-none-eabi-gcc/9-2019-q4-major/gcc/bin/../lib/gcc/arm-none-eabi/9.2.1/../../../../arm-none-eabi/lib/thumb/v6-m/nofp/libnosys.a(fstat.o)
                0x00000000100082c0                _fstat
 .text._isatty  0x00000000100082d0       0x10 /usr/local/Cellar/arm-none-eabi-gcc/9-2019-q4-major/gcc/bin/../lib/gcc/arm-none-eabi/9.2.1/../../../../arm-none-eabi/lib/thumb/v6-m/nofp/libnosys.a(isatty.o)
                0x00000000100082d0                _isatty
 .text._lseek   0x00000000100082e0       0x10 /usr/local/Cellar/arm-none-eabi-gcc/9-2019-q4-major/gcc/bin/../lib/gcc/arm-none-eabi/9.2.1/../../../../arm-none-eabi/lib/thumb/v6-m/nofp/libnosys.a(lseek.o)
                0x00000000100082e0                _lseek
 *(.fini)
 .fini          0x00000000100082f0        0x4 /usr/local/Cellar/arm-none-eabi-gcc/9-2019-q4-major/gcc/bin/../lib/gcc/arm-none-eabi/9.2.1/thumb/v6-m/nofp/crti.o
                0x00000000100082f0                _fini
 *fill*         0x00000000100082f4        0x4 
 .fini.__stub   0x00000000100082f8       0x60 linker stubs
 *crtbegin.o(.ctors)
 *crtbegin?.o(.ctors)
 *(EXCLUDE_FILE(*crtend.o *crtend?.o) .ctors)
 *(SORT_BY_NAME(.ctors.*))
 *(.ctors)
 *crtbegin.o(.dtors)
 *crtbegin?.o(.dtors)
 *(EXCLUDE_FILE(*crtend.o *crtend?.o) .dtors)
 *(SORT_BY_NAME(.dtors.*))
 *(.dtors)
 *(.eh_frame*)
 .eh_frame      0x0000000010008358        0x0 /usr/local/Cellar/arm-none-eabi-gcc/9-2019-q4-major/gcc/bin/../lib/gcc/arm-none-eabi/9.2.1/thumb/v6-m/nofp/crtbegin.o
                0x0000000010008358                . = ALIGN (0x4)

.glue_7         0x0000000010008358        0x0
 .glue_7        0x0000000010008358        0x0 linker stubs

.glue_7t        0x0000000010008358        0x0
 .glue_7t       0x0000000010008358        0x0 linker stubs

.vfp11_veneer   0x0000000010008358        0x0
 .vfp11_veneer  0x0000000010008358        0x0 linker stubs

.v4_bx          0x0000000010008358        0x0
 .v4_bx         0x0000000010008358        0x0 linker stubs

.iplt           0x0000000010008358        0x0
 .iplt          0x0000000010008358        0x0 /usr/local/Cellar/arm-none-eabi-gcc/9-2019-q4-major/gcc/bin/../lib/gcc/arm-none-eabi/9.2.1/thumb/v6-m/nofp/crtbegin.o

.rodata         0x0000000010008358      0x834
 *(EXCLUDE_FILE(*libm.a: *libc.a:*lib_a-mem*.o *libgcc.a:) .rodata*)
 .rodata.loop.str1.4
                0x0000000010008358        0xc CMakeFiles/hallo_world.dir/hallo_world.cpp.obj
 .rodata.str1.4
                0x0000000010008364       0x2c CMakeFiles/hallo_world.dir/Users/pschatzmann/Documents/Projects/cpp/pico-sdk/src/rp2_common/pico_stdio_uart/stdio_uart.c.obj
 .rodata.__bi_27.4687
                0x0000000010008390        0xc CMakeFiles/hallo_world.dir/Users/pschatzmann/Documents/Projects/cpp/pico-sdk/src/rp2_common/pico_stdio_uart/stdio_uart.c.obj
 .rodata.__bi_28.4691
                0x000000001000839c        0x8 CMakeFiles/hallo_world.dir/Users/pschatzmann/Documents/Projects/cpp/pico-sdk/src/rp2_common/pico_stdio_uart/stdio_uart.c.obj
 .rodata.crlf_str.5969
                0x00000000100083a4        0x2 CMakeFiles/hallo_world.dir/Users/pschatzmann/Documents/Projects/cpp/pico-sdk/src/rp2_common/pico_stdio/stdio.c.obj
 *fill*         0x00000000100083a6        0x2 
 .rodata._ftoa.str1.4
                0x00000000100083a8       0x15 CMakeFiles/hallo_world.dir/Users/pschatzmann/Documents/Projects/cpp/pico-sdk/src/rp2_common/pico_printf/printf.c.obj
 *fill*         0x00000000100083bd        0x3 
 .rodata._vsnprintf
                0x00000000100083c0      0x1e0 CMakeFiles/hallo_world.dir/Users/pschatzmann/Documents/Projects/cpp/pico-sdk/src/rp2_common/pico_printf/printf.c.obj
 .rodata.pow10.5432
                0x00000000100085a0       0x50 CMakeFiles/hallo_world.dir/Users/pschatzmann/Documents/Projects/cpp/pico-sdk/src/rp2_common/pico_printf/printf.c.obj
 .rodata.str1.4
                0x00000000100085f0       0x13 CMakeFiles/hallo_world.dir/Users/pschatzmann/Documents/Projects/cpp/pico-sdk/src/rp2_common/pico_stdio_usb/stdio_usb.c.obj
 *fill*         0x0000000010008603        0x1 
 .rodata.__bi_93.6991
                0x0000000010008604        0xc CMakeFiles/hallo_world.dir/Users/pschatzmann/Documents/Projects/cpp/pico-sdk/src/rp2_common/pico_stdio_usb/stdio_usb.c.obj
 .rodata.str1.4
                0x0000000010008610       0x32 CMakeFiles/hallo_world.dir/Users/pschatzmann/Documents/Projects/cpp/pico-sdk/src/rp2_common/pico_stdio_usb/stdio_usb_descriptors.c.obj
 *fill*         0x0000000010008642        0x2 
 .rodata.usbd_desc_cfg
                0x0000000010008644       0x4b CMakeFiles/hallo_world.dir/Users/pschatzmann/Documents/Projects/cpp/pico-sdk/src/rp2_common/pico_stdio_usb/stdio_usb_descriptors.c.obj
 *fill*         0x000000001000868f        0x1 
 .rodata.usbd_desc_device
                0x0000000010008690       0x12 CMakeFiles/hallo_world.dir/Users/pschatzmann/Documents/Projects/cpp/pico-sdk/src/rp2_common/pico_stdio_usb/stdio_usb_descriptors.c.obj
 *fill*         0x00000000100086a2        0x2 
 .rodata.usbd_desc_str
                0x00000000100086a4       0x14 CMakeFiles/hallo_world.dir/Users/pschatzmann/Documents/Projects/cpp/pico-sdk/src/rp2_common/pico_stdio_usb/stdio_usb_descriptors.c.obj
 .rodata.dcd_rp2040_irq.str1.4
                0x00000000100086b8       0x14 CMakeFiles/hallo_world.dir/Users/pschatzmann/Documents/Projects/cpp/pico-sdk/lib/tinyusb/src/portable/raspberrypi/rp2040/dcd_rp2040.c.obj
 .rodata.dcd_edpt_open.str1.4
                0x00000000100086cc       0x28 CMakeFiles/hallo_world.dir/Users/pschatzmann/Documents/Projects/cpp/pico-sdk/lib/tinyusb/src/portable/raspberrypi/rp2040/dcd_rp2040.c.obj
 .rodata._hw_endpoint_buffer_control_update32.str1.4
                0x00000000100086f4       0x1f CMakeFiles/hallo_world.dir/Users/pschatzmann/Documents/Projects/cpp/pico-sdk/lib/tinyusb/src/portable/raspberrypi/rp2040/rp2040_usb.c.obj
 *fill*         0x0000000010008713        0x1 
 .rodata._hw_endpoint_xfer_continue.str1.4
                0x0000000010008714       0x50 CMakeFiles/hallo_world.dir/Users/pschatzmann/Documents/Projects/cpp/pico-sdk/lib/tinyusb/src/portable/raspberrypi/rp2040/rp2040_usb.c.obj
 .rodata.str1.4
                0x0000000010008764       0x50 CMakeFiles/hallo_world.dir/Users/pschatzmann/Documents/Projects/cpp/pico-sdk/lib/tinyusb/src/portable/raspberrypi/rp2040/rp2040_usb.c.obj
                                          0x7 (size before relaxing)
 .rodata.tud_task
                0x0000000010008764       0x8c CMakeFiles/hallo_world.dir/Users/pschatzmann/Documents/Projects/cpp/pico-sdk/lib/tinyusb/src/device/usbd.c.obj
 .rodata._usbd_driver
                0x00000000100087f0       0x1c CMakeFiles/hallo_world.dir/Users/pschatzmann/Documents/Projects/cpp/pico-sdk/lib/tinyusb/src/device/usbd.c.obj
 .rodata.spin_lock_claim_unused.str1.4
                0x000000001000880c       0x1b CMakeFiles/hallo_world.dir/Users/pschatzmann/Documents/Projects/cpp/pico-sdk/src/rp2_common/hardware_sync/sync.c.obj
 *fill*         0x0000000010008827        0x1 
 .rodata.at_the_end_of_time
                0x0000000010008828        0x8 CMakeFiles/hallo_world.dir/Users/pschatzmann/Documents/Projects/cpp/pico-sdk/src/common/pico_time/time.c.obj
                0x0000000010008828                at_the_end_of_time
 .rodata.hardware_alarm_claim.str1.4
                0x0000000010008830       0x22 CMakeFiles/hallo_world.dir/Users/pschatzmann/Documents/Projects/cpp/pico-sdk/src/rp2_common/hardware_timer/timer.c.obj
 *fill*         0x0000000010008852        0x2 
 .rodata.panic.str1.4
                0x0000000010008854       0x12 CMakeFiles/hallo_world.dir/Users/pschatzmann/Documents/Projects/cpp/pico-sdk/src/rp2_common/pico_runtime/runtime.c.obj
 *fill*         0x0000000010008866        0x2 
 .rodata.hard_assertion_failure.str1.4
                0x0000000010008868        0xc CMakeFiles/hallo_world.dir/Users/pschatzmann/Documents/Projects/cpp/pico-sdk/src/rp2_common/pico_runtime/runtime.c.obj
 .rodata.str1.4
                0x0000000010008874       0x30 CMakeFiles/hallo_world.dir/Users/pschatzmann/Documents/Projects/cpp/pico-sdk/src/rp2_common/pico_standard_link/binary_info.c.obj
 .rodata.__bi_40
                0x00000000100088a4        0xc CMakeFiles/hallo_world.dir/Users/pschatzmann/Documents/Projects/cpp/pico-sdk/src/rp2_common/pico_standard_link/binary_info.c.obj
 .rodata.__bi_71
                0x00000000100088b0        0xc CMakeFiles/hallo_world.dir/Users/pschatzmann/Documents/Projects/cpp/pico-sdk/src/rp2_common/pico_standard_link/binary_info.c.obj
 .rodata._ZN18PicoHardwareSerial5beginEmmaabbb
                0x00000000100088bc      0x230 /Users/pschatzmann/Documents/Projects/cpp/pico-arduino/lib/libarduino.a(Arduino.cpp.obj)
 .rodata._ZN7arduino13ArduinoLogger3logENS0_8LogLevelEPKcS3_S3_.str1.4
                0x0000000010008aec        0x2 /Users/pschatzmann/Documents/Projects/cpp/pico-arduino/lib/libarduino.a(Arduino.cpp.obj)
 *fill*         0x0000000010008aee        0x2 
 .rodata._ZTVN7arduino13ArduinoLoggerE
                0x0000000010008af0       0x24 /Users/pschatzmann/Documents/Projects/cpp/pico-arduino/lib/libarduino.a(Arduino.cpp.obj)
                0x0000000010008af0                vtable for arduino::ArduinoLogger
 .rodata._ZTV17PicoDefaultSerial
                0x0000000010008b14       0x38 /Users/pschatzmann/Documents/Projects/cpp/pico-arduino/lib/libarduino.a(Arduino.cpp.obj)
                0x0000000010008b14                vtable for PicoDefaultSerial
 .rodata._ZTV18PicoHardwareSerial
                0x0000000010008b4c       0x38 /Users/pschatzmann/Documents/Projects/cpp/pico-arduino/lib/libarduino.a(Arduino.cpp.obj)
                0x0000000010008b4c                vtable for PicoHardwareSerial
 .rodata._ZN7arduino5Print7printlnEPKNS_19__FlashStringHelperE.str1.4
                0x0000000010008b84        0x3 /Users/pschatzmann/Documents/Projects/cpp/pico-arduino/lib/libarduino.a(Print.cpp.obj)
 *fill*         0x0000000010008b87        0x1 
 .rodata._global_impure_ptr
                0x0000000010008b88        0x4 /usr/local/Cellar/arm-none-eabi-gcc/9-2019-q4-major/gcc/bin/../lib/gcc/arm-none-eabi/9.2.1/../../../../arm-none-eabi/lib/thumb/v6-m/nofp/libc.a(lib_a-impure.o)
                0x0000000010008b88                _global_impure_ptr
                0x0000000010008b8c                . = ALIGN (0x4)
 *(SORT_BY_ALIGNMENT(SORT_BY_NAME(.flashdata*)))
                0x0000000010008b8c                . = ALIGN (0x4)

.ARM.extab
 *(.ARM.extab* .gnu.linkonce.armextab.*)
                0x0000000010008b8c                __exidx_start = .

.ARM.exidx      0x0000000010008b8c        0x8
 *(.ARM.exidx* .gnu.linkonce.armexidx.*)
 .ARM.exidx.text.startup._GLOBAL__sub_I__ZN9__gnu_cxx9__freeresEv
                0x0000000010008b8c        0x8 /usr/local/Cellar/arm-none-eabi-gcc/9-2019-q4-major/gcc/bin/../lib/gcc/arm-none-eabi/9.2.1/../../../../arm-none-eabi/lib/thumb/v6-m/nofp/libstdc++.a(eh_alloc.o)
                0x0000000010008b94                __exidx_end = .

.rel.dyn        0x0000000010008b94        0x0
 .rel.iplt      0x0000000010008b94        0x0 /usr/local/Cellar/arm-none-eabi-gcc/9-2019-q4-major/gcc/bin/../lib/gcc/arm-none-eabi/9.2.1/thumb/v6-m/nofp/crtbegin.o
                0x0000000010008b94                . = ALIGN (0x4)
                0x0000000010008b94                __binary_info_start = .

.binary_info    0x0000000010008b94       0x24
 *(.binary_info.keep.*)
 .binary_info.keep.__bi_ptr18
                0x0000000010008b94        0x4 CMakeFiles/hallo_world.dir/Users/pschatzmann/Documents/Projects/cpp/pico-sdk/src/rp2_common/pico_standard_link/binary_info.c.obj
 .binary_info.keep.__bi_ptr26
                0x0000000010008b98        0x4 CMakeFiles/hallo_world.dir/Users/pschatzmann/Documents/Projects/cpp/pico-sdk/src/rp2_common/pico_standard_link/binary_info.c.obj
 .binary_info.keep.__bi_ptr34
                0x0000000010008b9c        0x4 CMakeFiles/hallo_world.dir/Users/pschatzmann/Documents/Projects/cpp/pico-sdk/src/rp2_common/pico_standard_link/binary_info.c.obj
 .binary_info.keep.__bi_ptr40
                0x0000000010008ba0        0x4 CMakeFiles/hallo_world.dir/Users/pschatzmann/Documents/Projects/cpp/pico-sdk/src/rp2_common/pico_standard_link/binary_info.c.obj
 .binary_info.keep.__bi_ptr46
                0x0000000010008ba4        0x4 CMakeFiles/hallo_world.dir/Users/pschatzmann/Documents/Projects/cpp/pico-sdk/src/rp2_common/pico_standard_link/binary_info.c.obj
 .binary_info.keep.__bi_ptr71
                0x0000000010008ba8        0x4 CMakeFiles/hallo_world.dir/Users/pschatzmann/Documents/Projects/cpp/pico-sdk/src/rp2_common/pico_standard_link/binary_info.c.obj
 *(.binary_info.*)
 .binary_info.__bi_ptr27
                0x0000000010008bac        0x4 CMakeFiles/hallo_world.dir/Users/pschatzmann/Documents/Projects/cpp/pico-sdk/src/rp2_common/pico_stdio_uart/stdio_uart.c.obj
 .binary_info.__bi_ptr28
                0x0000000010008bb0        0x4 CMakeFiles/hallo_world.dir/Users/pschatzmann/Documents/Projects/cpp/pico-sdk/src/rp2_common/pico_stdio_uart/stdio_uart.c.obj
 .binary_info.__bi_ptr93
                0x0000000010008bb4        0x4 CMakeFiles/hallo_world.dir/Users/pschatzmann/Documents/Projects/cpp/pico-sdk/src/rp2_common/pico_stdio_usb/stdio_usb.c.obj
                0x0000000010008bb8                __binary_info_end = .
                0x0000000010008bb8                . = ALIGN (0x4)
                0x0000000010008bb8                __etext = .

.ram_vector_table
                0x0000000020000000       0xc0
 *(.ram_vector_table)
 .ram_vector_table
                0x0000000020000000       0xc0 CMakeFiles/hallo_world.dir/Users/pschatzmann/Documents/Projects/cpp/pico-sdk/src/rp2_common/pico_runtime/runtime.c.obj
                0x0000000020000000                ram_vector_table

.data           0x00000000200000c0      0xab4 load address 0x0000000010008bb8
                0x00000000200000c0                __data_start__ = .
 *(vtable)
 *(.time_critical*)
 .time_critical.mutex_enter_blocking
                0x00000000200000c0       0x50 CMakeFiles/hallo_world.dir/Users/pschatzmann/Documents/Projects/cpp/pico-sdk/src/common/pico_sync/mutex.c.obj
                0x00000000200000c0                mutex_enter_blocking
 .time_critical.mutex_try_enter
                0x0000000020000110       0x4c CMakeFiles/hallo_world.dir/Users/pschatzmann/Documents/Projects/cpp/pico-sdk/src/common/pico_sync/mutex.c.obj
                0x0000000020000110                mutex_try_enter
 .time_critical.mutex_enter_timeout_ms
                0x000000002000015c       0x98 CMakeFiles/hallo_world.dir/Users/pschatzmann/Documents/Projects/cpp/pico-sdk/src/common/pico_sync/mutex.c.obj
                0x000000002000015c                mutex_enter_timeout_ms
 .time_critical.mutex_exit
                0x00000000200001f4       0x28 CMakeFiles/hallo_world.dir/Users/pschatzmann/Documents/Projects/cpp/pico-sdk/src/common/pico_sync/mutex.c.obj
                0x00000000200001f4                mutex_exit
 *(.text*)
 .text          0x000000002000021c        0x4 /usr/local/Cellar/arm-none-eabi-gcc/9-2019-q4-major/gcc/bin/../lib/gcc/arm-none-eabi/9.2.1/thumb/v6-m/nofp/libgcc.a(_dvmd_tls.o)
                0x000000002000021c                __aeabi_ldiv0
                0x000000002000021c                __aeabi_idiv0
 .text.__stub   0x0000000020000220       0x30 linker stubs
                0x0000000020000250                . = ALIGN (0x4)
 *(.rodata*)
                0x0000000020000250                . = ALIGN (0x4)
 *(.data*)
 .data.stdio_uart
                0x0000000020000250       0x14 CMakeFiles/hallo_world.dir/Users/pschatzmann/Documents/Projects/cpp/pico-sdk/src/rp2_common/pico_stdio_uart/stdio_uart.c.obj
                0x0000000020000250                stdio_uart
 .data.stdio_usb
                0x0000000020000264       0x14 CMakeFiles/hallo_world.dir/Users/pschatzmann/Documents/Projects/cpp/pico-sdk/src/rp2_common/pico_stdio_usb/stdio_usb.c.obj
                0x0000000020000264                stdio_usb
 .data.ep_dir_string
                0x0000000020000278        0x8 CMakeFiles/hallo_world.dir/Users/pschatzmann/Documents/Projects/cpp/pico-sdk/lib/tinyusb/src/portable/raspberrypi/rp2040/rp2040_usb.c.obj
                0x0000000020000278                ep_dir_string
 .data._usbd_qdef
                0x0000000020000280       0x20 CMakeFiles/hallo_world.dir/Users/pschatzmann/Documents/Projects/cpp/pico-sdk/lib/tinyusb/src/device/usbd.c.obj
                0x0000000020000280                _usbd_qdef
 .data          0x00000000200002a0       0x48 CMakeFiles/hallo_world.dir/Users/pschatzmann/Documents/Projects/cpp/pico-sdk/src/rp2_common/hardware_irq/irq_handler_chain.S.obj
                0x00000000200002a0                irq_handler_chain_slots
                0x00000000200002d0                irq_handler_chain_first_slot
                0x00000000200002da                irq_handler_chain_remove_tail
 .data.striped_spin_lock_num
                0x00000000200002e8        0x1 CMakeFiles/hallo_world.dir/Users/pschatzmann/Documents/Projects/cpp/pico-sdk/src/rp2_common/hardware_sync/sync.c.obj
 *fill*         0x00000000200002e9        0x7 
 .data.aeabi_bits_funcs
                0x00000000200002f0       0x10 CMakeFiles/hallo_world.dir/Users/pschatzmann/Documents/Projects/cpp/pico-sdk/src/rp2_common/pico_bit_ops/bit_ops_aeabi.S.obj
                0x00000000200002f0                aeabi_bits_funcs
                0x0000000020000300                aeabi_bits_funcs_end
 .data.aeabi_mem_funcs
                0x0000000020000300       0x10 CMakeFiles/hallo_world.dir/Users/pschatzmann/Documents/Projects/cpp/pico-sdk/src/rp2_common/pico_mem_ops/mem_ops_aeabi.S.obj
                0x0000000020000300                aeabi_mem_funcs
                0x0000000020000310                aeabi_mem_funcs_end
 .data._impure_ptr
                0x0000000020000310        0x4 /usr/local/Cellar/arm-none-eabi-gcc/9-2019-q4-major/gcc/bin/../lib/gcc/arm-none-eabi/9.2.1/../../../../arm-none-eabi/lib/thumb/v6-m/nofp/libc.a(lib_a-impure.o)
                0x0000000020000310                _impure_ptr
 *fill*         0x0000000020000314        0x4 
 .data.impure_data
                0x0000000020000318      0x428 /usr/local/Cellar/arm-none-eabi-gcc/9-2019-q4-major/gcc/bin/../lib/gcc/arm-none-eabi/9.2.1/../../../../arm-none-eabi/lib/thumb/v6-m/nofp/libc.a(lib_a-impure.o)
 .data.__malloc_av_
                0x0000000020000740      0x408 /usr/local/Cellar/arm-none-eabi-gcc/9-2019-q4-major/gcc/bin/../lib/gcc/arm-none-eabi/9.2.1/../../../../arm-none-eabi/lib/thumb/v6-m/nofp/libc.a(lib_a-mallocr.o)
                0x0000000020000740                __malloc_av_
 .data.__malloc_sbrk_base
                0x0000000020000b48        0x4 /usr/local/Cellar/arm-none-eabi-gcc/9-2019-q4-major/gcc/bin/../lib/gcc/arm-none-eabi/9.2.1/../../../../arm-none-eabi/lib/thumb/v6-m/nofp/libc.a(lib_a-mallocr.o)
                0x0000000020000b48                __malloc_sbrk_base
 .data.__malloc_trim_threshold
                0x0000000020000b4c        0x4 /usr/local/Cellar/arm-none-eabi-gcc/9-2019-q4-major/gcc/bin/../lib/gcc/arm-none-eabi/9.2.1/../../../../arm-none-eabi/lib/thumb/v6-m/nofp/libc.a(lib_a-mallocr.o)
                0x0000000020000b4c                __malloc_trim_threshold
                0x0000000020000b50                . = ALIGN (0x4)
 *(.after_data.*)
                0x0000000020000b50                . = ALIGN (0x4)
                0x0000000020000b50                PROVIDE (__mutex_array_start = .)
 *(SORT_BY_NAME(.mutex_array.*))
 *(.mutex_array)
 .mutex_array   0x0000000020000b50        0x8 CMakeFiles/hallo_world.dir/Users/pschatzmann/Documents/Projects/cpp/pico-sdk/src/rp2_common/pico_stdio/stdio.c.obj
                0x0000000020000b58                PROVIDE (__mutex_array_end = .)
                0x0000000020000b58                . = ALIGN (0x4)
                0x0000000020000b58                PROVIDE (__preinit_array_start = .)
 *(SORT_BY_NAME(.preinit_array.*))
 .preinit_array.00001
                0x0000000020000b58        0x4 CMakeFiles/hallo_world.dir/Users/pschatzmann/Documents/Projects/cpp/pico-sdk/src/rp2_common/pico_mem_ops/mem_ops_aeabi.S.obj
 .preinit_array.00010
                0x0000000020000b5c        0x4 CMakeFiles/hallo_world.dir/Users/pschatzmann/Documents/Projects/cpp/pico-sdk/src/rp2_common/pico_bit_ops/bit_ops_aeabi.S.obj
 .preinit_array.00020
                0x0000000020000b60        0x4 CMakeFiles/hallo_world.dir/Users/pschatzmann/Documents/Projects/cpp/pico-sdk/src/rp2_common/pico_double/double_aeabi.S.obj
 .preinit_array.00020
                0x0000000020000b64        0x4 CMakeFiles/hallo_world.dir/Users/pschatzmann/Documents/Projects/cpp/pico-sdk/src/rp2_common/pico_float/float_aeabi.S.obj
 *(.preinit_array)
                0x0000000020000b68                PROVIDE (__preinit_array_end = .)
                0x0000000020000b68                . = ALIGN (0x4)
                0x0000000020000b68                PROVIDE (__init_array_start = .)
 *(SORT_BY_NAME(.init_array.*))
 *(.init_array)